Archive member included to satisfy reference by file (symbol)

C:/Program Files (x86)/SEGGER/SEGGER Embedded Studio for ARM 5.42a/lib/libc_v7em_fpv4_sp_d16_hard_t_le_eabi.a(libc2.o)
                              Output/Release/Obj/saadc_pca10056/nrf_log_str_formatter.o (isprint)
C:/Program Files (x86)/SEGGER/SEGGER Embedded Studio for ARM 5.42a/lib/libc_v7em_fpv4_sp_d16_hard_t_le_eabi.a(libc2_asm.o)
                              Output/Release/Obj/saadc_pca10056/nrf_log_frontend.o (memcpy)
C:/Program Files (x86)/SEGGER/SEGGER Embedded Studio for ARM 5.42a/lib/libc_v7em_fpv4_sp_d16_hard_t_le_eabi.a(libvfprintf.o)
                              (__vfprintf_long)
C:/Program Files (x86)/SEGGER/SEGGER Embedded Studio for ARM 5.42a/lib/libc_v7em_fpv4_sp_d16_hard_t_le_eabi.a(libvfscanf.o)
                              (__vfscanf_long)
C:/Program Files (x86)/SEGGER/SEGGER Embedded Studio for ARM 5.42a/lib/libc_v7em_fpv4_sp_d16_hard_t_le_eabi.a(libc.o)
                              C:/Program Files (x86)/SEGGER/SEGGER Embedded Studio for ARM 5.42a/lib/libc_v7em_fpv4_sp_d16_hard_t_le_eabi.a(libc2.o) (__heap_lock)
C:/Program Files (x86)/SEGGER/SEGGER Embedded Studio for ARM 5.42a/lib/libc_v7em_fpv4_sp_d16_hard_t_le_eabi.a(libc_asm.o)
                              C:/Program Files (x86)/SEGGER/SEGGER Embedded Studio for ARM 5.42a/lib/libc_v7em_fpv4_sp_d16_hard_t_le_eabi.a(libc2.o) (__aeabi_uldivmod)
C:/Program Files (x86)/SEGGER/SEGGER Embedded Studio for ARM 5.42a/lib/libdebugio_v7em_fpv4_sp_d16_hard_t_le_eabi.a(libdebugio.o)
                              Output/Release/Obj/saadc_pca10056/thumb_crt0.o (debug_fopen)
C:/Program Files (x86)/SEGGER/SEGGER Embedded Studio for ARM 5.42a/lib/libdebugio_v7em_fpv4_sp_d16_hard_t_le_eabi.a(do_nv_debug_operation.o)
                              C:/Program Files (x86)/SEGGER/SEGGER Embedded Studio for ARM 5.42a/lib/libdebugio_v7em_fpv4_sp_d16_hard_t_le_eabi.a(libdebugio.o) (__do_nvdebug_operation)
C:/Program Files (x86)/SEGGER/SEGGER Embedded Studio for ARM 5.42a/lib/libdebugio_v7em_fpv4_sp_d16_hard_t_le_eabi.a(mempoll_debug_operations.o)
                              (__do_debug_operation_mempoll)
C:/Program Files (x86)/SEGGER/SEGGER Embedded Studio for ARM 5.42a/lib/libm_v7em_fpv4_sp_d16_hard_t_le_eabi.a(libm_asm.o)
                              C:/Program Files (x86)/SEGGER/SEGGER Embedded Studio for ARM 5.42a/lib/libc_v7em_fpv4_sp_d16_hard_t_le_eabi.a(libc2.o) (__aeabi_dadd)
C:/Program Files (x86)/SEGGER/SEGGER Embedded Studio for ARM 5.42a/lib/libm_v7em_fpv4_sp_d16_hard_t_le_eabi.a(libm2.o)
                              C:/Program Files (x86)/SEGGER/SEGGER Embedded Studio for ARM 5.42a/lib/libc_v7em_fpv4_sp_d16_hard_t_le_eabi.a(libvfprintf.o) (frexp)

Discarded input sections

 .text          0x00000000        0x0 Output/Release/Obj/saadc_pca10056/thumb_crt0.o
 .data          0x00000000        0x0 Output/Release/Obj/saadc_pca10056/thumb_crt0.o
 .bss           0x00000000        0x0 Output/Release/Obj/saadc_pca10056/thumb_crt0.o
 .text.__aeabi_read_tp
                0x00000000        0x8 Output/Release/Obj/saadc_pca10056/thumb_crt0.o
 .text.abort    0x00000000        0x2 Output/Release/Obj/saadc_pca10056/thumb_crt0.o
 .text.__assert
                0x00000000        0x2 Output/Release/Obj/saadc_pca10056/thumb_crt0.o
 .text.__assert_func
                0x00000000        0x2 Output/Release/Obj/saadc_pca10056/thumb_crt0.o
 .text.__aeabi_assert
                0x00000000        0x2 Output/Release/Obj/saadc_pca10056/thumb_crt0.o
 .text.__sync_synchronize
                0x00000000        0x2 Output/Release/Obj/saadc_pca10056/thumb_crt0.o
 .text.__getchar
                0x00000000        0x4 Output/Release/Obj/saadc_pca10056/thumb_crt0.o
 .text.__putchar
                0x00000000        0x4 Output/Release/Obj/saadc_pca10056/thumb_crt0.o
 .text.__open   0x00000000        0x4 Output/Release/Obj/saadc_pca10056/thumb_crt0.o
 .text.__close  0x00000000        0x4 Output/Release/Obj/saadc_pca10056/thumb_crt0.o
 .text.__write  0x00000000        0xa Output/Release/Obj/saadc_pca10056/thumb_crt0.o
 .text.__read   0x00000000        0xa Output/Release/Obj/saadc_pca10056/thumb_crt0.o
 .text.__seek   0x00000000       0x1a Output/Release/Obj/saadc_pca10056/thumb_crt0.o
 .text.remove   0x00000000        0x4 Output/Release/Obj/saadc_pca10056/thumb_crt0.o
 .text.rename   0x00000000        0x4 Output/Release/Obj/saadc_pca10056/thumb_crt0.o
 .bss.__user_locale_name_buffer
                0x00000000        0x4 Output/Release/Obj/saadc_pca10056/thumb_crt0.o
 .stack         0x00000000        0x0 Output/Release/Obj/saadc_pca10056/thumb_crt0.o
 .stack_process
                0x00000000        0x0 Output/Release/Obj/saadc_pca10056/thumb_crt0.o
 .heap          0x00000000        0x0 Output/Release/Obj/saadc_pca10056/thumb_crt0.o
 .group         0x00000000        0xc Output/Release/Obj/saadc_pca10056/nrf_log_backend_rtt.o
[...]
Memory Configuration

Name             Origin             Length             Attributes
UNPLACED_SECTIONS 0xffffffff         0x00000000         xw
RAM1             0x20000000         0x00040000         xw
FLASH1           0x00000000         0x00100000         xw
*default*        0x00000000         0xffffffff

Linker script and memory map

                0x00000000                __do_debug_operation = __do_debug_operation_mempoll
                0x00002790                __vfprintf = __vfprintf_long
                0x00000000                __vfscanf = __vfscanf_long
                0x20000000                __RAM1_segment_start__ = 0x20000000
                0x20040000                __RAM1_segment_end__ = 0x20040000
                0x00040000                __RAM1_segment_size__ = 0x40000
                0x00000000                __FLASH1_segment_start__ = 0x0
                0x00100000                __FLASH1_segment_end__ = 0x100000
                0x00100000                __FLASH1_segment_size__ = 0x100000
                0x00002000                __HEAPSIZE__ = 0x2000
                0x00000000                __STACKSIZE_PROCESS__ = 0x0
                0x00002000                __STACKSIZE__ = 0x2000
                0x20000000                __vectors_ram_load_start__ = 0x20000000

.vectors_ram    0x20000000        0x0
                0x20000000                __vectors_ram_start__ = .
                0x20000000                __app_ram_start__ = __vectors_ram_start__
 *(.vectors_ram .vectors_ram.*)
                0x20000000                __vectors_ram_end__ = (__vectors_ram_start__ + SIZEOF (.vectors_ram))
                0x00000000                __vectors_ram_size__ = SIZEOF (.vectors_ram)
                0x20000000                __vectors_ram_load_end__ = __vectors_ram_end__
                0x00000001                . = ASSERT (((__vectors_ram_start__ == __vectors_ram_end__) || ((__vectors_ram_end__ - __RAM1_segment_start__) <= __RAM1_segment_size__)), error: .vectors_ram is too large to fit in RAM1 memory segment)
                0x20000000                __nrf_sections_run_load_start__ = ALIGN (__vectors_ram_end__, 0x4)

.nrf_sections_run
                0x20000000        0x0
                0x20000000                __nrf_sections_run_start__ = .
                0x20000000                __start_nrf_sections_run = __nrf_sections_run_start__
 *(.nrf_sections_run .nrf_sections_run.*)
                0x20000000                __nrf_sections_run_end__ = (__nrf_sections_run_start__ + SIZEOF (.nrf_sections_run))
                0x00000000                __nrf_sections_run_size__ = SIZEOF (.nrf_sections_run)
                0x20000000                __nrf_sections_run_load_end__ = __nrf_sections_run_end__
                0x00000001                . = ASSERT (((__nrf_sections_run_start__ == __nrf_sections_run_end__) || ((__nrf_sections_run_end__ - __RAM1_segment_start__) <= __RAM1_segment_size__)), error: .nrf_sections_run is too large to fit in RAM1 memory segment)
                0x00000000                __vectors_load_start__ = 0x0

.vectors        0x00000000      0x200
                0x00000000                __vectors_start__ = .
 *(.vectors .vectors.*)
 .vectors       0x00000000      0x200 Output/Release/Obj/saadc_pca10056/ses_startup_nrf52840.o
                0x00000000                _vectors
                0x00000200                __vectors_end__ = (__vectors_start__ + SIZEOF (.vectors))
                0x00000200                __vectors_size__ = SIZEOF (.vectors)
                0x00000200                __vectors_load_end__ = __vectors_end__
                0x00000001                . = ASSERT (((__vectors_start__ == __vectors_end__) || ((__vectors_end__ - __FLASH1_segment_start__) <= __FLASH1_segment_size__)), error: .vectors is too large to fit in FLASH1 memory segment)
                0x00000200                __init_load_start__ = ALIGN (__vectors_end__, 0x4)

.init           0x00000200      0x1d0
                0x00000200                __init_start__ = .
 *(.init .init.*)
 .init          0x00000200      0x15c Output/Release/Obj/saadc_pca10056/thumb_crt0.o
                0x00000200                _start
                0x000002b4                exit
 .init          0x0000035c       0x18 Output/Release/Obj/saadc_pca10056/ses_startup_nrf52840.o
                0x0000035c                NMI_Handler
                0x0000035e                HardFault_Handler
                0x00000360                MemoryManagement_Handler
                0x00000362                BusFault_Handler
                0x00000364                UsageFault_Handler
                0x00000366                SVC_Handler
                0x00000368                DebugMon_Handler
                0x0000036a                PendSV_Handler
                0x0000036c                SysTick_Handler
                0x0000036e                PWM1_IRQHandler
                0x0000036e                GPIOTE_IRQHandler
                0x0000036e                RTC0_IRQHandler
                0x0000036e                POWER_CLOCK_IRQHandler
                0x0000036e                RADIO_IRQHandler
                0x0000036e                SWI2_EGU2_IRQHandler
                0x0000036e                TEMP_IRQHandler
                0x0000036e                QDEC_IRQHandler
                0x0000036e                TIMER3_IRQHandler
                0x0000036e                PWM3_IRQHandler
                0x0000036e                FPU_IRQHandler
                0x0000036e                USBD_IRQHandler
                0x0000036e                SPIM0_SPIS0_TWIM0_TWIS0_SPI0_TWI0_IRQHandler
                0x0000036e                QSPI_IRQHandler
                0x0000036e                PDM_IRQHandler
                0x0000036e                CRYPTOCELL_IRQHandler
                0x0000036e                I2S_IRQHandler
                0x0000036e                SWI4_EGU4_IRQHandler
                0x0000036e                UARTE1_IRQHandler
                0x0000036e                Dummy_Handler
                0x0000036e                TIMER1_IRQHandler
                0x0000036e                SPIM3_IRQHandler
                0x0000036e                PWM2_IRQHandler
                0x0000036e                ECB_IRQHandler
                0x0000036e                SPIM1_SPIS1_TWIM1_TWIS1_SPI1_TWI1_IRQHandler
                0x0000036e                CCM_AAR_IRQHandler
                0x0000036e                WDT_IRQHandler
                0x0000036e                SWI0_EGU0_IRQHandler
                0x0000036e                SWI5_EGU5_IRQHandler
                0x0000036e                RNG_IRQHandler
                0x0000036e                RTC2_IRQHandler
                0x0000036e                PWM0_IRQHandler
                0x0000036e                SWI3_EGU3_IRQHandler
                0x0000036e                RTC1_IRQHandler
                0x0000036e                SWI1_EGU1_IRQHandler
                0x0000036e                SPIM2_SPIS2_SPI2_IRQHandler
                0x0000036e                NFCT_IRQHandler
                0x0000036e                TIMER4_IRQHandler
                0x0000036e                MWU_IRQHandler
                0x0000036e                TIMER2_IRQHandler
                0x0000036e                COMP_LPCOMP_IRQHandler
                0x00000370                nRFInitialize
 .init          0x00000374       0x5c Output/Release/Obj/saadc_pca10056/ses_startup_nrf_common.o
                0x00000374                Reset_Handler
                0x00000378                afterInitialize
                0x0000039c                InitializeUserMemorySections
                0x000003d0                __init_end__ = (__init_start__ + SIZEOF (.init))
                0x000001d0                __init_size__ = SIZEOF (.init)
                0x000003d0                __init_load_end__ = __init_end__
                0x00000001                . = ASSERT (((__init_start__ == __init_end__) || ((__init_end__ - __FLASH1_segment_start__) <= __FLASH1_segment_size__)), error: .init is too large to fit in FLASH1 memory segment)
                0x000003d0                __init_rodata_load_start__ = ALIGN (__init_end__, 0x4)

.init_rodata    0x000003d0        0x0
                0x000003d0                __init_rodata_start__ = .
 *(.init_rodata .init_rodata.*)
                0x000003d0                __init_rodata_end__ = (__init_rodata_start__ + SIZEOF (.init_rodata))
                0x00000000                __init_rodata_size__ = SIZEOF (.init_rodata)
                0x000003d0                __init_rodata_load_end__ = __init_rodata_end__
                0x00000001                . = ASSERT (((__init_rodata_start__ == __init_rodata_end__) || ((__init_rodata_end__ - __FLASH1_segment_start__) <= __FLASH1_segment_size__)), error: .init_rodata is too large to fit in FLASH1 memory segment)
                0x000003d0                __text_load_start__ = ALIGN (__init_rodata_end__, 0x4)

.text           0x000003d0     0x29f8
                0x000003d0                __text_start__ = .
 *(.text .text.* .glue_7t .glue_7 .gnu.linkonce.t.* .gcc_except_table .ARM.extab* .gnu.linkonce.armextab.*)
 .glue_7        0x000003d0        0x0 linker stubs
 .glue_7t       0x000003d0        0x0 linker stubs
 .text.nrf_log_backend_rtt_flush
                0x000003d0        0x2 Output/Release/Obj/saadc_pca10056/nrf_log_backend_rtt.o
 *fill*         0x000003d2        0x2 
 .text.nrf_log_backend_rtt_put
                0x000003d4       0x1c Output/Release/Obj/saadc_pca10056/nrf_log_backend_rtt.o
 .text.serial_tx
                0x000003f0       0x50 Output/Release/Obj/saadc_pca10056/nrf_log_backend_rtt.o
 .text.nrf_log_backend_rtt_panic_set
                0x00000440        0x2 Output/Release/Obj/saadc_pca10056/nrf_log_backend_rtt.o
 .text.nrf_log_backend_rtt_init
                0x00000442        0x4 Output/Release/Obj/saadc_pca10056/nrf_log_backend_rtt.o
                0x00000442                nrf_log_backend_rtt_init
 .text.nrf_log_backend_serial_put
                0x00000446       0xc2 Output/Release/Obj/saadc_pca10056/nrf_log_backend_serial.o
                0x00000446                nrf_log_backend_serial_put
 .text.uart_evt_handler
                0x00000508        0xc Output/Release/Obj/saadc_pca10056/nrf_log_backend_uart.o
 .text.nrf_log_backend_uart_flush
                0x00000514        0x2 Output/Release/Obj/saadc_pca10056/nrf_log_backend_uart.o
 *fill*         0x00000516        0x2 
 .text.uart_init
                0x00000518       0x50 Output/Release/Obj/saadc_pca10056/nrf_log_backend_uart.o
 .text.nrf_log_backend_uart_put
                0x00000568       0x1c Output/Release/Obj/saadc_pca10056/nrf_log_backend_uart.o
 .text.serial_tx
                0x00000584       0x48 Output/Release/Obj/saadc_pca10056/nrf_log_backend_uart.o
 .text.nrf_log_backend_uart_panic_set
                0x000005cc       0x2c Output/Release/Obj/saadc_pca10056/nrf_log_backend_uart.o
 .text.nrf_log_backend_uart_init
                0x000005f8        0x6 Output/Release/Obj/saadc_pca10056/nrf_log_backend_uart.o
                0x000005f8                nrf_log_backend_uart_init
 *fill*         0x000005fe        0x2 
 .text.nrf_log_default_backends_init
                0x00000600       0x38 Output/Release/Obj/saadc_pca10056/nrf_log_default_backends.o
                0x00000600                nrf_log_default_backends_init
 .text.invalid_packets_omit
                0x00000638       0x3a Output/Release/Obj/saadc_pca10056/nrf_log_frontend.o
 *fill*         0x00000672        0x2 
 .text.buf_prealloc
                0x00000674      0x11c Output/Release/Obj/saadc_pca10056/nrf_log_frontend.o
 .text.nrf_log_init
                0x00000790       0x28 Output/Release/Obj/saadc_pca10056/nrf_log_frontend.o
                0x00000790                nrf_log_init
 .text.nrf_log_module_name_get
                0x000007b8       0x38 Output/Release/Obj/saadc_pca10056/nrf_log_frontend.o
                0x000007b8                nrf_log_module_name_get
 .text.nrf_log_color_id_get
                0x000007f0       0x2c Output/Release/Obj/saadc_pca10056/nrf_log_frontend.o
                0x000007f0                nrf_log_color_id_get
 .text.log_pending_hook
                0x0000081c        0x2 Output/Release/Obj/saadc_pca10056/nrf_log_frontend.o
                0x0000081c                log_pending_hook
 *fill*         0x0000081e        0x2 
 .text.buffer_is_empty
                0x00000820       0x14 Output/Release/Obj/saadc_pca10056/nrf_log_frontend.o
                0x00000820                buffer_is_empty
 .text.nrf_log_frontend_dequeue
                0x00000834      0x200 Output/Release/Obj/saadc_pca10056/nrf_log_frontend.o
                0x00000834                nrf_log_frontend_dequeue
 .text.std_n    0x00000a34       0x90 Output/Release/Obj/saadc_pca10056/nrf_log_frontend.o
 .text.nrf_log_frontend_std_0
                0x00000ac4        0x8 Output/Release/Obj/saadc_pca10056/nrf_log_frontend.o
                0x00000ac4                nrf_log_frontend_std_0
 .text.nrf_log_frontend_std_1
                0x00000acc       0x12 Output/Release/Obj/saadc_pca10056/nrf_log_frontend.o
                0x00000acc                nrf_log_frontend_std_1
 *fill*         0x00000ade        0x2 
 .text.nrf_log_backend_add
                0x00000ae0       0x44 Output/Release/Obj/saadc_pca10056/nrf_log_frontend.o
                0x00000ae0                nrf_log_backend_add
 .text.nrf_log_panic
                0x00000b24       0x28 Output/Release/Obj/saadc_pca10056/nrf_log_frontend.o
                0x00000b24                nrf_log_panic
 .text.prefix_process
                0x00000b4c       0x7c Output/Release/Obj/saadc_pca10056/nrf_log_str_formatter.o
 .text.postfix_process
                0x00000bc8       0x44 Output/Release/Obj/saadc_pca10056/nrf_log_str_formatter.o
 .text.nrf_log_std_entry_process
                0x00000c0c       0xc8 Output/Release/Obj/saadc_pca10056/nrf_log_str_formatter.o
                0x00000c0c                nrf_log_std_entry_process
 .text.nrf_log_hexdump_entry_process
                0x00000cd4       0xb8 Output/Release/Obj/saadc_pca10056/nrf_log_str_formatter.o
                0x00000cd4                nrf_log_hexdump_entry_process
 .text.app_error_handler_bare
                0x00000d8c       0x1a Output/Release/Obj/saadc_pca10056/app_error.o
                0x00000d8c                app_error_handler_bare
 *fill*         0x00000da6        0x2 
 .text.app_error_fault_handler
                0x00000da8       0x6c Output/Release/Obj/saadc_pca10056/app_error_weak.o
                0x00000da8                app_error_fault_handler
 .text.app_util_disable_irq
                0x00000e14       0x10 Output/Release/Obj/saadc_pca10056/app_util_platform.o
                0x00000e14                app_util_disable_irq
 .text.app_util_enable_irq
                0x00000e24       0x14 Output/Release/Obj/saadc_pca10056/app_util_platform.o
                0x00000e24                app_util_enable_irq
 .text.app_util_critical_region_enter
                0x00000e38        0x4 Output/Release/Obj/saadc_pca10056/app_util_platform.o
                0x00000e38                app_util_critical_region_enter
 .text.app_util_critical_region_exit
                0x00000e3c        0x4 Output/Release/Obj/saadc_pca10056/app_util_platform.o
                0x00000e3c                app_util_critical_region_exit
 .text.nrf_atomic_u32_fetch_store
                0x00000e40       0x16 Output/Release/Obj/saadc_pca10056/nrf_atomic.o
                0x00000e40                nrf_atomic_u32_fetch_store
 .text.nrf_atomic_u32_or
                0x00000e56       0x18 Output/Release/Obj/saadc_pca10056/nrf_atomic.o
                0x00000e56                nrf_atomic_u32_or
 .text.nrf_atomic_u32_fetch_and
                0x00000e6e       0x18 Output/Release/Obj/saadc_pca10056/nrf_atomic.o
                0x00000e6e                nrf_atomic_u32_fetch_and
 .text.nrf_atomic_u32_add
                0x00000e86       0x18 Output/Release/Obj/saadc_pca10056/nrf_atomic.o
                0x00000e86                nrf_atomic_u32_add
 .text.nrf_atomic_u32_sub
                0x00000e9e       0x18 Output/Release/Obj/saadc_pca10056/nrf_atomic.o
                0x00000e9e                nrf_atomic_u32_sub
 .text.nrf_atomic_flag_set
                0x00000eb6        0x6 Output/Release/Obj/saadc_pca10056/nrf_atomic.o
                0x00000eb6                nrf_atomic_flag_set
 .text.nrf_atomic_flag_clear_fetch
                0x00000ebc        0x6 Output/Release/Obj/saadc_pca10056/nrf_atomic.o
                0x00000ebc                nrf_atomic_flag_clear_fetch
 .text.nrf_balloc_init
                0x00000ec2       0x2e Output/Release/Obj/saadc_pca10056/nrf_balloc.o
                0x00000ec2                nrf_balloc_init
 .text.nrf_balloc_alloc
                0x00000ef0       0x40 Output/Release/Obj/saadc_pca10056/nrf_balloc.o
                0x00000ef0                nrf_balloc_alloc
 .text.nrf_balloc_free
                0x00000f30       0x2a Output/Release/Obj/saadc_pca10056/nrf_balloc.o
                0x00000f30                nrf_balloc_free
 .text.nrf_fprintf_buffer_flush
                0x00000f5a       0x16 Output/Release/Obj/saadc_pca10056/nrf_fprintf.o
                0x00000f5a                nrf_fprintf_buffer_flush
 .text.nrf_fprintf
                0x00000f70       0x1c Output/Release/Obj/saadc_pca10056/nrf_fprintf.o
                0x00000f70                nrf_fprintf
 .text.buffer_add
                0x00000f8c       0x1e Output/Release/Obj/saadc_pca10056/nrf_fprintf_format.o
 *fill*         0x00000faa        0x2 
 .text.unsigned_print
                0x00000fac       0xb4 Output/Release/Obj/saadc_pca10056/nrf_fprintf_format.o
 .text.nrf_fprintf_fmt
                0x00001060      0x294 Output/Release/Obj/saadc_pca10056/nrf_fprintf_format.o
                0x00001060                nrf_fprintf_fmt
 .text.memobj_op
                0x000012f4       0x86 Output/Release/Obj/saadc_pca10056/nrf_memobj.o
 .text.nrf_memobj_pool_init
                0x0000137a        0x4 Output/Release/Obj/saadc_pca10056/nrf_memobj.o
                0x0000137a                nrf_memobj_pool_init
 .text.nrf_memobj_free
                0x0000137e       0x2c Output/Release/Obj/saadc_pca10056/nrf_memobj.o
                0x0000137e                nrf_memobj_free
 .text.nrf_memobj_alloc
                0x000013aa       0x5e Output/Release/Obj/saadc_pca10056/nrf_memobj.o
                0x000013aa                nrf_memobj_alloc
 .text.nrf_memobj_get
                0x00001408        0x8 Output/Release/Obj/saadc_pca10056/nrf_memobj.o
                0x00001408                nrf_memobj_get
 .text.nrf_memobj_put
                0x00001410       0x1c Output/Release/Obj/saadc_pca10056/nrf_memobj.o
                0x00001410                nrf_memobj_put
 .text.nrf_memobj_write
                0x0000142c       0x14 Output/Release/Obj/saadc_pca10056/nrf_memobj.o
                0x0000142c                nrf_memobj_write
 .text.nrf_memobj_read
                0x00001440       0x14 Output/Release/Obj/saadc_pca10056/nrf_memobj.o
                0x00001440                nrf_memobj_read
 .text.nrf_ringbuf_init
                0x00001454       0x12 Output/Release/Obj/saadc_pca10056/nrf_ringbuf.o
                0x00001454                nrf_ringbuf_init
 *fill*         0x00001466        0x2 
 .text.uarte_evt_handler
                0x00001468       0x34 Output/Release/Obj/saadc_pca10056/nrf_drv_uart.o
 .text.uart_evt_handler
                0x0000149c       0x34 Output/Release/Obj/saadc_pca10056/nrf_drv_uart.o
 .text.nrf_drv_uart_init
                0x000014d0       0x7c Output/Release/Obj/saadc_pca10056/nrf_drv_uart.o
                0x000014d0                nrf_drv_uart_init
 .text.UARTE0_UART0_IRQHandler
                0x0000154c        0xc Output/Release/Obj/saadc_pca10056/nrfx_prs.o
                0x0000154c                UARTE0_UART0_IRQHandler
 .text.nrfx_prs_acquire
                0x00001558       0x38 Output/Release/Obj/saadc_pca10056/nrfx_prs.o
                0x00001558                nrfx_prs_acquire
 .text.nrfx_prs_release
                0x00001590       0x18 Output/Release/Obj/saadc_pca10056/nrfx_prs.o
                0x00001590                nrfx_prs_release
 .text.nrf_saadc_event_clear
                0x000015a8       0x18 Output/Release/Obj/saadc_pca10056/nrfx_saadc.o
 .text.SAADC_IRQHandler
                0x000015c0      0x154 Output/Release/Obj/saadc_pca10056/nrfx_saadc.o
                0x000015c0                SAADC_IRQHandler
 .text.TIMER0_IRQHandler
                0x00001714       0x54 Output/Release/Obj/saadc_pca10056/nrfx_timer.o
                0x00001714                TIMER0_IRQHandler
 .text.nrf_uart_event_clear
                0x00001768       0x10 Output/Release/Obj/saadc_pca10056/nrfx_uart.o
 .text.tx_byte  0x00001778       0x1e Output/Release/Obj/saadc_pca10056/nrfx_uart.o
 .text.rx_byte  0x00001796       0x2c Output/Release/Obj/saadc_pca10056/nrfx_uart.o
 *fill*         0x000017c2        0x2 
 .text.rx_done_event.constprop.0
                0x000017c4       0x20 Output/Release/Obj/saadc_pca10056/nrfx_uart.o
 .text.nrfx_uart_0_irq_handler
                0x000017e4      0x140 Output/Release/Obj/saadc_pca10056/nrfx_uart.o
                0x000017e4                nrfx_uart_0_irq_handler
 .text.nrf_gpio_cfg_default
                0x00001924       0x20 Output/Release/Obj/saadc_pca10056/nrfx_uart.o
 .text.nrfx_uart_init
                0x00001944      0x1a0 Output/Release/Obj/saadc_pca10056/nrfx_uart.o
                0x00001944                nrfx_uart_init
 .text.nrfx_uart_uninit
                0x00001ae4       0xb8 Output/Release/Obj/saadc_pca10056/nrfx_uart.o
                0x00001ae4                nrfx_uart_uninit
 .text.nrfx_uart_tx_in_progress
                0x00001b9c       0x18 Output/Release/Obj/saadc_pca10056/nrfx_uart.o
                0x00001b9c                nrfx_uart_tx_in_progress
 .text.nrfx_uart_tx
                0x00001bb4       0xa0 Output/Release/Obj/saadc_pca10056/nrfx_uart.o
                0x00001bb4                nrfx_uart_tx
 .text.nrf_uarte_event_clear
                0x00001c54       0x10 Output/Release/Obj/saadc_pca10056/nrfx_uarte.o
 .text.rx_done_event.constprop.0
                0x00001c64       0x20 Output/Release/Obj/saadc_pca10056/nrfx_uarte.o
 .text.nrfx_uarte_0_irq_handler
                0x00001c84      0x118 Output/Release/Obj/saadc_pca10056/nrfx_uarte.o
                0x00001c84                nrfx_uarte_0_irq_handler
 .text.nrf_gpio_cfg_default
                0x00001d9c       0x20 Output/Release/Obj/saadc_pca10056/nrfx_uarte.o
 .text.nrfx_uarte_init
                0x00001dbc      0x1b8 Output/Release/Obj/saadc_pca10056/nrfx_uarte.o
                0x00001dbc                nrfx_uarte_init
 .text.nrfx_uarte_uninit
                0x00001f74      0x108 Output/Release/Obj/saadc_pca10056/nrfx_uarte.o
                0x00001f74                nrfx_uarte_uninit
 .text.nrfx_uarte_tx_in_progress
                0x0000207c       0x18 Output/Release/Obj/saadc_pca10056/nrfx_uarte.o
                0x0000207c                nrfx_uarte_tx_in_progress
 .text.nrfx_uarte_tx
                0x00002094       0x9c Output/Release/Obj/saadc_pca10056/nrfx_uarte.o
                0x00002094                nrfx_uarte_tx
 .text.startup.main
                0x00002130       0x68 Output/Release/Obj/saadc_pca10056/main.o
                0x00002130                main
 .text._GetAvailWriteSpace
                0x00002198       0x12 Output/Release/Obj/saadc_pca10056/SEGGER_RTT.o
 .text._WriteNoCheck
                0x000021aa       0x38 Output/Release/Obj/saadc_pca10056/SEGGER_RTT.o
 .text._WriteBlocking
                0x000021e2       0x52 Output/Release/Obj/saadc_pca10056/SEGGER_RTT.o
 .text._DoInit  0x00002234       0x60 Output/Release/Obj/saadc_pca10056/SEGGER_RTT.o
 .text.SEGGER_RTT_WriteNoLock
                0x00002294       0x60 Output/Release/Obj/saadc_pca10056/SEGGER_RTT.o
                0x00002294                SEGGER_RTT_WriteNoLock
 .text.SEGGER_RTT_Init
                0x000022f4        0x4 Output/Release/Obj/saadc_pca10056/SEGGER_RTT.o
                0x000022f4                SEGGER_RTT_Init
 .text.nrf52_errata_36
                0x000022f8       0x12 Output/Release/Obj/saadc_pca10056/system_nrf52840.o
 *fill*         0x0000230a        0x2 
 .text.nrf52_errata_98
                0x0000230c       0x24 Output/Release/Obj/saadc_pca10056/system_nrf52840.o
 .text.nvmc_wait
                0x00002330       0x10 Output/Release/Obj/saadc_pca10056/system_nrf52840.o
                0x00002330                nvmc_wait
 .text.SystemInit
                0x00002340      0x1e8 Output/Release/Obj/saadc_pca10056/system_nrf52840.o
                0x00002340                SystemInit
 .text.libc.__RAL_ascii_isctype
                0x00002528       0x1c C:/Program Files (x86)/SEGGER/SEGGER Embedded Studio for ARM 5.42a/lib/libc_v7em_fpv4_sp_d16_hard_t_le_eabi.a(libc2.o)
 .text.libc.__RAL_ascii_toupper
                0x00002544        0xc C:/Program Files (x86)/SEGGER/SEGGER Embedded Studio for ARM 5.42a/lib/libc_v7em_fpv4_sp_d16_hard_t_le_eabi.a(libc2.o)
 .text.libc.__RAL_ascii_tolower
                0x00002550        0xc C:/Program Files (x86)/SEGGER/SEGGER Embedded Studio for ARM 5.42a/lib/libc_v7em_fpv4_sp_d16_hard_t_le_eabi.a(libc2.o)
 .text.libc.__RAL_ascii_iswctype
                0x0000255c       0x1c C:/Program Files (x86)/SEGGER/SEGGER Embedded Studio for ARM 5.42a/lib/libc_v7em_fpv4_sp_d16_hard_t_le_eabi.a(libc2.o)
 .text.libc.__RAL_ascii_towupper
                0x00002578        0xc C:/Program Files (x86)/SEGGER/SEGGER Embedded Studio for ARM 5.42a/lib/libc_v7em_fpv4_sp_d16_hard_t_le_eabi.a(libc2.o)
 .text.libc.__RAL_ascii_towlower
                0x00002584        0xc C:/Program Files (x86)/SEGGER/SEGGER Embedded Studio for ARM 5.42a/lib/libc_v7em_fpv4_sp_d16_hard_t_le_eabi.a(libc2.o)
 .text.libc.__RAL_ascii_wctomb
                0x00002590        0xe C:/Program Files (x86)/SEGGER/SEGGER Embedded Studio for ARM 5.42a/lib/libc_v7em_fpv4_sp_d16_hard_t_le_eabi.a(libc2.o)
                0x00002590                __RAL_ascii_wctomb
 .text.libc.__RAL_ascii_mbtowc
                0x0000259e       0x24 C:/Program Files (x86)/SEGGER/SEGGER Embedded Studio for ARM 5.42a/lib/libc_v7em_fpv4_sp_d16_hard_t_le_eabi.a(libc2.o)
                0x0000259e                __RAL_ascii_mbtowc
 .text.libc.__putc
                0x000025c2       0x36 C:/Program Files (x86)/SEGGER/SEGGER Embedded Studio for ARM 5.42a/lib/libc_v7em_fpv4_sp_d16_hard_t_le_eabi.a(libc2.o)
                0x000025c2                __putc
 .text.libc.__RAL_print_padding
                0x000025f8       0x1c C:/Program Files (x86)/SEGGER/SEGGER Embedded Studio for ARM 5.42a/lib/libc_v7em_fpv4_sp_d16_hard_t_le_eabi.a(libc2.o)
                0x000025f8                __RAL_print_padding
 .text.libc.__RAL_pre_padding
                0x00002614       0x1a C:/Program Files (x86)/SEGGER/SEGGER Embedded Studio for ARM 5.42a/lib/libc_v7em_fpv4_sp_d16_hard_t_le_eabi.a(libc2.o)
                0x00002614                __RAL_pre_padding
 *fill*         0x0000262e        0x2 
 .text.libc.__RAL_isctype
                0x00002630       0x14 C:/Program Files (x86)/SEGGER/SEGGER Embedded Studio for ARM 5.42a/lib/libc_v7em_fpv4_sp_d16_hard_t_le_eabi.a(libc2.o)
                0x00002630                __RAL_isctype
 .text.libc.isprint
                0x00002644        0xa C:/Program Files (x86)/SEGGER/SEGGER Embedded Studio for ARM 5.42a/lib/libc_v7em_fpv4_sp_d16_hard_t_le_eabi.a(libc2.o)
                0x00002644                isprint
 .text.libc.sprintf
                0x0000264e       0x2a C:/Program Files (x86)/SEGGER/SEGGER Embedded Studio for ARM 5.42a/lib/libc_v7em_fpv4_sp_d16_hard_t_le_eabi.a(libc2.o)
                0x0000264e                sprintf
 .text.libc.strnlen
                0x00002678       0x22 C:/Program Files (x86)/SEGGER/SEGGER Embedded Studio for ARM 5.42a/lib/libc_v7em_fpv4_sp_d16_hard_t_le_eabi.a(libc2.o)
                0x00002678                strnlen
 .text.libc.memcpy
                0x0000269a       0x52 C:/Program Files (x86)/SEGGER/SEGGER Embedded Studio for ARM 5.42a/lib/libc_v7em_fpv4_sp_d16_hard_t_le_eabi.a(libc2_asm.o)
                0x0000269a                __aeabi_memcpy
                0x0000269a                memcpy
                0x000026a6                __aeabi_memcpy8
                0x000026a6                __aeabi_memcpy4
 .text.libc.strcpy
                0x000026ec       0x44 C:/Program Files (x86)/SEGGER/SEGGER Embedded Studio for ARM 5.42a/lib/libc_v7em_fpv4_sp_d16_hard_t_le_eabi.a(libc2_asm.o)
                0x000026ec                strcpy
 .text.libc.strlen
                0x00002730       0x60 C:/Program Files (x86)/SEGGER/SEGGER Embedded Studio for ARM 5.42a/lib/libc_v7em_fpv4_sp_d16_hard_t_le_eabi.a(libc2_asm.o)
                0x00002730                strlen
 .text.libc.__vfprintf_long
                0x00002790      0x638 C:/Program Files (x86)/SEGGER/SEGGER Embedded Studio for ARM 5.42a/lib/libc_v7em_fpv4_sp_d16_hard_t_le_eabi.a(libvfprintf.o)
                0x00002790                __vfprintf_long
                0x00002dc8                . = ALIGN (MAX ((__text_start__ + 0x4), .), 0x4)
                0x00002dc8                __text_end__ = (__text_start__ + SIZEOF (.text))
                0x000029f8                __text_size__ = SIZEOF (.text)
                0x00002dc8                __text_load_end__ = __text_end__

.vfp11_veneer   0x00000000        0x0
 .vfp11_veneer  0x00000000        0x0 linker stubs

.v4_bx          0x00000000        0x0
 .v4_bx         0x00000000        0x0 linker stubs

.iplt           0x00000000        0x0
 .iplt          0x00000000        0x0 Output/Release/Obj/saadc_pca10056/thumb_crt0.o
                0x00000001                . = ASSERT (((__text_start__ == __text_end__) || ((__text_end__ - __FLASH1_segment_start__) <= __FLASH1_segment_size__)), error: .text is too large to fit in FLASH1 memory segment)
                0x00002dc8                __pwr_mgmt_data_load_start__ = ALIGN (__text_end__, 0x4)

.pwr_mgmt_data  0x00002dc8        0x0
                0x00002dc8                __pwr_mgmt_data_start__ = .
                0x00002dc8                __start_pwr_mgmt_data = __pwr_mgmt_data_start__
 *(SORT_BY_NAME(.pwr_mgmt_data*))
                0x00002dc8                __pwr_mgmt_data_end__ = (__pwr_mgmt_data_start__ + SIZEOF (.pwr_mgmt_data))
                0x00000000                __pwr_mgmt_data_size__ = SIZEOF (.pwr_mgmt_data)
                0x00002dc8                __stop_pwr_mgmt_data = __pwr_mgmt_data_end__
                0x00002dc8                __pwr_mgmt_data_load_end__ = __pwr_mgmt_data_end__
                0x00000001                . = ASSERT (((__pwr_mgmt_data_start__ == __pwr_mgmt_data_end__) || ((__pwr_mgmt_data_end__ - __FLASH1_segment_start__) <= __FLASH1_segment_size__)), error: .pwr_mgmt_data is too large to fit in FLASH1 memory segment)
                0x00002dc8                __log_const_data_load_start__ = ALIGN (__pwr_mgmt_data_end__, 0x4)

.log_const_data
                0x00002dc8       0x40
                0x00002dc8                __log_const_data_start__ = .
                0x00002dc8                __start_log_const_data = __log_const_data_start__
 *(SORT_BY_NAME(.log_const_data*))
 .log_const_data_PPI
                0x00002dc8        0x8 Output/Release/Obj/saadc_pca10056/nrfx_ppi.o
                0x00002dc8                m_nrf_log_PPI_logs_data_const
 .log_const_data_PRS
                0x00002dd0        0x8 Output/Release/Obj/saadc_pca10056/nrfx_prs.o
                0x00002dd0                m_nrf_log_PRS_logs_data_const
 .log_const_data_SAADC
                0x00002dd8        0x8 Output/Release/Obj/saadc_pca10056/nrfx_saadc.o
                0x00002dd8                m_nrf_log_SAADC_logs_data_const
 .log_const_data_TIMER
                0x00002de0        0x8 Output/Release/Obj/saadc_pca10056/nrfx_timer.o
                0x00002de0                m_nrf_log_TIMER_logs_data_const
 .log_const_data_UART
                0x00002de8        0x8 Output/Release/Obj/saadc_pca10056/nrfx_uart.o
                0x00002de8                m_nrf_log_UART_logs_data_const
 .log_const_data_UARTE
                0x00002df0        0x8 Output/Release/Obj/saadc_pca10056/nrfx_uarte.o
                0x00002df0                m_nrf_log_UARTE_logs_data_const
 .log_const_data_app
                0x00002df8        0x8 Output/Release/Obj/saadc_pca10056/nrf_log_frontend.o
                0x00002df8                m_nrf_log_app_logs_data_const
 .log_const_data_pwr_mgmt
                0x00002e00        0x8 Output/Release/Obj/saadc_pca10056/nrf_pwr_mgmt.o
                0x00002e00                m_nrf_log_pwr_mgmt_logs_data_const
                0x00002e08                __log_const_data_end__ = (__log_const_data_start__ + SIZEOF (.log_const_data))
                0x00000040                __log_const_data_size__ = SIZEOF (.log_const_data)
                0x00002e08                __stop_log_const_data = __log_const_data_end__
                0x00002e08                __log_const_data_load_end__ = __log_const_data_end__
                0x00000001                . = ASSERT (((__log_const_data_start__ == __log_const_data_end__) || ((__log_const_data_end__ - __FLASH1_segment_start__) <= __FLASH1_segment_size__)), error: .log_const_data is too large to fit in FLASH1 memory segment)
                0x00002e08                __log_backends_load_start__ = ALIGN (__log_const_data_end__, 0x4)

.log_backends   0x00002e08       0x20
                0x00002e08                __log_backends_start__ = .
                0x00002e08                __start_log_backends = __log_backends_start__
 *(SORT_BY_NAME(.log_backends*))
 .log_backends  0x00002e08       0x20 Output/Release/Obj/saadc_pca10056/nrf_log_default_backends.o
                0x00002e28                __log_backends_end__ = (__log_backends_start__ + SIZEOF (.log_backends))
                0x00000020                __log_backends_size__ = SIZEOF (.log_backends)
                0x00002e28                __stop_log_backends = __log_backends_end__
                0x00002e28                __log_backends_load_end__ = __log_backends_end__
                0x00000001                . = ASSERT (((__log_backends_start__ == __log_backends_end__) || ((__log_backends_end__ - __FLASH1_segment_start__) <= __FLASH1_segment_size__)), error: .log_backends is too large to fit in FLASH1 memory segment)
                0x00002e28                __nrf_balloc_load_start__ = ALIGN (__log_backends_end__, 0x4)

.nrf_balloc     0x00002e28       0x14
                0x00002e28                __nrf_balloc_start__ = .
                0x00002e28                __start_nrf_balloc = __nrf_balloc_start__
 *(.nrf_balloc*)
 .nrf_balloc    0x00002e28       0x14 Output/Release/Obj/saadc_pca10056/nrf_log_frontend.o
                0x00002e28                log_mempool
                0x00002e3c                __nrf_balloc_end__ = (__nrf_balloc_start__ + SIZEOF (.nrf_balloc))
                0x00000014                __nrf_balloc_size__ = SIZEOF (.nrf_balloc)
                0x00002e3c                __stop_nrf_balloc = __nrf_balloc_end__
                0x00002e3c                __nrf_balloc_load_end__ = __nrf_balloc_end__
                0x00000001                . = ASSERT (((__nrf_balloc_start__ == __nrf_balloc_end__) || ((__nrf_balloc_end__ - __FLASH1_segment_start__) <= __FLASH1_segment_size__)), error: .nrf_balloc is too large to fit in FLASH1 memory segment)
                0x00002e3c                __nrf_sections_load_start__ = ALIGN (__nrf_balloc_end__, 0x4)

.nrf_sections   0x00002e3c        0x0
                0x00002e3c                __nrf_sections_start__ = .
                0x00002e3c                __start_nrf_sections = __nrf_sections_start__
 *(.nrf_sections .nrf_sections.*)
                0x00002e3c                __nrf_sections_end__ = (__nrf_sections_start__ + SIZEOF (.nrf_sections))
                0x00000000                __nrf_sections_size__ = SIZEOF (.nrf_sections)
                0x00002e3c                __nrf_sections_load_end__ = __nrf_sections_end__
                0x00000001                . = ASSERT (((__nrf_sections_start__ == __nrf_sections_end__) || ((__nrf_sections_end__ - __FLASH1_segment_start__) <= __FLASH1_segment_size__)), error: .nrf_sections is too large to fit in FLASH1 memory segment)
                0x00002e3c                __log_dynamic_data_load_start__ = ALIGN (__nrf_sections_end__, 0x4)

.log_dynamic_data
                0x20000000        0x0 load address 0x00002e3c
                0x20000000                __log_dynamic_data_start__ = .
 *(SORT_BY_NAME(.log_dynamic_data*))
                0x20000000                __log_dynamic_data_end__ = (__log_dynamic_data_start__ + SIZEOF (.log_dynamic_data))
                0x00000000                __log_dynamic_data_size__ = SIZEOF (.log_dynamic_data)
                0x00002e3c                __log_dynamic_data_load_end__ = (__log_dynamic_data_load_start__ + SIZEOF (.log_dynamic_data))
                0x00000001                . = ASSERT (((__log_dynamic_data_load_start__ == __log_dynamic_data_load_end__) || ((__log_dynamic_data_load_end__ - __FLASH1_segment_start__) <= __FLASH1_segment_size__)), error: .log_dynamic_data is too large to fit in FLASH1 memory segment)

.log_dynamic_data_run
                0x20000000        0x0
                0x20000000                __log_dynamic_data_run_start__ = .
                0x20000000                __start_log_dynamic_data = __log_dynamic_data_run_start__
                0x20000000                __log_dynamic_data_run_end__ = (__log_dynamic_data_run_start__ + SIZEOF (.log_dynamic_data))
                0x00000000                __log_dynamic_data_run_size__ = (__log_dynamic_data_run_end__ - __log_dynamic_data_run_start__)
                0x20000000                __stop_log_dynamic_data = __log_dynamic_data_run_end__
                0x20000000                __log_dynamic_data_run_load_end__ = __log_dynamic_data_run_end__
                0x00000001                . = ASSERT (((__log_dynamic_data_run_start__ == __log_dynamic_data_run_end__) || ((__log_dynamic_data_run_end__ - __RAM1_segment_start__) <= __RAM1_segment_size__)), error: .log_dynamic_data_run is too large to fit in RAM1 memory segment)
                0x00002e3c                __log_filter_data_load_start__ = ALIGN ((__log_dynamic_data_load_start__ + SIZEOF (.log_dynamic_data)), 0x4)

.log_filter_data
                0x20000000        0x0 load address 0x00002e3c
                0x20000000                __log_filter_data_start__ = .
 *(SORT_BY_NAME(.log_filter_data*))
                0x20000000                __log_filter_data_end__ = (__log_filter_data_start__ + SIZEOF (.log_filter_data))
                0x00000000                __log_filter_data_size__ = SIZEOF (.log_filter_data)
                0x00002e3c                __log_filter_data_load_end__ = (__log_filter_data_load_start__ + SIZEOF (.log_filter_data))
                0x00000001                . = ASSERT (((__log_filter_data_load_start__ == __log_filter_data_load_end__) || ((__log_filter_data_load_end__ - __FLASH1_segment_start__) <= __FLASH1_segment_size__)), error: .log_filter_data is too large to fit in FLASH1 memory segment)

.log_filter_data_run
                0x20000000        0x0
                0x20000000                __log_filter_data_run_start__ = .
                0x20000000                __start_log_filter_data = __log_filter_data_run_start__
                0x20000000                __log_filter_data_run_end__ = (__log_filter_data_run_start__ + SIZEOF (.log_filter_data))
                0x00000000                __log_filter_data_run_size__ = (__log_filter_data_run_end__ - __log_filter_data_run_start__)
                0x20000000                __stop_log_filter_data = __log_filter_data_run_end__
                0x20000000                __log_filter_data_run_load_end__ = __log_filter_data_run_end__
                0x00000001                . = ASSERT (((__log_filter_data_run_start__ == __log_filter_data_run_end__) || ((__log_filter_data_run_end__ - __RAM1_segment_start__) <= __RAM1_segment_size__)), error: .log_filter_data_run is too large to fit in RAM1 memory segment)
                0x20000000                __nrf_sections_run_end_load_start__ = ALIGN (__log_filter_data_run_end__, 0x4)

.nrf_sections_run_end
                0x20000000        0x0
                0x20000000                __nrf_sections_run_end_start__ = .
                0x20000000                __end_nrf_sections_run = __nrf_sections_run_end_start__
 *(.nrf_sections_run_end .nrf_sections_run_end.*)
                0x20000000                __nrf_sections_run_end_end__ = (__nrf_sections_run_end_start__ + SIZEOF (.nrf_sections_run_end))
                0x00000000                __nrf_sections_run_end_size__ = SIZEOF (.nrf_sections_run_end)
                0x20000000                __nrf_sections_run_end_load_end__ = __nrf_sections_run_end_end__
                0x00000001                . = ASSERT (((__nrf_sections_run_end_start__ == __nrf_sections_run_end_end__) || ((__nrf_sections_run_end_end__ - __RAM1_segment_start__) <= __RAM1_segment_size__)), error: .nrf_sections_run_end is too large to fit in RAM1 memory segment)
                0x00002e3c                __dtors_load_start__ = ALIGN ((__log_filter_data_load_start__ + SIZEOF (.log_filter_data)), 0x4)

.dtors          0x00002e3c        0x0
                0x00002e3c                __dtors_start__ = .
 *(SORT_BY_NAME(.dtors.*))
 *(.dtors)
 *(.fini_array)
 *(SORT_BY_NAME(.fini_array.*))
                0x00002e3c                __dtors_end__ = (__dtors_start__ + SIZEOF (.dtors))
                0x00000000                __dtors_size__ = SIZEOF (.dtors)
                0x00002e3c                __dtors_load_end__ = __dtors_end__
                0x00000001                . = ASSERT (((__dtors_start__ == __dtors_end__) || ((__dtors_end__ - __FLASH1_segment_start__) <= __FLASH1_segment_size__)), error: .dtors is too large to fit in FLASH1 memory segment)
                0x00002e3c                __ctors_load_start__ = ALIGN (__dtors_end__, 0x4)

.ctors          0x00002e3c        0x0
                0x00002e3c                __ctors_start__ = .
 *(SORT_BY_NAME(.ctors.*))
 *(.ctors)
 *(.init_array)
 *(SORT_BY_NAME(.init_array.*))
                0x00002e3c                __ctors_end__ = (__ctors_start__ + SIZEOF (.ctors))
                0x00000000                __ctors_size__ = SIZEOF (.ctors)
                0x00002e3c                __ctors_load_end__ = __ctors_end__
                0x00000001                . = ASSERT (((__ctors_start__ == __ctors_end__) || ((__ctors_end__ - __FLASH1_segment_start__) <= __FLASH1_segment_size__)), error: .ctors is too large to fit in FLASH1 memory segment)
                0x00002e3c                __rodata_load_start__ = ALIGN (__ctors_end__, 0x4)

.rodata         0x00002e3c      0x438
                0x00002e3c                __rodata_start__ = .
 *(.rodata .rodata.* .gnu.linkonce.r.*)
 *fill*         0x00002e3c        0x4 
 .rodata.delay_machine_code.0
                0x00002e40        0x6 Output/Release/Obj/saadc_pca10056/nrf_log_backend_rtt.o
 *fill*         0x00002e46        0x2 
 .rodata.nrf_log_backend_rtt_api
                0x00002e48        0xc Output/Release/Obj/saadc_pca10056/nrf_log_backend_rtt.o
                0x00002e48                nrf_log_backend_rtt_api
 .rodata        0x00002e54       0x20 Output/Release/Obj/saadc_pca10056/nrf_log_backend_uart.o
 .rodata.nrf_log_backend_uart_api
                0x00002e74        0xc Output/Release/Obj/saadc_pca10056/nrf_log_backend_uart.o
                0x00002e74                nrf_log_backend_uart_api
 .rodata.str1.1
                0x00002e80       0x21 Output/Release/Obj/saadc_pca10056/nrf_log_default_backends.o
 .rodata.nrf_log_frontend_dequeue.str1.1
                0x00002ea1       0x11 Output/Release/Obj/saadc_pca10056/nrf_log_frontend.o
 .rodata.str1.1
                0x00002eb2        0x4 Output/Release/Obj/saadc_pca10056/nrf_log_frontend.o
 *fill*         0x00002eb6        0x2 
 .rodata.m_log_push_ringbuf
                0x00002eb8        0xc Output/Release/Obj/saadc_pca10056/nrf_log_frontend.o
 .rodata.prefix_process.str1.1
                0x00002ec4       0x32 Output/Release/Obj/saadc_pca10056/nrf_log_str_formatter.o
 .rodata.postfix_process.str1.1
                0x00002ef6       0x32 Output/Release/Obj/saadc_pca10056/nrf_log_str_formatter.o
                                  0x3 (size before relaxing)
 .rodata.nrf_log_hexdump_entry_process.str1.1
                0x00002ef6        0xf Output/Release/Obj/saadc_pca10056/nrf_log_str_formatter.o
                                 0x11 (size before relaxing)
 .rodata.str1.1
                0x00002f05       0x4b Output/Release/Obj/saadc_pca10056/nrf_log_str_formatter.o
                                 0x51 (size before relaxing)
 .rodata.m_colors
                0x00002f50       0x24 Output/Release/Obj/saadc_pca10056/nrf_log_str_formatter.o
 .rodata.severity_names
                0x00002f74       0x14 Output/Release/Obj/saadc_pca10056/nrf_log_str_formatter.o
 .rodata.app_error_fault_handler.str1.1
                0x00002f88       0x19 Output/Release/Obj/saadc_pca10056/app_error_weak.o
 .rodata._aV2C.0
                0x00002fa1       0x10 Output/Release/Obj/saadc_pca10056/nrf_fprintf_format.o
 .rodata.str1.1
                0x00002fb1        0x9 Output/Release/Obj/saadc_pca10056/nrf_pwr_mgmt.o
 .rodata.str1.1
                0x00002fba        0x4 Output/Release/Obj/saadc_pca10056/nrfx_ppi.o
 .rodata.str1.1
                0x00002fbe        0x4 Output/Release/Obj/saadc_pca10056/nrfx_prs.o
 .rodata.str1.1
                0x00002fc2        0x6 Output/Release/Obj/saadc_pca10056/nrfx_saadc.o
 .rodata.str1.1
                0x00002fc8        0x6 Output/Release/Obj/saadc_pca10056/nrfx_timer.o
 .rodata.str1.1
                0x00002fce        0x5 Output/Release/Obj/saadc_pca10056/nrfx_uart.o
 .rodata.str1.1
                0x00002fd3        0x6 Output/Release/Obj/saadc_pca10056/nrfx_uarte.o
 .rodata.main.str1.1
                0x00002fd9       0x11 Output/Release/Obj/saadc_pca10056/main.o
                                 0x14 (size before relaxing)
 .rodata._DoInit.str1.1
                0x00002fea       0x14 Output/Release/Obj/saadc_pca10056/SEGGER_RTT.o
 .rodata.CSWTCH.15
                0x00002ffe        0x6 Output/Release/Obj/saadc_pca10056/system_nrf52840.o
 .rodata.CSWTCH.6
                0x00003004        0x6 Output/Release/Obj/saadc_pca10056/system_nrf52840.o
 *fill*         0x0000300a        0x2 
 .rodata.libc.__RAL_find_locale.str1.4
                0x0000300c        0xa C:/Program Files (x86)/SEGGER/SEGGER Embedded Studio for ARM 5.42a/lib/libc_v7em_fpv4_sp_d16_hard_t_le_eabi.a(libc2.o)
 *fill*         0x00003016        0x2 
 .rodata.libc.__RAL_ascii_ctype_map
                0x00003018       0x80 C:/Program Files (x86)/SEGGER/SEGGER Embedded Studio for ARM 5.42a/lib/libc_v7em_fpv4_sp_d16_hard_t_le_eabi.a(libc2.o)
                0x00003018                __RAL_ascii_ctype_map
 .rodata.libc.__RAL_ascii_ctype_mask
                0x00003098        0xd C:/Program Files (x86)/SEGGER/SEGGER Embedded Studio for ARM 5.42a/lib/libc_v7em_fpv4_sp_d16_hard_t_le_eabi.a(libc2.o)
 *fill*         0x000030a5        0x3 
 .rodata.libc.__RAL_c_locale
                0x000030a8        0xc C:/Program Files (x86)/SEGGER/SEGGER Embedded Studio for ARM 5.42a/lib/libc_v7em_fpv4_sp_d16_hard_t_le_eabi.a(libc2.o)
                0x000030a8                __RAL_c_locale
 .rodata.libc.__RAL_c_locale_abbrev_day_names
                0x000030b4       0x1d C:/Program Files (x86)/SEGGER/SEGGER Embedded Studio for ARM 5.42a/lib/libc_v7em_fpv4_sp_d16_hard_t_le_eabi.a(libc2.o)
                0x000030b4                __RAL_c_locale_abbrev_day_names
 *fill*         0x000030d1        0x3 
 .rodata.libc.__RAL_c_locale_abbrev_month_names
                0x000030d4       0x31 C:/Program Files (x86)/SEGGER/SEGGER Embedded Studio for ARM 5.42a/lib/libc_v7em_fpv4_sp_d16_hard_t_le_eabi.a(libc2.o)
                0x000030d4                __RAL_c_locale_abbrev_month_names
 *fill*         0x00003105        0x3 
 .rodata.libc.__RAL_c_locale_am_pm_indicator
                0x00003108        0x7 C:/Program Files (x86)/SEGGER/SEGGER Embedded Studio for ARM 5.42a/lib/libc_v7em_fpv4_sp_d16_hard_t_le_eabi.a(libc2.o)
                0x00003108                __RAL_c_locale_am_pm_indicator
 *fill*         0x0000310f        0x1 
 .rodata.libc.__RAL_c_locale_data
                0x00003110       0x58 C:/Program Files (x86)/SEGGER/SEGGER Embedded Studio for ARM 5.42a/lib/libc_v7em_fpv4_sp_d16_hard_t_le_eabi.a(libc2.o)
                0x00003110                __RAL_c_locale_data
 .rodata.libc.__RAL_c_locale_date_format
                0x00003168        0x9 C:/Program Files (x86)/SEGGER/SEGGER Embedded Studio for ARM 5.42a/lib/libc_v7em_fpv4_sp_d16_hard_t_le_eabi.a(libc2.o)
                0x00003168                __RAL_c_locale_date_format
 *fill*         0x00003171        0x3 
 .rodata.libc.__RAL_c_locale_date_time_format
                0x00003174        0xf C:/Program Files (x86)/SEGGER/SEGGER Embedded Studio for ARM 5.42a/lib/libc_v7em_fpv4_sp_d16_hard_t_le_eabi.a(libc2.o)
                0x00003174                __RAL_c_locale_date_time_format
 *fill*         0x00003183        0x1 
 .rodata.libc.__RAL_c_locale_day_names
                0x00003184       0x3a C:/Program Files (x86)/SEGGER/SEGGER Embedded Studio for ARM 5.42a/lib/libc_v7em_fpv4_sp_d16_hard_t_le_eabi.a(libc2.o)
                0x00003184                __RAL_c_locale_day_names
 *fill*         0x000031be        0x2 
 .rodata.libc.__RAL_c_locale_month_names
                0x000031c0       0x57 C:/Program Files (x86)/SEGGER/SEGGER Embedded Studio for ARM 5.42a/lib/libc_v7em_fpv4_sp_d16_hard_t_le_eabi.a(libc2.o)
                0x000031c0                __RAL_c_locale_month_names
 *fill*         0x00003217        0x1 
 .rodata.libc.__RAL_c_locale_time_format
                0x00003218        0x9 C:/Program Files (x86)/SEGGER/SEGGER Embedded Studio for ARM 5.42a/lib/libc_v7em_fpv4_sp_d16_hard_t_le_eabi.a(libc2.o)
                0x00003218                __RAL_c_locale_time_format
 *fill*         0x00003221        0x3 
 .rodata.libc.__RAL_codeset_ascii
                0x00003224       0x20 C:/Program Files (x86)/SEGGER/SEGGER Embedded Studio for ARM 5.42a/lib/libc_v7em_fpv4_sp_d16_hard_t_le_eabi.a(libc2.o)
                0x00003224                __RAL_codeset_ascii
 .rodata.libc.__RAL_data_empty_string
                0x00003244        0x1 C:/Program Files (x86)/SEGGER/SEGGER Embedded Studio for ARM 5.42a/lib/libc_v7em_fpv4_sp_d16_hard_t_le_eabi.a(libc2.o)
                0x00003244                __RAL_data_empty_string
 *fill*         0x00003245        0x3 
 .rodata.libc.__RAL_data_utf8_period
                0x00003248        0x2 C:/Program Files (x86)/SEGGER/SEGGER Embedded Studio for ARM 5.42a/lib/libc_v7em_fpv4_sp_d16_hard_t_le_eabi.a(libc2.o)
                0x00003248                __RAL_data_utf8_period
 *fill*         0x0000324a        0x2 
 .rodata.libc.__RAL_hex_lc
                0x0000324c       0x10 C:/Program Files (x86)/SEGGER/SEGGER Embedded Studio for ARM 5.42a/lib/libc_v7em_fpv4_sp_d16_hard_t_le_eabi.a(libc2.o)
                0x0000324c                __RAL_hex_lc
 .rodata.libc.__RAL_hex_uc
                0x0000325c       0x10 C:/Program Files (x86)/SEGGER/SEGGER Embedded Studio for ARM 5.42a/lib/libc_v7em_fpv4_sp_d16_hard_t_le_eabi.a(libc2.o)
                0x0000325c                __RAL_hex_uc
 .rodata.libc.__vfprintf_int.str1.4
                0x0000326c        0x7 C:/Program Files (x86)/SEGGER/SEGGER Embedded Studio for ARM 5.42a/lib/libc_v7em_fpv4_sp_d16_hard_t_le_eabi.a(libvfprintf.o)
                0x00003274                . = ALIGN (MAX ((__rodata_start__ + 0x4), .), 0x4)
 *fill*         0x00003273        0x1 
                0x00003274                __rodata_end__ = (__rodata_start__ + SIZEOF (.rodata))
                0x00000438                __rodata_size__ = SIZEOF (.rodata)
                0x00003274                __rodata_load_end__ = __rodata_end__

.rel.dyn        0x00003274        0x0
 .rel.iplt      0x00003274        0x0 Output/Release/Obj/saadc_pca10056/thumb_crt0.o
                0x00000001                . = ASSERT (((__rodata_start__ == __rodata_end__) || ((__rodata_end__ - __FLASH1_segment_start__) <= __FLASH1_segment_size__)), error: .rodata is too large to fit in FLASH1 memory segment)
                0x00003274                __ARM.exidx_load_start__ = ALIGN (__rodata_end__, 0x4)

.ARM.exidx      0x00003274        0x0
                0x00003274                __ARM.exidx_start__ = .
                0x00003274                __exidx_start = __ARM.exidx_start__
 *(.ARM.exidx .ARM.exidx.*)
                0x00003274                __ARM.exidx_end__ = (__ARM.exidx_start__ + SIZEOF (.ARM.exidx))
                0x00000000                __ARM.exidx_size__ = SIZEOF (.ARM.exidx)
                0x00003274                __exidx_end = __ARM.exidx_end__
                0x00003274                __ARM.exidx_load_end__ = __ARM.exidx_end__
                0x00000001                . = ASSERT (((__ARM.exidx_start__ == __ARM.exidx_end__) || ((__ARM.exidx_end__ - __FLASH1_segment_start__) <= __FLASH1_segment_size__)), error: .ARM.exidx is too large to fit in FLASH1 memory segment)
                0x00003274                __fast_load_start__ = ALIGN (__ARM.exidx_end__, 0x4)

.fast           0x20000000        0x0 load address 0x00003274
                0x20000000                __fast_start__ = .
 *(.fast .fast.*)
                0x20000000                __fast_end__ = (__fast_start__ + SIZEOF (.fast))
                0x00000000                __fast_size__ = SIZEOF (.fast)
                0x00003274                __fast_load_end__ = (__fast_load_start__ + SIZEOF (.fast))
                0x00000001                . = ASSERT (((__fast_load_start__ == __fast_load_end__) || ((__fast_load_end__ - __FLASH1_segment_start__) <= __FLASH1_segment_size__)), error: .fast is too large to fit in FLASH1 memory segment)

.fast_run       0x20000000        0x0
                0x20000000                __fast_run_start__ = .
                0x20000000                __fast_run_end__ = (__fast_run_start__ + SIZEOF (.fast))
                0x00000000                __fast_run_size__ = (__fast_run_end__ - __fast_run_start__)
                0x20000000                __fast_run_load_end__ = __fast_run_end__
                0x00000001                . = ASSERT (((__fast_run_start__ == __fast_run_end__) || ((__fast_run_end__ - __RAM1_segment_start__) <= __RAM1_segment_size__)), error: .fast_run is too large to fit in RAM1 memory segment)
                0x00003274                __data_load_start__ = ALIGN ((__fast_load_start__ + SIZEOF (.fast)), 0x4)

.data           0x20000000       0x3c load address 0x00003274
                0x20000000                __data_start__ = .
 *(.data .data.* .gnu.linkonce.d.*)
 .data.m_uart   0x20000000       0x14 Output/Release/Obj/saadc_pca10056/nrf_log_backend_uart.o
                0x20000000                m_uart
 .data.log_backend_cb_rtt_log_backend
                0x20000014        0x8 Output/Release/Obj/saadc_pca10056/nrf_log_default_backends.o
 .data.log_backend_cb_uart_log_backend
                0x2000001c        0x8 Output/Release/Obj/saadc_pca10056/nrf_log_default_backends.o
 .data.SystemCoreClock
                0x20000024        0x4 Output/Release/Obj/saadc_pca10056/system_nrf52840.o
                0x20000024                SystemCoreClock
 .data.libc.__RAL_global_locale
                0x20000028       0x14 C:/Program Files (x86)/SEGGER/SEGGER Embedded Studio for ARM 5.42a/lib/libc_v7em_fpv4_sp_d16_hard_t_le_eabi.a(libc2.o)
                0x20000028                __RAL_global_locale
                0x2000003c                __data_end__ = (__data_start__ + SIZEOF (.data))
                0x0000003c                __data_size__ = SIZEOF (.data)
                0x000032b0                __data_load_end__ = (__data_load_start__ + SIZEOF (.data))

.igot.plt       0x00000000        0x0
 .igot.plt      0x00000000        0x0 Output/Release/Obj/saadc_pca10056/thumb_crt0.o
                0x00000001                . = ASSERT (((__data_load_start__ == __data_load_end__) || ((__data_load_end__ - __FLASH1_segment_start__) <= __FLASH1_segment_size__)), error: .data is too large to fit in FLASH1 memory segment)

.data_run       0x20000000        0x0
                0x20000000                __data_run_start__ = .
                0x2000003c                __data_run_end__ = (__data_run_start__ + SIZEOF (.data))
                0x0000003c                __data_run_size__ = (__data_run_end__ - __data_run_start__)
                0x2000003c                __data_run_load_end__ = __data_run_end__
                0x00000001                . = ASSERT (((__data_run_start__ == __data_run_end__) || ((__data_run_end__ - __RAM1_segment_start__) <= __RAM1_segment_size__)), error: .data_run is too large to fit in RAM1 memory segment)
                0x000032b0                __tdata_load_start__ = ALIGN ((__data_load_start__ + SIZEOF (.data)), 0x4)

.tdata          0x2000003c        0x0 load address 0x000032b0
                0x2000003c                __tdata_start__ = .
 *(.tdata .tdata.*)
                0x2000003c                __tdata_end__ = (__tdata_start__ + SIZEOF (.tdata))
                0x00000000                __tdata_size__ = SIZEOF (.tdata)
                0x000032b0                __tdata_load_end__ = (__tdata_load_start__ + SIZEOF (.tdata))
                0x000032b0                __FLASH1_segment_used_end__ = (ALIGN ((__data_load_start__ + SIZEOF (.data)), 0x4) + SIZEOF (.tdata))
                0x000032b0                __FLASH1_segment_used_size__ = (__FLASH1_segment_used_end__ - __FLASH1_segment_start__)
                0x00000001                . = ASSERT (((__tdata_load_start__ == __tdata_load_end__) || ((__tdata_load_end__ - __FLASH1_segment_start__) <= __FLASH1_segment_size__)), error: .tdata is too large to fit in FLASH1 memory segment)

.tdata_run      0x2000003c        0x0
                0x2000003c                __tdata_run_start__ = .
                0x2000003c                __tdata_run_end__ = (__tdata_run_start__ + SIZEOF (.tdata))
                0x00000000                __tdata_run_size__ = (__tdata_run_end__ - __tdata_run_start__)
                0x2000003c                __tdata_run_load_end__ = __tdata_run_end__
                0x00000001                . = ASSERT (((__tdata_run_start__ == __tdata_run_end__) || ((__tdata_run_end__ - __RAM1_segment_start__) <= __RAM1_segment_size__)), error: .tdata_run is too large to fit in RAM1 memory segment)
                0x2000003c                __bss_load_start__ = ALIGN (__tdata_run_end__, 0x4)

.bss            0x2000003c      0x990
                0x2000003c                __bss_start__ = .
 *(.bss .bss.* .gnu.linkonce.b.*)
 .bss.m_host_present
                0x2000003c        0x1 Output/Release/Obj/saadc_pca10056/nrf_log_backend_rtt.o
 .bss.m_string_buff
                0x2000003d       0x40 Output/Release/Obj/saadc_pca10056/nrf_log_backend_rtt.o
 .bss.m_async_mode
                0x2000007d        0x1 Output/Release/Obj/saadc_pca10056/nrf_log_backend_uart.o
 .bss.m_string_buff
                0x2000007e       0x28 Output/Release/Obj/saadc_pca10056/nrf_log_backend_uart.o
 .bss.m_xfer_done
                0x200000a6        0x1 Output/Release/Obj/saadc_pca10056/nrf_log_backend_uart.o
 *fill*         0x200000a7        0x1 
 .bss.log_mempool_nrf_balloc_cb
                0x200000a8        0x8 Output/Release/Obj/saadc_pca10056/nrf_log_frontend.o
 .bss.log_mempool_nrf_balloc_pool_mem
                0x200000b0       0xc0 Output/Release/Obj/saadc_pca10056/nrf_log_frontend.o
 .bss.log_mempool_nrf_balloc_pool_stack
                0x20000170        0x8 Output/Release/Obj/saadc_pca10056/nrf_log_frontend.o
 .bss.m_log_data
                0x20000178      0x420 Output/Release/Obj/saadc_pca10056/nrf_log_frontend.o
 .bss.m_log_push_ringbuf_buf
                0x20000598       0x80 Output/Release/Obj/saadc_pca10056/nrf_log_frontend.o
 .bss.m_log_push_ringbuf_cb
                0x20000618       0x18 Output/Release/Obj/saadc_pca10056/nrf_log_frontend.o
 .bss.m_in_critical_region
                0x20000630        0x4 Output/Release/Obj/saadc_pca10056/app_util_platform.o
 .bss.m_contexts
                0x20000634        0x8 Output/Release/Obj/saadc_pca10056/nrf_drv_uart.o
 .bss.m_handlers
                0x2000063c        0x8 Output/Release/Obj/saadc_pca10056/nrf_drv_uart.o
 .bss.nrf_drv_uart_use_easy_dma
                0x20000644        0x2 Output/Release/Obj/saadc_pca10056/nrf_drv_uart.o
                0x20000644                nrf_drv_uart_use_easy_dma
 *fill*         0x20000646        0x2 
 .bss.m_prs_box_4
                0x20000648        0x8 Output/Release/Obj/saadc_pca10056/nrfx_prs.o
 .bss.m_cb      0x20000650       0x30 Output/Release/Obj/saadc_pca10056/nrfx_saadc.o
 .bss.m_cb      0x20000680        0xc Output/Release/Obj/saadc_pca10056/nrfx_timer.o
 .bss.m_cb      0x2000068c       0x2c Output/Release/Obj/saadc_pca10056/nrfx_uart.o
 .bss.m_cb      0x200006b8       0x24 Output/Release/Obj/saadc_pca10056/nrfx_uarte.o
 .bss.DEVICE_NAME
                0x200006dc       0x64 Output/Release/Obj/saadc_pca10056/main.o
                0x200006dc                DEVICE_NAME
 .bss._SEGGER_RTT
                0x20000740       0x78 Output/Release/Obj/saadc_pca10056/SEGGER_RTT.o
                0x20000740                _SEGGER_RTT
 .bss._acDownBuffer
                0x200007b8       0x10 Output/Release/Obj/saadc_pca10056/SEGGER_RTT.o
 .bss._acUpBuffer
                0x200007c8      0x200 Output/Release/Obj/saadc_pca10056/SEGGER_RTT.o
 .bss.libc.__user_format_extender
                0x200009c8        0x4 C:/Program Files (x86)/SEGGER/SEGGER Embedded Studio for ARM 5.42a/lib/libc_v7em_fpv4_sp_d16_hard_t_le_eabi.a(libc2.o)
                0x200009c8                __user_format_extender
 *(COMMON)
                0x200009cc                __bss_end__ = (__bss_start__ + SIZEOF (.bss))
                0x00000990                __bss_size__ = SIZEOF (.bss)
                0x200009cc                __bss_load_end__ = __bss_end__
                0x00000001                . = ASSERT (((__bss_start__ == __bss_end__) || ((__bss_end__ - __RAM1_segment_start__) <= __RAM1_segment_size__)), error: .bss is too large to fit in RAM1 memory segment)
                0x200009cc                __tbss_load_start__ = ALIGN (__bss_end__, 0x4)

.tbss           0x200009cc        0x0
                0x200009cc                __tbss_start__ = .
 *(.tbss .tbss.*)
                0x200009cc                __tbss_end__ = (__tbss_start__ + SIZEOF (.tbss))
                0x00000000                __tbss_size__ = SIZEOF (.tbss)
                0x200009cc                __tbss_load_end__ = __tbss_end__
                0x00000001                . = ASSERT (((__tbss_start__ == __tbss_end__) || ((__tbss_end__ - __RAM1_segment_start__) <= __RAM1_segment_size__)), error: .tbss is too large to fit in RAM1 memory segment)
                0x200009cc                __non_init_load_start__ = ALIGN (__tbss_end__, 0x4)

.non_init       0x200009cc        0x0
                0x200009cc                __non_init_start__ = .
 *(.non_init .non_init.*)
                0x200009cc                __non_init_end__ = (__non_init_start__ + SIZEOF (.non_init))
                0x00000000                __non_init_size__ = SIZEOF (.non_init)
                0x200009cc                __non_init_load_end__ = __non_init_end__
                0x00000001                . = ASSERT (((__non_init_start__ == __non_init_end__) || ((__non_init_end__ - __RAM1_segment_start__) <= __RAM1_segment_size__)), error: .non_init is too large to fit in RAM1 memory segment)
                0x200009cc                __heap_load_start__ = ALIGN (__non_init_end__, 0x4)

.heap           0x200009cc     0x2000
                0x200009cc                __heap_start__ = .
 *(.heap .heap.*)
                0x200029cc                . = ALIGN (MAX ((__heap_start__ + __HEAPSIZE__), .), 0x4)
 *fill*         0x200009cc     0x2000 
                0x200029cc                __heap_end__ = (__heap_start__ + SIZEOF (.heap))
                0x00002000                __heap_size__ = SIZEOF (.heap)
                0x200029cc                __heap_load_end__ = __heap_end__
                0x00000001                . = ASSERT (((__heap_start__ == __heap_end__) || ((__heap_end__ - __RAM1_segment_start__) <= __RAM1_segment_size__)), error: .heap is too large to fit in RAM1 memory segment)
                0x2003e000                __stack_load_start__ = (__RAM1_segment_start__ + (__RAM1_segment_size__ - 0x2000))

.stack          0x2003e000     0x2000
                0x2003e000                __stack_start__ = .
                0x2003e000                __StackLimit = __stack_start__
 *(.stack .stack.*)
                0x20040000                . = ALIGN (MAX ((__stack_start__ + __STACKSIZE__), .), 0x8)
 *fill*         0x2003e000     0x2000 
                0x20040000                __stack_end__ = (__stack_start__ + SIZEOF (.stack))
                0x00002000                __stack_size__ = SIZEOF (.stack)
                0x20040000                __StackTop = __stack_end__
                0x20040000                __stack_load_end__ = __stack_end__
                0x00000001                . = ASSERT (((__stack_start__ == __stack_end__) || ((__stack_end__ - __RAM1_segment_start__) <= __RAM1_segment_size__)), error: .stack is too large to fit in RAM1 memory segment)
                0x00000001                . = ASSERT ((__heap_end__ <= __stack_start__), error: section .heap overlaps absolute placed section .stack)
                0x20040000                __stack_process_load_start__ = ALIGN (__stack_end__, 0x8)

.stack_process  0x20040000        0x0
                0x20040000                __stack_process_start__ = .
 *(.stack_process .stack_process.*)
                0x20040000                . = ALIGN (MAX ((__stack_process_start__ + __STACKSIZE_PROCESS__), .), 0x8)
                0x20040000                __stack_process_end__ = (__stack_process_start__ + SIZEOF (.stack_process))
                0x00000000                __stack_process_size__ = SIZEOF (.stack_process)
                0x20040000                __stack_process_load_end__ = __stack_process_end__
                0x20040000                __RAM1_segment_used_end__ = (ALIGN (__stack_end__, 0x8) + SIZEOF (.stack_process))
                0x00040000                __RAM1_segment_used_size__ = (__RAM1_segment_used_end__ - __RAM1_segment_start__)
                0x00000001                . = ASSERT (((__stack_process_start__ == __stack_process_end__) || ((__stack_process_end__ - __RAM1_segment_start__) <= __RAM1_segment_size__)), error: .stack_process is too large to fit in RAM1 memory segment)
START GROUP
LOAD Output/Release/Obj/saadc_pca10056/thumb_crt0.o
LOAD Output/Release/Obj/saadc_pca10056/nrf_log_backend_rtt.o
LOAD Output/Release/Obj/saadc_pca10056/nrf_log_backend_serial.o
LOAD Output/Release/Obj/saadc_pca10056/nrf_log_backend_uart.o
LOAD Output/Release/Obj/saadc_pca10056/nrf_log_default_backends.o
LOAD Output/Release/Obj/saadc_pca10056/nrf_log_frontend.o
LOAD Output/Release/Obj/saadc_pca10056/nrf_log_str_formatter.o
LOAD Output/Release/Obj/saadc_pca10056/boards.o
LOAD Output/Release/Obj/saadc_pca10056/app_error.o
LOAD Output/Release/Obj/saadc_pca10056/app_error_handler_gcc.o
LOAD Output/Release/Obj/saadc_pca10056/app_error_weak.o
LOAD Output/Release/Obj/saadc_pca10056/app_util_platform.o
LOAD Output/Release/Obj/saadc_pca10056/nrf_assert.o
LOAD Output/Release/Obj/saadc_pca10056/nrf_atomic.o
LOAD Output/Release/Obj/saadc_pca10056/nrf_balloc.o
LOAD Output/Release/Obj/saadc_pca10056/nrf_fprintf.o
LOAD Output/Release/Obj/saadc_pca10056/nrf_fprintf_format.o
LOAD Output/Release/Obj/saadc_pca10056/nrf_memobj.o
LOAD Output/Release/Obj/saadc_pca10056/nrf_pwr_mgmt.o
LOAD Output/Release/Obj/saadc_pca10056/nrf_ringbuf.o
LOAD Output/Release/Obj/saadc_pca10056/nrf_section_iter.o
LOAD Output/Release/Obj/saadc_pca10056/nrf_strerror.o
LOAD Output/Release/Obj/saadc_pca10056/nrf_drv_ppi.o
LOAD Output/Release/Obj/saadc_pca10056/nrf_drv_uart.o
LOAD Output/Release/Obj/saadc_pca10056/nrfx_atomic.o
LOAD Output/Release/Obj/saadc_pca10056/nrfx_ppi.o
LOAD Output/Release/Obj/saadc_pca10056/nrfx_prs.o
LOAD Output/Release/Obj/saadc_pca10056/nrfx_saadc.o
LOAD Output/Release/Obj/saadc_pca10056/nrfx_timer.o
LOAD Output/Release/Obj/saadc_pca10056/nrfx_uart.o
LOAD Output/Release/Obj/saadc_pca10056/nrfx_uarte.o
LOAD Output/Release/Obj/saadc_pca10056/main.o
LOAD Output/Release/Obj/saadc_pca10056/SEGGER_RTT.o
LOAD Output/Release/Obj/saadc_pca10056/SEGGER_RTT_Syscalls_SES.o
LOAD Output/Release/Obj/saadc_pca10056/SEGGER_RTT_printf.o
LOAD Output/Release/Obj/saadc_pca10056/ses_startup_nrf52840.o
LOAD Output/Release/Obj/saadc_pca10056/ses_startup_nrf_common.o
LOAD Output/Release/Obj/saadc_pca10056/system_nrf52840.o
LOAD C:/Program Files (x86)/SEGGER/SEGGER Embedded Studio for ARM 5.42a/lib/libm_v7em_fpv4_sp_d16_hard_t_le_eabi.a
LOAD C:/Program Files (x86)/SEGGER/SEGGER Embedded Studio for ARM 5.42a/lib/libc_v7em_fpv4_sp_d16_hard_t_le_eabi.a
LOAD C:/Program Files (x86)/SEGGER/SEGGER Embedded Studio for ARM 5.42a/lib/libdebugio_v7em_fpv4_sp_d16_hard_t_le_eabi.a
END GROUP
OUTPUT(Output/Release/Exe/saadc_pca10056.elf elf32-littlearm)
LOAD linker stubs

.ARM.attributes
                0x00000000       0x30
 .ARM.attributes
                0x00000000       0x20 Output/Release/Obj/saadc_pca10056/thumb_crt0.o
 .ARM.attributes
                0x00000020       0x39 Output/Release/Obj/saadc_pca10056/nrf_log_backend_rtt.o
 .ARM.attributes
                0x00000059       0x39 Output/Release/Obj/saadc_pca10056/nrf_log_backend_serial.o
 .ARM.attributes
                0x00000092       0x39 Output/Release/Obj/saadc_pca10056/nrf_log_backend_uart.o
 .ARM.attributes
                0x000000cb       0x39 Output/Release/Obj/saadc_pca10056/nrf_log_default_backends.o
 .ARM.attributes
                0x00000104       0x39 Output/Release/Obj/saadc_pca10056/nrf_log_frontend.o
 .ARM.attributes
                0x0000013d       0x39 Output/Release/Obj/saadc_pca10056/nrf_log_str_formatter.o
 .ARM.attributes
                0x00000176       0x39 Output/Release/Obj/saadc_pca10056/app_error.o
 .ARM.attributes
                0x000001af       0x39 Output/Release/Obj/saadc_pca10056/app_error_weak.o
 .ARM.attributes
                0x000001e8       0x39 Output/Release/Obj/saadc_pca10056/app_util_platform.o
 .ARM.attributes
                0x00000221       0x39 Output/Release/Obj/saadc_pca10056/nrf_atomic.o
 .ARM.attributes
                0x0000025a       0x39 Output/Release/Obj/saadc_pca10056/nrf_balloc.o
 .ARM.attributes
                0x00000293       0x39 Output/Release/Obj/saadc_pca10056/nrf_fprintf.o
 .ARM.attributes
                0x000002cc       0x39 Output/Release/Obj/saadc_pca10056/nrf_fprintf_format.o
 .ARM.attributes
                0x00000305       0x39 Output/Release/Obj/saadc_pca10056/nrf_memobj.o
 .ARM.attributes
                0x0000033e       0x39 Output/Release/Obj/saadc_pca10056/nrf_pwr_mgmt.o
 .ARM.attributes
                0x00000377       0x39 Output/Release/Obj/saadc_pca10056/nrf_ringbuf.o
 .ARM.attributes
                0x000003b0       0x39 Output/Release/Obj/saadc_pca10056/nrf_drv_uart.o
 .ARM.attributes
                0x000003e9       0x39 Output/Release/Obj/saadc_pca10056/nrfx_ppi.o
 .ARM.attributes
                0x00000422       0x39 Output/Release/Obj/saadc_pca10056/nrfx_prs.o
 .ARM.attributes
                0x0000045b       0x39 Output/Release/Obj/saadc_pca10056/nrfx_saadc.o
 .ARM.attributes
                0x00000494       0x39 Output/Release/Obj/saadc_pca10056/nrfx_timer.o
 .ARM.attributes
                0x000004cd       0x39 Output/Release/Obj/saadc_pca10056/nrfx_uart.o
 .ARM.attributes
                0x00000506       0x39 Output/Release/Obj/saadc_pca10056/nrfx_uarte.o
 .ARM.attributes
                0x0000053f       0x39 Output/Release/Obj/saadc_pca10056/main.o
 .ARM.attributes
                0x00000578       0x39 Output/Release/Obj/saadc_pca10056/SEGGER_RTT.o
 .ARM.attributes
                0x000005b1       0x20 Output/Release/Obj/saadc_pca10056/ses_startup_nrf52840.o
 .ARM.attributes
                0x000005d1       0x20 Output/Release/Obj/saadc_pca10056/ses_startup_nrf_common.o
 .ARM.attributes
                0x000005f1       0x39 Output/Release/Obj/saadc_pca10056/system_nrf52840.o
 .ARM.attributes
                0x0000062a       0x34 C:/Program Files (x86)/SEGGER/SEGGER Embedded Studio for ARM 5.42a/lib/libc_v7em_fpv4_sp_d16_hard_t_le_eabi.a(libc2.o)
 .ARM.attributes
                0x0000065e       0x20 C:/Program Files (x86)/SEGGER/SEGGER Embedded Studio for ARM 5.42a/lib/libc_v7em_fpv4_sp_d16_hard_t_le_eabi.a(libc2_asm.o)
 .ARM.attributes
                0x0000067e       0x34 C:/Program Files (x86)/SEGGER/SEGGER Embedded Studio for ARM 5.42a/lib/libc_v7em_fpv4_sp_d16_hard_t_le_eabi.a(libvfprintf.o)

.comment        0x00000000       0x25
 .comment       0x00000000       0x25 Output/Release/Obj/saadc_pca10056/nrf_log_backend_rtt.o
                                 0x26 (size before relaxing)
 .comment       0x00000025       0x26 Output/Release/Obj/saadc_pca10056/nrf_log_backend_serial.o
 .comment       0x00000025       0x26 Output/Release/Obj/saadc_pca10056/nrf_log_backend_uart.o
 .comment       0x00000025       0x26 Output/Release/Obj/saadc_pca10056/nrf_log_default_backends.o
 .comment       0x00000025       0x26 Output/Release/Obj/saadc_pca10056/nrf_log_frontend.o
 .comment       0x00000025       0x26 Output/Release/Obj/saadc_pca10056/nrf_log_str_formatter.o
 .comment       0x00000025       0x26 Output/Release/Obj/saadc_pca10056/app_error.o
 .comment       0x00000025       0x26 Output/Release/Obj/saadc_pca10056/app_error_weak.o
 .comment       0x00000025       0x26 Output/Release/Obj/saadc_pca10056/app_util_platform.o
 .comment       0x00000025       0x26 Output/Release/Obj/saadc_pca10056/nrf_atomic.o
 .comment       0x00000025       0x26 Output/Release/Obj/saadc_pca10056/nrf_balloc.o
 .comment       0x00000025       0x26 Output/Release/Obj/saadc_pca10056/nrf_fprintf.o
 .comment       0x00000025       0x26 Output/Release/Obj/saadc_pca10056/nrf_fprintf_format.o
 .comment       0x00000025       0x26 Output/Release/Obj/saadc_pca10056/nrf_memobj.o
 .comment       0x00000025       0x26 Output/Release/Obj/saadc_pca10056/nrf_pwr_mgmt.o
 .comment       0x00000025       0x26 Output/Release/Obj/saadc_pca10056/nrf_ringbuf.o
 .comment       0x00000025       0x26 Output/Release/Obj/saadc_pca10056/nrf_drv_uart.o
 .comment       0x00000025       0x26 Output/Release/Obj/saadc_pca10056/nrfx_ppi.o
 .comment       0x00000025       0x26 Output/Release/Obj/saadc_pca10056/nrfx_prs.o
 .comment       0x00000025       0x26 Output/Release/Obj/saadc_pca10056/nrfx_saadc.o
 .comment       0x00000025       0x26 Output/Release/Obj/saadc_pca10056/nrfx_timer.o
 .comment       0x00000025       0x26 Output/Release/Obj/saadc_pca10056/nrfx_uart.o
 .comment       0x00000025       0x26 Output/Release/Obj/saadc_pca10056/nrfx_uarte.o
 .comment       0x00000025       0x26 Output/Release/Obj/saadc_pca10056/main.o
 .comment       0x00000025       0x26 Output/Release/Obj/saadc_pca10056/SEGGER_RTT.o
 .comment       0x00000025       0x26 Output/Release/Obj/saadc_pca10056/system_nrf52840.o
 .comment       0x00000025       0x26 C:/Program Files (x86)/SEGGER/SEGGER Embedded Studio for ARM 5.42a/lib/libc_v7em_fpv4_sp_d16_hard_t_le_eabi.a(libc2.o)
 .comment       0x00000025       0x26 C:/Program Files (x86)/SEGGER/SEGGER Embedded Studio for ARM 5.42a/lib/libc_v7em_fpv4_sp_d16_hard_t_le_eabi.a(libvfprintf.o)

.debug_line     0x00000000    0x119a8
 .debug_line    0x00000000      0x225 Output/Release/Obj/saadc_pca10056/thumb_crt0.o
 .debug_line    0x00000225      0x90c Output/Release/Obj/saadc_pca10056/nrf_log_backend_rtt.o
 .debug_line    0x00000b31      0x6e6 Output/Release/Obj/saadc_pca10056/nrf_log_backend_serial.o
 .debug_line    0x00001217      0x9a0 Output/Release/Obj/saadc_pca10056/nrf_log_backend_uart.o
 .debug_line    0x00001bb7      0x61c Output/Release/Obj/saadc_pca10056/nrf_log_default_backends.o
 .debug_line    0x000021d3     0x1299 Output/Release/Obj/saadc_pca10056/nrf_log_frontend.o
 .debug_line    0x0000346c      0x7ed Output/Release/Obj/saadc_pca10056/nrf_log_str_formatter.o
 .debug_line    0x00003c59      0x3da Output/Release/Obj/saadc_pca10056/app_error.o
 .debug_line    0x00004033      0x711 Output/Release/Obj/saadc_pca10056/app_error_weak.o
 .debug_line    0x00004744      0x468 Output/Release/Obj/saadc_pca10056/app_util_platform.o
 .debug_line    0x00004bac      0x6be Output/Release/Obj/saadc_pca10056/nrf_atomic.o
 .debug_line    0x0000526a      0x6cf Output/Release/Obj/saadc_pca10056/nrf_balloc.o
 .debug_line    0x00005939      0x3fa Output/Release/Obj/saadc_pca10056/nrf_fprintf.o
 .debug_line    0x00005d33      0x85c Output/Release/Obj/saadc_pca10056/nrf_fprintf_format.o
 .debug_line    0x0000658f      0x817 Output/Release/Obj/saadc_pca10056/nrf_memobj.o
 .debug_line    0x00006da6      0xb76 Output/Release/Obj/saadc_pca10056/nrf_pwr_mgmt.o
 .debug_line    0x0000791c      0x78d Output/Release/Obj/saadc_pca10056/nrf_ringbuf.o
 .debug_line    0x000080a9      0x6a5 Output/Release/Obj/saadc_pca10056/nrf_drv_uart.o
 .debug_line    0x0000874e      0xfc4 Output/Release/Obj/saadc_pca10056/nrfx_ppi.o
 .debug_line    0x00009712      0x755 Output/Release/Obj/saadc_pca10056/nrfx_prs.o
 .debug_line    0x00009e67     0x17f6 Output/Release/Obj/saadc_pca10056/nrfx_saadc.o
 .debug_line    0x0000b65d      0xfaa Output/Release/Obj/saadc_pca10056/nrfx_timer.o
 .debug_line    0x0000c607     0x1813 Output/Release/Obj/saadc_pca10056/nrfx_uart.o
 .debug_line    0x0000de1a     0x17a1 Output/Release/Obj/saadc_pca10056/nrfx_uarte.o
 .debug_line    0x0000f5bb      0x96a Output/Release/Obj/saadc_pca10056/main.o
 .debug_line    0x0000ff25     0x1289 Output/Release/Obj/saadc_pca10056/SEGGER_RTT.o
 .debug_line    0x000111ae       0xa8 Output/Release/Obj/saadc_pca10056/ses_startup_nrf52840.o
 .debug_line    0x00011256       0xc7 Output/Release/Obj/saadc_pca10056/ses_startup_nrf_common.o
 .debug_line    0x0001131d      0x68b Output/Release/Obj/saadc_pca10056/system_nrf52840.o

.debug_info     0x00000000    0x199f7
 .debug_info    0x00000000       0x22 Output/Release/Obj/saadc_pca10056/thumb_crt0.o
 .debug_info    0x00000022      0x54b Output/Release/Obj/saadc_pca10056/nrf_log_backend_rtt.o
 .debug_info    0x0000056d      0x77b Output/Release/Obj/saadc_pca10056/nrf_log_backend_serial.o
 .debug_info    0x00000ce8     0x1161 Output/Release/Obj/saadc_pca10056/nrf_log_backend_uart.o
 .debug_info    0x00001e49      0x361 Output/Release/Obj/saadc_pca10056/nrf_log_default_backends.o
 .debug_info    0x000021aa     0x2331 Output/Release/Obj/saadc_pca10056/nrf_log_frontend.o
 .debug_info    0x000044db      0x7a6 Output/Release/Obj/saadc_pca10056/nrf_log_str_formatter.o
 .debug_info    0x00004c81      0x2a4 Output/Release/Obj/saadc_pca10056/app_error.o
 .debug_info    0x00004f25      0x4a1 Output/Release/Obj/saadc_pca10056/app_error_weak.o
 .debug_info    0x000053c6      0x7a9 Output/Release/Obj/saadc_pca10056/app_util_platform.o
 .debug_info    0x00005b6f      0x933 Output/Release/Obj/saadc_pca10056/nrf_atomic.o
 .debug_info    0x000064a2      0x3a6 Output/Release/Obj/saadc_pca10056/nrf_balloc.o
 .debug_info    0x00006848      0x233 Output/Release/Obj/saadc_pca10056/nrf_fprintf.o
 .debug_info    0x00006a7b      0x714 Output/Release/Obj/saadc_pca10056/nrf_fprintf_format.o
 .debug_info    0x0000718f      0x8bc Output/Release/Obj/saadc_pca10056/nrf_memobj.o
 .debug_info    0x00007a4b     0x10cf Output/Release/Obj/saadc_pca10056/nrf_pwr_mgmt.o
 .debug_info    0x00008b1a      0x623 Output/Release/Obj/saadc_pca10056/nrf_ringbuf.o
 .debug_info    0x0000913d     0x11c7 Output/Release/Obj/saadc_pca10056/nrf_drv_uart.o
 .debug_info    0x0000a304     0x14aa Output/Release/Obj/saadc_pca10056/nrfx_ppi.o
 .debug_info    0x0000b7ae      0x7c9 Output/Release/Obj/saadc_pca10056/nrfx_prs.o
 .debug_info    0x0000bf77     0x2576 Output/Release/Obj/saadc_pca10056/nrfx_saadc.o
 .debug_info    0x0000e4ed     0x1b63 Output/Release/Obj/saadc_pca10056/nrfx_timer.o
 .debug_info    0x00010050     0x3169 Output/Release/Obj/saadc_pca10056/nrfx_uart.o
 .debug_info    0x000131b9     0x3330 Output/Release/Obj/saadc_pca10056/nrfx_uarte.o
 .debug_info    0x000164e9      0x776 Output/Release/Obj/saadc_pca10056/main.o
 .debug_info    0x00016c5f     0x15fe Output/Release/Obj/saadc_pca10056/SEGGER_RTT.o
 .debug_info    0x0001825d       0x23 Output/Release/Obj/saadc_pca10056/ses_startup_nrf52840.o
 .debug_info    0x00018280       0x23 Output/Release/Obj/saadc_pca10056/ses_startup_nrf_common.o
 .debug_info    0x000182a3     0x1754 Output/Release/Obj/saadc_pca10056/system_nrf52840.o

.debug_abbrev   0x00000000     0x4a15
 .debug_abbrev  0x00000000       0x12 Output/Release/Obj/saadc_pca10056/thumb_crt0.o
 .debug_abbrev  0x00000012      0x274 Output/Release/Obj/saadc_pca10056/nrf_log_backend_rtt.o
 .debug_abbrev  0x00000286      0x214 Output/Release/Obj/saadc_pca10056/nrf_log_backend_serial.o
 .debug_abbrev  0x0000049a      0x356 Output/Release/Obj/saadc_pca10056/nrf_log_backend_uart.o
 .debug_abbrev  0x000007f0      0x1a0 Output/Release/Obj/saadc_pca10056/nrf_log_default_backends.o
 .debug_abbrev  0x00000990      0x601 Output/Release/Obj/saadc_pca10056/nrf_log_frontend.o
 .debug_abbrev  0x00000f91      0x1f2 Output/Release/Obj/saadc_pca10056/nrf_log_str_formatter.o
 .debug_abbrev  0x00001183      0x13e Output/Release/Obj/saadc_pca10056/app_error.o
 .debug_abbrev  0x000012c1      0x21b Output/Release/Obj/saadc_pca10056/app_error_weak.o
 .debug_abbrev  0x000014dc      0x23c Output/Release/Obj/saadc_pca10056/app_util_platform.o
 .debug_abbrev  0x00001718      0x199 Output/Release/Obj/saadc_pca10056/nrf_atomic.o
 .debug_abbrev  0x000018b1      0x1fc Output/Release/Obj/saadc_pca10056/nrf_balloc.o
 .debug_abbrev  0x00001aad      0x146 Output/Release/Obj/saadc_pca10056/nrf_fprintf.o
 .debug_abbrev  0x00001bf3      0x2e2 Output/Release/Obj/saadc_pca10056/nrf_fprintf_format.o
 .debug_abbrev  0x00001ed5      0x1ee Output/Release/Obj/saadc_pca10056/nrf_memobj.o
 .debug_abbrev  0x000020c3      0x400 Output/Release/Obj/saadc_pca10056/nrf_pwr_mgmt.o
 .debug_abbrev  0x000024c3      0x14d Output/Release/Obj/saadc_pca10056/nrf_ringbuf.o
 .debug_abbrev  0x00002610      0x22d Output/Release/Obj/saadc_pca10056/nrf_drv_uart.o
 .debug_abbrev  0x0000283d      0x3a6 Output/Release/Obj/saadc_pca10056/nrfx_ppi.o
 .debug_abbrev  0x00002be3      0x294 Output/Release/Obj/saadc_pca10056/nrfx_prs.o
 .debug_abbrev  0x00002e77      0x4e3 Output/Release/Obj/saadc_pca10056/nrfx_saadc.o
 .debug_abbrev  0x0000335a      0x42f Output/Release/Obj/saadc_pca10056/nrfx_timer.o
 .debug_abbrev  0x00003789      0x57a Output/Release/Obj/saadc_pca10056/nrfx_uart.o
 .debug_abbrev  0x00003d03      0x4e7 Output/Release/Obj/saadc_pca10056/nrfx_uarte.o
 .debug_abbrev  0x000041ea      0x22d Output/Release/Obj/saadc_pca10056/main.o
 .debug_abbrev  0x00004417      0x2c3 Output/Release/Obj/saadc_pca10056/SEGGER_RTT.o
 .debug_abbrev  0x000046da       0x14 Output/Release/Obj/saadc_pca10056/ses_startup_nrf52840.o
 .debug_abbrev  0x000046ee       0x14 Output/Release/Obj/saadc_pca10056/ses_startup_nrf_common.o
 .debug_abbrev  0x00004702      0x313 Output/Release/Obj/saadc_pca10056/system_nrf52840.o

.debug_aranges  0x00000000      0x9f0
 .debug_aranges
                0x00000000       0x98 Output/Release/Obj/saadc_pca10056/thumb_crt0.o
 .debug_aranges
                0x00000098       0x38 Output/Release/Obj/saadc_pca10056/nrf_log_backend_rtt.o
 .debug_aranges
                0x000000d0       0x20 Output/Release/Obj/saadc_pca10056/nrf_log_backend_serial.o
 .debug_aranges
                0x000000f0       0x50 Output/Release/Obj/saadc_pca10056/nrf_log_backend_uart.o
 .debug_aranges
                0x00000140       0x20 Output/Release/Obj/saadc_pca10056/nrf_log_default_backends.o
 .debug_aranges
                0x00000160       0xd8 Output/Release/Obj/saadc_pca10056/nrf_log_frontend.o
 .debug_aranges
                0x00000238       0x40 Output/Release/Obj/saadc_pca10056/nrf_log_str_formatter.o
 .debug_aranges
                0x00000278       0x28 Output/Release/Obj/saadc_pca10056/app_error.o
 .debug_aranges
                0x000002a0       0x20 Output/Release/Obj/saadc_pca10056/app_error_weak.o
 .debug_aranges
                0x000002c0       0x48 Output/Release/Obj/saadc_pca10056/app_util_platform.o
 .debug_aranges
                0x00000308       0xb0 Output/Release/Obj/saadc_pca10056/nrf_atomic.o
 .debug_aranges
                0x000003b8       0x30 Output/Release/Obj/saadc_pca10056/nrf_balloc.o
 .debug_aranges
                0x000003e8       0x28 Output/Release/Obj/saadc_pca10056/nrf_fprintf.o
 .debug_aranges
                0x00000410       0x30 Output/Release/Obj/saadc_pca10056/nrf_fprintf_format.o
 .debug_aranges
                0x00000440       0x58 Output/Release/Obj/saadc_pca10056/nrf_memobj.o
 .debug_aranges
                0x00000498       0x38 Output/Release/Obj/saadc_pca10056/nrf_pwr_mgmt.o
 .debug_aranges
                0x000004d0       0x50 Output/Release/Obj/saadc_pca10056/nrf_ringbuf.o
 .debug_aranges
                0x00000520       0x30 Output/Release/Obj/saadc_pca10056/nrf_drv_uart.o
 .debug_aranges
                0x00000550       0x80 Output/Release/Obj/saadc_pca10056/nrfx_ppi.o
 .debug_aranges
                0x000005d0       0x30 Output/Release/Obj/saadc_pca10056/nrfx_prs.o
 .debug_aranges
                0x00000600       0x88 Output/Release/Obj/saadc_pca10056/nrfx_saadc.o
 .debug_aranges
                0x00000688       0x90 Output/Release/Obj/saadc_pca10056/nrfx_timer.o
 .debug_aranges
                0x00000718       0xa8 Output/Release/Obj/saadc_pca10056/nrfx_uart.o
 .debug_aranges
                0x000007c0       0x80 Output/Release/Obj/saadc_pca10056/nrfx_uarte.o
 .debug_aranges
                0x00000840       0x20 Output/Release/Obj/saadc_pca10056/main.o
 .debug_aranges
                0x00000860      0x108 Output/Release/Obj/saadc_pca10056/SEGGER_RTT.o
 .debug_aranges
                0x00000968       0x20 Output/Release/Obj/saadc_pca10056/ses_startup_nrf52840.o
 .debug_aranges
                0x00000988       0x20 Output/Release/Obj/saadc_pca10056/ses_startup_nrf_common.o
 .debug_aranges
                0x000009a8       0x48 Output/Release/Obj/saadc_pca10056/system_nrf52840.o

.debug_str      0x00000000    0x9c0c1
 .debug_str     0x00000000       0xd4 Output/Release/Obj/saadc_pca10056/thumb_crt0.o
 .debug_str     0x000000d4    0x87046 Output/Release/Obj/saadc_pca10056/nrf_log_backend_rtt.o
                              0x88431 (size before relaxing)
 .debug_str     0x0008711a      0x2e8 Output/Release/Obj/saadc_pca10056/nrf_log_backend_serial.o
                              0x84813 (size before relaxing)
 .debug_str     0x00087402     0x1215 Output/Release/Obj/saadc_pca10056/nrf_log_backend_uart.o
                              0x88a58 (size before relaxing)
 .debug_str     0x00088617      0x16b Output/Release/Obj/saadc_pca10056/nrf_log_default_backends.o
                              0x84686 (size before relaxing)
 .debug_str     0x00088782     0x14d2 Output/Release/Obj/saadc_pca10056/nrf_log_frontend.o
                              0x85bb8 (size before relaxing)
 .debug_str     0x00089c54      0x309 Output/Release/Obj/saadc_pca10056/nrf_log_str_formatter.o
                              0x848c3 (size before relaxing)
 .debug_str     0x00089f5d      0x151 Output/Release/Obj/saadc_pca10056/app_error.o
                              0x76491 (size before relaxing)
 .debug_str     0x0008a0ae       0xf2 Output/Release/Obj/saadc_pca10056/app_error_weak.o
                              0x84c84 (size before relaxing)
 .debug_str     0x0008a1a0      0x41b Output/Release/Obj/saadc_pca10056/app_util_platform.o
                              0x76ceb (size before relaxing)
 .debug_str     0x0008a5bb      0x6e9 Output/Release/Obj/saadc_pca10056/nrf_atomic.o
                              0x80ee5 (size before relaxing)
 .debug_str     0x0008aca4      0x16f Output/Release/Obj/saadc_pca10056/nrf_balloc.o
                              0x84643 (size before relaxing)
 .debug_str     0x0008ae13      0x132 Output/Release/Obj/saadc_pca10056/nrf_fprintf.o
                              0x80a76 (size before relaxing)
 .debug_str     0x0008af45      0x541 Output/Release/Obj/saadc_pca10056/nrf_fprintf_format.o
                              0x80f70 (size before relaxing)
 .debug_str     0x0008b486      0x1dc Output/Release/Obj/saadc_pca10056/nrf_memobj.o
                              0x829ae (size before relaxing)
 .debug_str     0x0008b662      0xf3a Output/Release/Obj/saadc_pca10056/nrf_pwr_mgmt.o
                              0x894cc (size before relaxing)
 .debug_str     0x0008c59c      0x10c Output/Release/Obj/saadc_pca10056/nrf_ringbuf.o
                              0x812b4 (size before relaxing)
 .debug_str     0x0008c6a8      0x4a0 Output/Release/Obj/saadc_pca10056/nrf_drv_uart.o
                              0x854c5 (size before relaxing)
 .debug_str     0x0008cb48      0xa68 Output/Release/Obj/saadc_pca10056/nrfx_ppi.o
                              0x87998 (size before relaxing)
 .debug_str     0x0008d5b0      0x351 Output/Release/Obj/saadc_pca10056/nrfx_prs.o
                              0x8762a (size before relaxing)
 .debug_str     0x0008d901     0x17f5 Output/Release/Obj/saadc_pca10056/nrfx_saadc.o
                              0x88f77 (size before relaxing)
 .debug_str     0x0008f0f6     0x1034 Output/Release/Obj/saadc_pca10056/nrfx_timer.o
                              0x8876b (size before relaxing)
 .debug_str     0x0009012a      0xa2f Output/Release/Obj/saadc_pca10056/nrfx_uart.o
                              0x88836 (size before relaxing)
 .debug_str     0x00090b59      0x978 Output/Release/Obj/saadc_pca10056/nrfx_uarte.o
                              0x88cc9 (size before relaxing)
 .debug_str     0x000914d1     0x228a Output/Release/Obj/saadc_pca10056/main.o
                              0x8b4a3 (size before relaxing)
 .debug_str     0x0009375b      0x5e3 Output/Release/Obj/saadc_pca10056/SEGGER_RTT.o
                              0x79e1f (size before relaxing)
 .debug_str     0x00093d3e       0x6a Output/Release/Obj/saadc_pca10056/ses_startup_nrf52840.o
                                 0xe7 (size before relaxing)
 .debug_str     0x00093da8       0x6c Output/Release/Obj/saadc_pca10056/ses_startup_nrf_common.o
                                 0xe9 (size before relaxing)
 .debug_str     0x00093e14     0x82ad Output/Release/Obj/saadc_pca10056/system_nrf52840.o
                              0x7e002 (size before relaxing)

.debug_ranges   0x00000000     0x1dd0
 .debug_ranges  0x00000000       0x90 Output/Release/Obj/saadc_pca10056/thumb_crt0.o
 .debug_ranges  0x00000090       0x70 Output/Release/Obj/saadc_pca10056/nrf_log_backend_rtt.o
 .debug_ranges  0x00000100       0x28 Output/Release/Obj/saadc_pca10056/nrf_log_backend_serial.o
 .debug_ranges  0x00000128       0x88 Output/Release/Obj/saadc_pca10056/nrf_log_backend_uart.o
 .debug_ranges  0x000001b0       0x10 Output/Release/Obj/saadc_pca10056/nrf_log_default_backends.o
 .debug_ranges  0x000001c0      0x308 Output/Release/Obj/saadc_pca10056/nrf_log_frontend.o
 .debug_ranges  0x000004c8       0x48 Output/Release/Obj/saadc_pca10056/nrf_log_str_formatter.o
 .debug_ranges  0x00000510       0x18 Output/Release/Obj/saadc_pca10056/app_error.o
 .debug_ranges  0x00000528       0x28 Output/Release/Obj/saadc_pca10056/app_error_weak.o
 .debug_ranges  0x00000550       0x38 Output/Release/Obj/saadc_pca10056/app_util_platform.o
 .debug_ranges  0x00000588      0x208 Output/Release/Obj/saadc_pca10056/nrf_atomic.o
 .debug_ranges  0x00000790       0x20 Output/Release/Obj/saadc_pca10056/nrf_balloc.o
 .debug_ranges  0x000007b0       0x18 Output/Release/Obj/saadc_pca10056/nrf_fprintf.o
 .debug_ranges  0x000007c8       0x60 Output/Release/Obj/saadc_pca10056/nrf_fprintf_format.o
 .debug_ranges  0x00000828       0x48 Output/Release/Obj/saadc_pca10056/nrf_memobj.o
 .debug_ranges  0x00000870       0xd8 Output/Release/Obj/saadc_pca10056/nrf_pwr_mgmt.o
 .debug_ranges  0x00000948       0x40 Output/Release/Obj/saadc_pca10056/nrf_ringbuf.o
 .debug_ranges  0x00000988       0x20 Output/Release/Obj/saadc_pca10056/nrf_drv_uart.o
 .debug_ranges  0x000009a8      0x390 Output/Release/Obj/saadc_pca10056/nrfx_ppi.o
 .debug_ranges  0x00000d38       0x40 Output/Release/Obj/saadc_pca10056/nrfx_prs.o
 .debug_ranges  0x00000d78      0x3b0 Output/Release/Obj/saadc_pca10056/nrfx_saadc.o
 .debug_ranges  0x00001128      0x2e0 Output/Release/Obj/saadc_pca10056/nrfx_timer.o
 .debug_ranges  0x00001408      0x460 Output/Release/Obj/saadc_pca10056/nrfx_uart.o
 .debug_ranges  0x00001868      0x3f0 Output/Release/Obj/saadc_pca10056/nrfx_uarte.o
 .debug_ranges  0x00001c58       0x28 Output/Release/Obj/saadc_pca10056/main.o
 .debug_ranges  0x00001c80       0xf8 Output/Release/Obj/saadc_pca10056/SEGGER_RTT.o
 .debug_ranges  0x00001d78       0x58 Output/Release/Obj/saadc_pca10056/system_nrf52840.o

.debug_frame    0x00000000     0x1b38
 .debug_frame   0x00000000       0x88 Output/Release/Obj/saadc_pca10056/nrf_log_backend_rtt.o
 .debug_frame   0x00000088       0x48 Output/Release/Obj/saadc_pca10056/nrf_log_backend_serial.o
 .debug_frame   0x000000d0       0xdc Output/Release/Obj/saadc_pca10056/nrf_log_backend_uart.o
 .debug_frame   0x000001ac       0x30 Output/Release/Obj/saadc_pca10056/nrf_log_default_backends.o
 .debug_frame   0x000001dc      0x304 Output/Release/Obj/saadc_pca10056/nrf_log_frontend.o
 .debug_frame   0x000004e0      0x114 Output/Release/Obj/saadc_pca10056/nrf_log_str_formatter.o
 .debug_frame   0x000005f4       0x58 Output/Release/Obj/saadc_pca10056/app_error.o