Archive member included to satisfy reference by file (symbol)

C:/Program Files (x86)/SEGGER/SEGGER Embedded Studio for ARM 5.42a/lib/libc_v7em_fpv4_sp_d16_hard_t_le_eabi.a(libc_asm.o)
                              Output/Release/Obj/wdt_pca10056/nrfx_wdt.o (__aeabi_uldivmod)
C:/Program Files (x86)/SEGGER/SEGGER Embedded Studio for ARM 5.42a/lib/libc_v7em_fpv4_sp_d16_hard_t_le_eabi.a(libc2_asm.o)
                              Output/Release/Obj/wdt_pca10056/app_scheduler.o (memcpy)
C:/Program Files (x86)/SEGGER/SEGGER Embedded Studio for ARM 5.42a/lib/libc_v7em_fpv4_sp_d16_hard_t_le_eabi.a(libvfprintf.o)
                              (__vfprintf_long)
C:/Program Files (x86)/SEGGER/SEGGER Embedded Studio for ARM 5.42a/lib/libc_v7em_fpv4_sp_d16_hard_t_le_eabi.a(libvfscanf.o)
                              (__vfscanf_long)
C:/Program Files (x86)/SEGGER/SEGGER Embedded Studio for ARM 5.42a/lib/libc_v7em_fpv4_sp_d16_hard_t_le_eabi.a(libc2.o)
                              C:/Program Files (x86)/SEGGER/SEGGER Embedded Studio for ARM 5.42a/lib/libc_v7em_fpv4_sp_d16_hard_t_le_eabi.a(libvfscanf.o) (__getc)
C:/Program Files (x86)/SEGGER/SEGGER Embedded Studio for ARM 5.42a/lib/libc_v7em_fpv4_sp_d16_hard_t_le_eabi.a(libc.o)
                              C:/Program Files (x86)/SEGGER/SEGGER Embedded Studio for ARM 5.42a/lib/libc_v7em_fpv4_sp_d16_hard_t_le_eabi.a(libc2.o) (__heap_lock)
C:/Program Files (x86)/SEGGER/SEGGER Embedded Studio for ARM 5.42a/lib/libdebugio_v7em_fpv4_sp_d16_hard_t_le_eabi.a(libdebugio.o)
                              Output/Release/Obj/wdt_pca10056/thumb_crt0.o (debug_fopen)
C:/Program Files (x86)/SEGGER/SEGGER Embedded Studio for ARM 5.42a/lib/libdebugio_v7em_fpv4_sp_d16_hard_t_le_eabi.a(do_nv_debug_operation.o)
                              C:/Program Files (x86)/SEGGER/SEGGER Embedded Studio for ARM 5.42a/lib/libdebugio_v7em_fpv4_sp_d16_hard_t_le_eabi.a(libdebugio.o) (__do_nvdebug_operation)
C:/Program Files (x86)/SEGGER/SEGGER Embedded Studio for ARM 5.42a/lib/libdebugio_v7em_fpv4_sp_d16_hard_t_le_eabi.a(mempoll_debug_operations.o)
                              (__do_debug_operation_mempoll)
C:/Program Files (x86)/SEGGER/SEGGER Embedded Studio for ARM 5.42a/lib/libm_v7em_fpv4_sp_d16_hard_t_le_eabi.a(libm_asm.o)
                              C:/Program Files (x86)/SEGGER/SEGGER Embedded Studio for ARM 5.42a/lib/libc_v7em_fpv4_sp_d16_hard_t_le_eabi.a(libvfprintf.o) (__aeabi_dadd)
C:/Program Files (x86)/SEGGER/SEGGER Embedded Studio for ARM 5.42a/lib/libm_v7em_fpv4_sp_d16_hard_t_le_eabi.a(libm2.o)
                              C:/Program Files (x86)/SEGGER/SEGGER Embedded Studio for ARM 5.42a/lib/libc_v7em_fpv4_sp_d16_hard_t_le_eabi.a(libvfprintf.o) (frexp)

Discarded input sections

 .text          0x00000000        0x0 Output/Release/Obj/wdt_pca10056/thumb_crt0.o
 .data          0x00000000        0x0 Output/Release/Obj/wdt_pca10056/thumb_crt0.o
 .bss           0x00000000        0x0 Output/Release/Obj/wdt_pca10056/thumb_crt0.o
 .text.__aeabi_read_tp
                0x00000000        0x8 Output/Release/Obj/wdt_pca10056/thumb_crt0.o
 .text.abort    0x00000000        0x2 Output/Release/Obj/wdt_pca10056/thumb_crt0.o
 .text.__assert
                0x00000000        0x2 Output/Release/Obj/wdt_pca10056/thumb_crt0.o
 .text.__assert_func
                0x00000000        0x2 Output/Release/Obj/wdt_pca10056/thumb_crt0.o
 .text.__aeabi_assert
                0x00000000        0x2 Output/Release/Obj/wdt_pca10056/thumb_crt0.o
 .text.__sync_synchronize
                0x00000000        0x2 Output/Release/Obj/wdt_pca10056/thumb_crt0.o
 .text.__getchar
                0x00000000        0x4 Output/Release/Obj/wdt_pca10056/thumb_crt0.o
 .text.__putchar
                0x00000000        0x4 Output/Release/Obj/wdt_pca10056/thumb_crt0.o
 .text.__open   0x00000000        0x4 Output/Release/Obj/wdt_pca10056/thumb_crt0.o
 .text.__close  0x00000000        0x4 Output/Release/Obj/wdt_pca10056/thumb_crt0.o
 .text.__write  0x00000000        0xa Output/Release/Obj/wdt_pca10056/thumb_crt0.o
 .text.__read   0x00000000        0xa Output/Release/Obj/wdt_pca10056/thumb_crt0.o
 .text.__seek   0x00000000       0x1a Output/Release/Obj/wdt_pca10056/thumb_crt0.o
 .text.remove   0x00000000        0x4 Output/Release/Obj/wdt_pca10056/thumb_crt0.o
 .text.rename   0x00000000        0x4 Output/Release/Obj/wdt_pca10056/thumb_crt0.o
 .bss.__user_locale_name_buffer
                0x00000000        0x4 Output/Release/Obj/wdt_pca10056/thumb_crt0.o
 .stack         0x00000000        0x0 Output/Release/Obj/wdt_pca10056/thumb_crt0.o
 .stack_process
                0x00000000        0x0 Output/Release/Obj/wdt_pca10056/thumb_crt0.o
 .heap          0x00000000        0x0 Output/Release/Obj/wdt_pca10056/thumb_crt0.o
 .group         0x00000000        0xc Output/Release/Obj/wdt_pca10056/nrf_log_frontend.o
 .group         0x00000000        0xc Output/Release/Obj/wdt_pca10056/nrf_log_frontend.o
[...]
Memory Configuration

Name             Origin             Length             Attributes
UNPLACED_SECTIONS 0xffffffff         0x00000000         xw
RAM1             0x20000000         0x00040000         xw
FLASH1           0x00000000         0x00100000         xw
*default*        0x00000000         0xffffffff

Linker script and memory map

                0x00000000                __do_debug_operation = __do_debug_operation_mempoll
                0x00000000                __vfprintf = __vfprintf_long
                0x00000000                __vfscanf = __vfscanf_long
                0x20000000                __RAM1_segment_start__ = 0x20000000
                0x20040000                __RAM1_segment_end__ = 0x20040000
                0x00040000                __RAM1_segment_size__ = 0x40000
                0x00000000                __FLASH1_segment_start__ = 0x0
                0x00100000                __FLASH1_segment_end__ = 0x100000
                0x00100000                __FLASH1_segment_size__ = 0x100000
                0x00002000                __HEAPSIZE__ = 0x2000
                0x00000000                __STACKSIZE_PROCESS__ = 0x0
                0x00002000                __STACKSIZE__ = 0x2000
                0x20000000                __vectors_ram_load_start__ = 0x20000000

.vectors_ram    0x20000000        0x0
                0x20000000                __vectors_ram_start__ = .
                0x20000000                __app_ram_start__ = __vectors_ram_start__
 *(.vectors_ram .vectors_ram.*)
                0x20000000                __vectors_ram_end__ = (__vectors_ram_start__ + SIZEOF (.vectors_ram))
                0x00000000                __vectors_ram_size__ = SIZEOF (.vectors_ram)
                0x20000000                __vectors_ram_load_end__ = __vectors_ram_end__
                0x00000001                . = ASSERT (((__vectors_ram_start__ == __vectors_ram_end__) || ((__vectors_ram_end__ - __RAM1_segment_start__) <= __RAM1_segment_size__)), error: .vectors_ram is too large to fit in RAM1 memory segment)
                0x20000000                __nrf_sections_run_load_start__ = ALIGN (__vectors_ram_end__, 0x4)

.nrf_sections_run
                0x20000000        0x0
                0x20000000                __nrf_sections_run_start__ = .
                0x20000000                __start_nrf_sections_run = __nrf_sections_run_start__
 *(.nrf_sections_run .nrf_sections_run.*)
                0x20000000                __nrf_sections_run_end__ = (__nrf_sections_run_start__ + SIZEOF (.nrf_sections_run))
                0x00000000                __nrf_sections_run_size__ = SIZEOF (.nrf_sections_run)
                0x20000000                __nrf_sections_run_load_end__ = __nrf_sections_run_end__
                0x00000001                . = ASSERT (((__nrf_sections_run_start__ == __nrf_sections_run_end__) || ((__nrf_sections_run_end__ - __RAM1_segment_start__) <= __RAM1_segment_size__)), error: .nrf_sections_run is too large to fit in RAM1 memory segment)
                0x00000000                __vectors_load_start__ = 0x0

.vectors        0x00000000      0x200
                0x00000000                __vectors_start__ = .
 *(.vectors .vectors.*)
 .vectors       0x00000000      0x200 Output/Release/Obj/wdt_pca10056/ses_startup_nrf52840.o
                0x00000000                _vectors
                0x00000200                __vectors_end__ = (__vectors_start__ + SIZEOF (.vectors))
                0x00000200                __vectors_size__ = SIZEOF (.vectors)
                0x00000200                __vectors_load_end__ = __vectors_end__
                0x00000001                . = ASSERT (((__vectors_start__ == __vectors_end__) || ((__vectors_end__ - __FLASH1_segment_start__) <= __FLASH1_segment_size__)), error: .vectors is too large to fit in FLASH1 memory segment)
                0x00000200                __init_load_start__ = ALIGN (__vectors_end__, 0x4)

.init           0x00000200      0x1d0
                0x00000200                __init_start__ = .
 *(.init .init.*)
 .init          0x00000200      0x15c Output/Release/Obj/wdt_pca10056/thumb_crt0.o
                0x00000200                _start
                0x000002b4                exit
 .init          0x0000035c       0x18 Output/Release/Obj/wdt_pca10056/ses_startup_nrf52840.o
                0x0000035c                NMI_Handler
                0x0000035e                HardFault_Handler
                0x00000360                MemoryManagement_Handler
                0x00000362                BusFault_Handler
                0x00000364                UsageFault_Handler
                0x00000366                SVC_Handler
                0x00000368                DebugMon_Handler
                0x0000036a                PendSV_Handler
                0x0000036c                SysTick_Handler
                0x0000036e                PWM1_IRQHandler
                0x0000036e                RTC0_IRQHandler
                0x0000036e                RADIO_IRQHandler
                0x0000036e                PDM_IRQHandler
                0x0000036e                TEMP_IRQHandler
                0x0000036e                QDEC_IRQHandler
                0x0000036e                TIMER3_IRQHandler
                0x0000036e                PWM3_IRQHandler
                0x0000036e                FPU_IRQHandler
                0x0000036e                USBD_IRQHandler
                0x0000036e                SPIM0_SPIS0_TWIM0_TWIS0_SPI0_TWI0_IRQHandler
                0x0000036e                QSPI_IRQHandler
                0x0000036e                UARTE0_UART0_IRQHandler
                0x0000036e                TIMER4_IRQHandler
                0x0000036e                SWI2_EGU2_IRQHandler
                0x0000036e                I2S_IRQHandler
                0x0000036e                SWI4_EGU4_IRQHandler
                0x0000036e                TIMER0_IRQHandler
                0x0000036e                UARTE1_IRQHandler
                0x0000036e                Dummy_Handler
                0x0000036e                TIMER1_IRQHandler
                0x0000036e                SPIM3_IRQHandler
                0x0000036e                PWM2_IRQHandler
                0x0000036e                ECB_IRQHandler
                0x0000036e                SPIM1_SPIS1_TWIM1_TWIS1_SPI1_TWI1_IRQHandler
                0x0000036e                SAADC_IRQHandler
                0x0000036e                CCM_AAR_IRQHandler
                0x0000036e                SWI0_EGU0_IRQHandler
                0x0000036e                SWI5_EGU5_IRQHandler
                0x0000036e                RNG_IRQHandler
                0x0000036e                RTC2_IRQHandler
                0x0000036e                PWM0_IRQHandler
                0x0000036e                SWI3_EGU3_IRQHandler
                0x0000036e                SWI1_EGU1_IRQHandler
                0x0000036e                SPIM2_SPIS2_SPI2_IRQHandler
                0x0000036e                NFCT_IRQHandler
                0x0000036e                CRYPTOCELL_IRQHandler
                0x0000036e                MWU_IRQHandler
                0x0000036e                TIMER2_IRQHandler
                0x0000036e                COMP_LPCOMP_IRQHandler
                0x00000370                nRFInitialize
 .init          0x00000374       0x5c Output/Release/Obj/wdt_pca10056/ses_startup_nrf_common.o
                0x00000374                Reset_Handler
                0x00000378                afterInitialize
                0x0000039c                InitializeUserMemorySections
                0x000003d0                __init_end__ = (__init_start__ + SIZEOF (.init))
                0x000001d0                __init_size__ = SIZEOF (.init)
                0x000003d0                __init_load_end__ = __init_end__
                0x00000001                . = ASSERT (((__init_start__ == __init_end__) || ((__init_end__ - __FLASH1_segment_start__) <= __FLASH1_segment_size__)), error: .init is too large to fit in FLASH1 memory segment)
                0x000003d0                __init_rodata_load_start__ = ALIGN (__init_end__, 0x4)

.init_rodata    0x000003d0        0x0
                0x000003d0                __init_rodata_start__ = .
 *(.init_rodata .init_rodata.*)
                0x000003d0                __init_rodata_end__ = (__init_rodata_start__ + SIZEOF (.init_rodata))
                0x00000000                __init_rodata_size__ = SIZEOF (.init_rodata)
                0x000003d0                __init_rodata_load_end__ = __init_rodata_end__
                0x00000001                . = ASSERT (((__init_rodata_start__ == __init_rodata_end__) || ((__init_rodata_end__ - __FLASH1_segment_start__) <= __FLASH1_segment_size__)), error: .init_rodata is too large to fit in FLASH1 memory segment)
                0x000003d0                __text_load_start__ = ALIGN (__init_rodata_end__, 0x4)

.text           0x000003d0      0x9a4
                0x000003d0                __text_start__ = .
 *(.text .text.* .glue_7t .glue_7 .gnu.linkonce.t.* .gcc_except_table .ARM.extab* .gnu.linkonce.armextab.*)
 .glue_7        0x000003d0        0x0 linker stubs
 .glue_7t       0x000003d0        0x0 linker stubs
 .text.bsp_board_led_on
                0x000003d0       0x28 Output/Release/Obj/wdt_pca10056/boards.o
                0x000003d0                bsp_board_led_on
 .text.bsp_board_led_off
                0x000003f8       0x28 Output/Release/Obj/wdt_pca10056/boards.o
                0x000003f8                bsp_board_led_off
 .text.bsp_board_leds_off
                0x00000420       0x1e Output/Release/Obj/wdt_pca10056/boards.o
                0x00000420                bsp_board_leds_off
 .text.bsp_board_leds_on
                0x0000043e       0x1e Output/Release/Obj/wdt_pca10056/boards.o
                0x0000043e                bsp_board_leds_on
 .text.bsp_board_led_invert
                0x0000045c       0x34 Output/Release/Obj/wdt_pca10056/boards.o
                0x0000045c                bsp_board_led_invert
 .text.bsp_board_init
                0x00000490       0x3e Output/Release/Obj/wdt_pca10056/boards.o
                0x00000490                bsp_board_init
 .text.app_error_handler_bare
                0x000004ce       0x1a Output/Release/Obj/wdt_pca10056/app_error.o
                0x000004ce                app_error_handler_bare
 .text.app_error_fault_handler
                0x000004e8       0x30 Output/Release/Obj/wdt_pca10056/app_error_weak.o
                0x000004e8                app_error_fault_handler
 .text.app_util_disable_irq
                0x00000518       0x10 Output/Release/Obj/wdt_pca10056/app_util_platform.o
                0x00000518                app_util_disable_irq
 .text.app_util_enable_irq
                0x00000528       0x14 Output/Release/Obj/wdt_pca10056/app_util_platform.o
                0x00000528                app_util_enable_irq
 .text.app_util_critical_region_enter
                0x0000053c        0x4 Output/Release/Obj/wdt_pca10056/app_util_platform.o
                0x0000053c                app_util_critical_region_enter
 .text.app_util_critical_region_exit
                0x00000540        0x4 Output/Release/Obj/wdt_pca10056/app_util_platform.o
                0x00000540                app_util_critical_region_exit
 .text.RTC1_IRQHandler
                0x00000544       0x14 Output/Release/Obj/wdt_pca10056/drv_rtc.o
                0x00000544                RTC1_IRQHandler
 .text.clock_clk_started_notify
                0x00000558       0x24 Output/Release/Obj/wdt_pca10056/nrf_drv_clock.o
 .text.clock_irq_handler
                0x0000057c       0x1c Output/Release/Obj/wdt_pca10056/nrf_drv_clock.o
 .text.nrf_drv_clock_init
                0x00000598       0x40 Output/Release/Obj/wdt_pca10056/nrf_drv_clock.o
                0x00000598                nrf_drv_clock_init
 .text.nrf_drv_clock_lfclk_request
                0x000005d8       0x54 Output/Release/Obj/wdt_pca10056/nrf_drv_clock.o
                0x000005d8                nrf_drv_clock_lfclk_request
 .text.nrf_clock_event_clear
                0x0000062c       0x14 Output/Release/Obj/wdt_pca10056/nrfx_clock.o
 .text.nrfx_clock_init
                0x00000640       0x18 Output/Release/Obj/wdt_pca10056/nrfx_clock.o
                0x00000640                nrfx_clock_init
 .text.nrfx_clock_enable
                0x00000658       0x24 Output/Release/Obj/wdt_pca10056/nrfx_clock.o
                0x00000658                nrfx_clock_enable
 .text.nrfx_clock_lfclk_start
                0x0000067c       0x1a Output/Release/Obj/wdt_pca10056/nrfx_clock.o
                0x0000067c                nrfx_clock_lfclk_start
 *fill*         0x00000696        0x2 
 .text.POWER_CLOCK_IRQHandler
                0x00000698       0x50 Output/Release/Obj/wdt_pca10056/nrfx_clock.o
                0x00000698                POWER_CLOCK_IRQHandler
 .text.nrf_gpiote_event_clear
                0x000006e8       0x18 Output/Release/Obj/wdt_pca10056/nrfx_gpiote.o
 .text.nrf_gpio_pin_port_decode
                0x00000700       0x18 Output/Release/Obj/wdt_pca10056/nrfx_gpiote.o
 .text.nrf_gpio_cfg_sense_set
                0x00000718       0x2e Output/Release/Obj/wdt_pca10056/nrfx_gpiote.o
 *fill*         0x00000746        0x2 
 .text.GPIOTE_IRQHandler
                0x00000748      0x17c Output/Release/Obj/wdt_pca10056/nrfx_gpiote.o
                0x00000748                GPIOTE_IRQHandler
 .text.WDT_IRQHandler
                0x000008c4       0x2c Output/Release/Obj/wdt_pca10056/nrfx_wdt.o
                0x000008c4                WDT_IRQHandler
 .text.nrfx_wdt_init
                0x000008f0       0x58 Output/Release/Obj/wdt_pca10056/nrfx_wdt.o
                0x000008f0                nrfx_wdt_init
 .text.nrfx_wdt_enable
                0x00000948       0x1c Output/Release/Obj/wdt_pca10056/nrfx_wdt.o
                0x00000948                nrfx_wdt_enable
 .text.nrfx_wdt_channel_alloc
                0x00000964       0x40 Output/Release/Obj/wdt_pca10056/nrfx_wdt.o
                0x00000964                nrfx_wdt_channel_alloc
 .text.nrfx_wdt_channel_feed
                0x000009a4       0x18 Output/Release/Obj/wdt_pca10056/nrfx_wdt.o
                0x000009a4                nrfx_wdt_channel_feed
 .text.wdt_event_handler
                0x000009bc        0x2 Output/Release/Obj/wdt_pca10056/main.o
                0x000009bc                wdt_event_handler
 *fill*         0x000009be        0x2 
 .text.wdt_init
                0x000009c0       0x3c Output/Release/Obj/wdt_pca10056/main.o
                0x000009c0                wdt_init
 .text.startup.main
                0x000009fc       0x78 Output/Release/Obj/wdt_pca10056/main.o
                0x000009fc                main
 .text.nrf52_errata_36
                0x00000a74       0x12 Output/Release/Obj/wdt_pca10056/system_nrf52840.o
 *fill*         0x00000a86        0x2 
 .text.nrf52_errata_98
                0x00000a88       0x24 Output/Release/Obj/wdt_pca10056/system_nrf52840.o
 .text.nvmc_wait
                0x00000aac       0x10 Output/Release/Obj/wdt_pca10056/system_nrf52840.o
                0x00000aac                nvmc_wait
 .text.SystemInit
                0x00000abc      0x1e8 Output/Release/Obj/wdt_pca10056/system_nrf52840.o
                0x00000abc                SystemInit
 .text.libc.__int64_udivmod
                0x00000ca4       0xce C:/Program Files (x86)/SEGGER/SEGGER Embedded Studio for ARM 5.42a/lib/libc_v7em_fpv4_sp_d16_hard_t_le_eabi.a(libc_asm.o)
                0x00000ca4                __aeabi_uldivmod
                0x00000ca4                __int64_udiv
                0x00000ca4                __udivdi3
                0x00000ca4                __int64_udivmod
                0x00000d74                . = ALIGN (MAX ((__text_start__ + 0x4), .), 0x4)
 *fill*         0x00000d72        0x2 
                0x00000d74                __text_end__ = (__text_start__ + SIZEOF (.text))
                0x000009a4                __text_size__ = SIZEOF (.text)
                0x00000d74                __text_load_end__ = __text_end__

.vfp11_veneer   0x00000000        0x0
 .vfp11_veneer  0x00000000        0x0 linker stubs

.v4_bx          0x00000000        0x0
 .v4_bx         0x00000000        0x0 linker stubs

.iplt           0x00000000        0x0
 .iplt          0x00000000        0x0 Output/Release/Obj/wdt_pca10056/thumb_crt0.o
                0x00000001                . = ASSERT (((__text_start__ == __text_end__) || ((__text_end__ - __FLASH1_segment_start__) <= __FLASH1_segment_size__)), error: .text is too large to fit in FLASH1 memory segment)
                0x00000d74                __log_const_data_load_start__ = ALIGN (__text_end__, 0x4)

.log_const_data
                0x00000d74        0x0
                0x00000d74                __log_const_data_start__ = .
                0x00000d74                __start_log_const_data = __log_const_data_start__
 *(SORT_BY_NAME(.log_const_data*))
                0x00000d74                __log_const_data_end__ = (__log_const_data_start__ + SIZEOF (.log_const_data))
                0x00000000                __log_const_data_size__ = SIZEOF (.log_const_data)
                0x00000d74                __stop_log_const_data = __log_const_data_end__
                0x00000d74                __log_const_data_load_end__ = __log_const_data_end__
                0x00000001                . = ASSERT (((__log_const_data_start__ == __log_const_data_end__) || ((__log_const_data_end__ - __FLASH1_segment_start__) <= __FLASH1_segment_size__)), error: .log_const_data is too large to fit in FLASH1 memory segment)
                0x00000d74                __log_backends_load_start__ = ALIGN (__log_const_data_end__, 0x4)

.log_backends   0x00000d74        0x0
                0x00000d74                __log_backends_start__ = .
                0x00000d74                __start_log_backends = __log_backends_start__
 *(SORT_BY_NAME(.log_backends*))
                0x00000d74                __log_backends_end__ = (__log_backends_start__ + SIZEOF (.log_backends))
                0x00000000                __log_backends_size__ = SIZEOF (.log_backends)
                0x00000d74                __stop_log_backends = __log_backends_end__
                0x00000d74                __log_backends_load_end__ = __log_backends_end__
                0x00000001                . = ASSERT (((__log_backends_start__ == __log_backends_end__) || ((__log_backends_end__ - __FLASH1_segment_start__) <= __FLASH1_segment_size__)), error: .log_backends is too large to fit in FLASH1 memory segment)
                0x00000d74                __nrf_balloc_load_start__ = ALIGN (__log_backends_end__, 0x4)

.nrf_balloc     0x00000d74        0x0
                0x00000d74                __nrf_balloc_start__ = .
                0x00000d74                __start_nrf_balloc = __nrf_balloc_start__
 *(.nrf_balloc*)
                0x00000d74                __nrf_balloc_end__ = (__nrf_balloc_start__ + SIZEOF (.nrf_balloc))
                0x00000000                __nrf_balloc_size__ = SIZEOF (.nrf_balloc)
                0x00000d74                __stop_nrf_balloc = __nrf_balloc_end__
                0x00000d74                __nrf_balloc_load_end__ = __nrf_balloc_end__
                0x00000001                . = ASSERT (((__nrf_balloc_start__ == __nrf_balloc_end__) || ((__nrf_balloc_end__ - __FLASH1_segment_start__) <= __FLASH1_segment_size__)), error: .nrf_balloc is too large to fit in FLASH1 memory segment)
                0x00000d74                __nrf_sections_load_start__ = ALIGN (__nrf_balloc_end__, 0x4)

.nrf_sections   0x00000d74        0x0
                0x00000d74                __nrf_sections_start__ = .
                0x00000d74                __start_nrf_sections = __nrf_sections_start__
 *(.nrf_sections .nrf_sections.*)
                0x00000d74                __nrf_sections_end__ = (__nrf_sections_start__ + SIZEOF (.nrf_sections))
                0x00000000                __nrf_sections_size__ = SIZEOF (.nrf_sections)
                0x00000d74                __nrf_sections_load_end__ = __nrf_sections_end__
                0x00000001                . = ASSERT (((__nrf_sections_start__ == __nrf_sections_end__) || ((__nrf_sections_end__ - __FLASH1_segment_start__) <= __FLASH1_segment_size__)), error: .nrf_sections is too large to fit in FLASH1 memory segment)
                0x00000d74                __log_dynamic_data_load_start__ = ALIGN (__nrf_sections_end__, 0x4)

.log_dynamic_data
                0x20000000        0x0 load address 0x00000d74
                0x20000000                __log_dynamic_data_start__ = .
 *(SORT_BY_NAME(.log_dynamic_data*))
                0x20000000                __log_dynamic_data_end__ = (__log_dynamic_data_start__ + SIZEOF (.log_dynamic_data))
                0x00000000                __log_dynamic_data_size__ = SIZEOF (.log_dynamic_data)
                0x00000d74                __log_dynamic_data_load_end__ = (__log_dynamic_data_load_start__ + SIZEOF (.log_dynamic_data))
                0x00000001                . = ASSERT (((__log_dynamic_data_load_start__ == __log_dynamic_data_load_end__) || ((__log_dynamic_data_load_end__ - __FLASH1_segment_start__) <= __FLASH1_segment_size__)), error: .log_dynamic_data is too large to fit in FLASH1 memory segment)

.log_dynamic_data_run
                0x20000000        0x0
                0x20000000                __log_dynamic_data_run_start__ = .
                0x20000000                __start_log_dynamic_data = __log_dynamic_data_run_start__
                0x20000000                __log_dynamic_data_run_end__ = (__log_dynamic_data_run_start__ + SIZEOF (.log_dynamic_data))
                0x00000000                __log_dynamic_data_run_size__ = (__log_dynamic_data_run_end__ - __log_dynamic_data_run_start__)
                0x20000000                __stop_log_dynamic_data = __log_dynamic_data_run_end__
                0x20000000                __log_dynamic_data_run_load_end__ = __log_dynamic_data_run_end__
                0x00000001                . = ASSERT (((__log_dynamic_data_run_start__ == __log_dynamic_data_run_end__) || ((__log_dynamic_data_run_end__ - __RAM1_segment_start__) <= __RAM1_segment_size__)), error: .log_dynamic_data_run is too large to fit in RAM1 memory segment)
                0x00000d74                __log_filter_data_load_start__ = ALIGN ((__log_dynamic_data_load_start__ + SIZEOF (.log_dynamic_data)), 0x4)

.log_filter_data
                0x20000000        0x0 load address 0x00000d74
                0x20000000                __log_filter_data_start__ = .
 *(SORT_BY_NAME(.log_filter_data*))
                0x20000000                __log_filter_data_end__ = (__log_filter_data_start__ + SIZEOF (.log_filter_data))
                0x00000000                __log_filter_data_size__ = SIZEOF (.log_filter_data)
                0x00000d74                __log_filter_data_load_end__ = (__log_filter_data_load_start__ + SIZEOF (.log_filter_data))
                0x00000001                . = ASSERT (((__log_filter_data_load_start__ == __log_filter_data_load_end__) || ((__log_filter_data_load_end__ - __FLASH1_segment_start__) <= __FLASH1_segment_size__)), error: .log_filter_data is too large to fit in FLASH1 memory segment)

.log_filter_data_run
                0x20000000        0x0
                0x20000000                __log_filter_data_run_start__ = .
                0x20000000                __start_log_filter_data = __log_filter_data_run_start__
                0x20000000                __log_filter_data_run_end__ = (__log_filter_data_run_start__ + SIZEOF (.log_filter_data))
                0x00000000                __log_filter_data_run_size__ = (__log_filter_data_run_end__ - __log_filter_data_run_start__)
                0x20000000                __stop_log_filter_data = __log_filter_data_run_end__
                0x20000000                __log_filter_data_run_load_end__ = __log_filter_data_run_end__
                0x00000001                . = ASSERT (((__log_filter_data_run_start__ == __log_filter_data_run_end__) || ((__log_filter_data_run_end__ - __RAM1_segment_start__) <= __RAM1_segment_size__)), error: .log_filter_data_run is too large to fit in RAM1 memory segment)
                0x20000000                __nrf_sections_run_end_load_start__ = ALIGN (__log_filter_data_run_end__, 0x4)

.nrf_sections_run_end
                0x20000000        0x0
                0x20000000                __nrf_sections_run_end_start__ = .
                0x20000000                __end_nrf_sections_run = __nrf_sections_run_end_start__
 *(.nrf_sections_run_end .nrf_sections_run_end.*)
                0x20000000                __nrf_sections_run_end_end__ = (__nrf_sections_run_end_start__ + SIZEOF (.nrf_sections_run_end))
                0x00000000                __nrf_sections_run_end_size__ = SIZEOF (.nrf_sections_run_end)
                0x20000000                __nrf_sections_run_end_load_end__ = __nrf_sections_run_end_end__
                0x00000001                . = ASSERT (((__nrf_sections_run_end_start__ == __nrf_sections_run_end_end__) || ((__nrf_sections_run_end_end__ - __RAM1_segment_start__) <= __RAM1_segment_size__)), error: .nrf_sections_run_end is too large to fit in RAM1 memory segment)
                0x00000d74                __dtors_load_start__ = ALIGN ((__log_filter_data_load_start__ + SIZEOF (.log_filter_data)), 0x4)

.dtors          0x00000d74        0x0
                0x00000d74                __dtors_start__ = .
 *(SORT_BY_NAME(.dtors.*))
 *(.dtors)
 *(.fini_array)
 *(SORT_BY_NAME(.fini_array.*))
                0x00000d74                __dtors_end__ = (__dtors_start__ + SIZEOF (.dtors))
                0x00000000                __dtors_size__ = SIZEOF (.dtors)
                0x00000d74                __dtors_load_end__ = __dtors_end__
                0x00000001                . = ASSERT (((__dtors_start__ == __dtors_end__) || ((__dtors_end__ - __FLASH1_segment_start__) <= __FLASH1_segment_size__)), error: .dtors is too large to fit in FLASH1 memory segment)
                0x00000d74                __ctors_load_start__ = ALIGN (__dtors_end__, 0x4)

.ctors          0x00000d74        0x0
                0x00000d74                __ctors_start__ = .
 *(SORT_BY_NAME(.ctors.*))
 *(.ctors)
 *(.init_array)
 *(SORT_BY_NAME(.init_array.*))
                0x00000d74                __ctors_end__ = (__ctors_start__ + SIZEOF (.ctors))
                0x00000000                __ctors_size__ = SIZEOF (.ctors)
                0x00000d74                __ctors_load_end__ = __ctors_end__
                0x00000001                . = ASSERT (((__ctors_start__ == __ctors_end__) || ((__ctors_end__ - __FLASH1_segment_start__) <= __FLASH1_segment_size__)), error: .ctors is too large to fit in FLASH1 memory segment)
                0x00000d74                __rodata_load_start__ = ALIGN (__ctors_end__, 0x4)

.rodata         0x00000d74       0x30
                0x00000d74                __rodata_start__ = .
 *(.rodata .rodata.* .gnu.linkonce.r.*)
 .rodata.m_board_led_list
                0x00000d74        0x4 Output/Release/Obj/wdt_pca10056/boards.o
 .rodata        0x00000d78        0xc Output/Release/Obj/wdt_pca10056/main.o
 *fill*         0x00000d84        0xc 
 .rodata.delay_machine_code.0
                0x00000d90        0x6 Output/Release/Obj/wdt_pca10056/main.o
 .rodata.CSWTCH.15
                0x00000d96        0x6 Output/Release/Obj/wdt_pca10056/system_nrf52840.o
 .rodata.CSWTCH.6
                0x00000d9c        0x6 Output/Release/Obj/wdt_pca10056/system_nrf52840.o
                0x00000da4                . = ALIGN (MAX ((__rodata_start__ + 0x4), .), 0x4)
 *fill*         0x00000da2        0x2 
                0x00000da4                __rodata_end__ = (__rodata_start__ + SIZEOF (.rodata))
                0x00000030                __rodata_size__ = SIZEOF (.rodata)
                0x00000da4                __rodata_load_end__ = __rodata_end__

.rel.dyn        0x00000da4        0x0
 .rel.iplt      0x00000da4        0x0 Output/Release/Obj/wdt_pca10056/thumb_crt0.o
                0x00000001                . = ASSERT (((__rodata_start__ == __rodata_end__) || ((__rodata_end__ - __FLASH1_segment_start__) <= __FLASH1_segment_size__)), error: .rodata is too large to fit in FLASH1 memory segment)
                0x00000da4                __ARM.exidx_load_start__ = ALIGN (__rodata_end__, 0x4)

.ARM.exidx      0x00000da4        0x0
                0x00000da4                __ARM.exidx_start__ = .
                0x00000da4                __exidx_start = __ARM.exidx_start__
 *(.ARM.exidx .ARM.exidx.*)
                0x00000da4                __ARM.exidx_end__ = (__ARM.exidx_start__ + SIZEOF (.ARM.exidx))
                0x00000000                __ARM.exidx_size__ = SIZEOF (.ARM.exidx)
                0x00000da4                __exidx_end = __ARM.exidx_end__
                0x00000da4                __ARM.exidx_load_end__ = __ARM.exidx_end__
                0x00000001                . = ASSERT (((__ARM.exidx_start__ == __ARM.exidx_end__) || ((__ARM.exidx_end__ - __FLASH1_segment_start__) <= __FLASH1_segment_size__)), error: .ARM.exidx is too large to fit in FLASH1 memory segment)
                0x00000da4                __fast_load_start__ = ALIGN (__ARM.exidx_end__, 0x4)

.fast           0x20000000        0x0 load address 0x00000da4
                0x20000000                __fast_start__ = .
 *(.fast .fast.*)
                0x20000000                __fast_end__ = (__fast_start__ + SIZEOF (.fast))
                0x00000000                __fast_size__ = SIZEOF (.fast)
                0x00000da4                __fast_load_end__ = (__fast_load_start__ + SIZEOF (.fast))
                0x00000001                . = ASSERT (((__fast_load_start__ == __fast_load_end__) || ((__fast_load_end__ - __FLASH1_segment_start__) <= __FLASH1_segment_size__)), error: .fast is too large to fit in FLASH1 memory segment)

.fast_run       0x20000000        0x0
                0x20000000                __fast_run_start__ = .
                0x20000000                __fast_run_end__ = (__fast_run_start__ + SIZEOF (.fast))
                0x00000000                __fast_run_size__ = (__fast_run_end__ - __fast_run_start__)
                0x20000000                __fast_run_load_end__ = __fast_run_end__
                0x00000001                . = ASSERT (((__fast_run_start__ == __fast_run_end__) || ((__fast_run_end__ - __RAM1_segment_start__) <= __RAM1_segment_size__)), error: .fast_run is too large to fit in RAM1 memory segment)
                0x00000da4                __data_load_start__ = ALIGN ((__fast_load_start__ + SIZEOF (.fast)), 0x4)

.data           0x20000000        0x4 load address 0x00000da4
                0x20000000                __data_start__ = .
 *(.data .data.* .gnu.linkonce.d.*)
 .data.SystemCoreClock
                0x20000000        0x4 Output/Release/Obj/wdt_pca10056/system_nrf52840.o
                0x20000000                SystemCoreClock
                0x20000004                __data_end__ = (__data_start__ + SIZEOF (.data))
                0x00000004                __data_size__ = SIZEOF (.data)
                0x00000da8                __data_load_end__ = (__data_load_start__ + SIZEOF (.data))

.igot.plt       0x00000000        0x0
 .igot.plt      0x00000000        0x0 Output/Release/Obj/wdt_pca10056/thumb_crt0.o
                0x00000001                . = ASSERT (((__data_load_start__ == __data_load_end__) || ((__data_load_end__ - __FLASH1_segment_start__) <= __FLASH1_segment_size__)), error: .data is too large to fit in FLASH1 memory segment)

.data_run       0x20000000        0x0
                0x20000000                __data_run_start__ = .
                0x20000004                __data_run_end__ = (__data_run_start__ + SIZEOF (.data))
                0x00000004                __data_run_size__ = (__data_run_end__ - __data_run_start__)
                0x20000004                __data_run_load_end__ = __data_run_end__
                0x00000001                . = ASSERT (((__data_run_start__ == __data_run_end__) || ((__data_run_end__ - __RAM1_segment_start__) <= __RAM1_segment_size__)), error: .data_run is too large to fit in RAM1 memory segment)
                0x00000da8                __tdata_load_start__ = ALIGN ((__data_load_start__ + SIZEOF (.data)), 0x4)

.tdata          0x20000004        0x0 load address 0x00000da8
                0x20000004                __tdata_start__ = .
 *(.tdata .tdata.*)
                0x20000004                __tdata_end__ = (__tdata_start__ + SIZEOF (.tdata))
                0x00000000                __tdata_size__ = SIZEOF (.tdata)
                0x00000da8                __tdata_load_end__ = (__tdata_load_start__ + SIZEOF (.tdata))
                0x00000da8                __FLASH1_segment_used_end__ = (ALIGN ((__data_load_start__ + SIZEOF (.data)), 0x4) + SIZEOF (.tdata))
                0x00000da8                __FLASH1_segment_used_size__ = (__FLASH1_segment_used_end__ - __FLASH1_segment_start__)
                0x00000001                . = ASSERT (((__tdata_load_start__ == __tdata_load_end__) || ((__tdata_load_end__ - __FLASH1_segment_start__) <= __FLASH1_segment_size__)), error: .tdata is too large to fit in FLASH1 memory segment)

.tdata_run      0x20000004        0x0
                0x20000004                __tdata_run_start__ = .
                0x20000004                __tdata_run_end__ = (__tdata_run_start__ + SIZEOF (.tdata))
                0x00000000                __tdata_run_size__ = (__tdata_run_end__ - __tdata_run_start__)
                0x20000004                __tdata_run_load_end__ = __tdata_run_end__
                0x00000001                . = ASSERT (((__tdata_run_start__ == __tdata_run_end__) || ((__tdata_run_end__ - __RAM1_segment_start__) <= __RAM1_segment_size__)), error: .tdata_run is too large to fit in RAM1 memory segment)
                0x20000004                __bss_load_start__ = ALIGN (__tdata_run_end__, 0x4)

.bss            0x20000004       0xa1
                0x20000004                __bss_start__ = .
 *(.bss .bss.* .gnu.linkonce.b.*)
 .bss.m_in_critical_region
                0x20000004        0x4 Output/Release/Obj/wdt_pca10056/app_util_platform.o
 .bss.m_cb      0x20000008        0x8 Output/Release/Obj/wdt_pca10056/drv_rtc.o
 .bss.m_handlers
                0x20000010        0x4 Output/Release/Obj/wdt_pca10056/drv_rtc.o
 .bss.m_clock_cb
                0x20000014       0x14 Output/Release/Obj/wdt_pca10056/nrf_drv_clock.o
 .bss.m_clock_cb
                0x20000028        0x8 Output/Release/Obj/wdt_pca10056/nrfx_clock.o
 .bss.m_cb      0x20000030       0x6c Output/Release/Obj/wdt_pca10056/nrfx_gpiote.o
 .bss.m_alloc_index
                0x2000009c        0x1 Output/Release/Obj/wdt_pca10056/nrfx_wdt.o
 .bss.m_state   0x2000009d        0x1 Output/Release/Obj/wdt_pca10056/nrfx_wdt.o
 *fill*         0x2000009e        0x2 
 .bss.m_wdt_event_handler
                0x200000a0        0x4 Output/Release/Obj/wdt_pca10056/nrfx_wdt.o
 .bss.m_channel_id
                0x200000a4        0x1 Output/Release/Obj/wdt_pca10056/main.o
                0x200000a4                m_channel_id
 *(COMMON)
                0x200000a5                __bss_end__ = (__bss_start__ + SIZEOF (.bss))
                0x000000a1                __bss_size__ = SIZEOF (.bss)
                0x200000a5                __bss_load_end__ = __bss_end__
                0x00000001                . = ASSERT (((__bss_start__ == __bss_end__) || ((__bss_end__ - __RAM1_segment_start__) <= __RAM1_segment_size__)), error: .bss is too large to fit in RAM1 memory segment)
                0x200000a8                __tbss_load_start__ = ALIGN (__bss_end__, 0x4)

.tbss           0x200000a8        0x0
                0x200000a8                __tbss_start__ = .
 *(.tbss .tbss.*)
                0x200000a8                __tbss_end__ = (__tbss_start__ + SIZEOF (.tbss))
                0x00000000                __tbss_size__ = SIZEOF (.tbss)
                0x200000a8                __tbss_load_end__ = __tbss_end__
                0x00000001                . = ASSERT (((__tbss_start__ == __tbss_end__) || ((__tbss_end__ - __RAM1_segment_start__) <= __RAM1_segment_size__)), error: .tbss is too large to fit in RAM1 memory segment)
                0x200000a8                __non_init_load_start__ = ALIGN (__tbss_end__, 0x4)

.non_init       0x200000a8        0x0
                0x200000a8                __non_init_start__ = .
 *(.non_init .non_init.*)
                0x200000a8                __non_init_end__ = (__non_init_start__ + SIZEOF (.non_init))
                0x00000000                __non_init_size__ = SIZEOF (.non_init)
                0x200000a8                __non_init_load_end__ = __non_init_end__
                0x00000001                . = ASSERT (((__non_init_start__ == __non_init_end__) || ((__non_init_end__ - __RAM1_segment_start__) <= __RAM1_segment_size__)), error: .non_init is too large to fit in RAM1 memory segment)
                0x200000a8                __heap_load_start__ = ALIGN (__non_init_end__, 0x4)

.heap           0x200000a8     0x2000
                0x200000a8                __heap_start__ = .
 *(.heap .heap.*)
                0x200020a8                . = ALIGN (MAX ((__heap_start__ + __HEAPSIZE__), .), 0x4)
 *fill*         0x200000a8     0x2000 
                0x200020a8                __heap_end__ = (__heap_start__ + SIZEOF (.heap))
                0x00002000                __heap_size__ = SIZEOF (.heap)
                0x200020a8                __heap_load_end__ = __heap_end__
                0x00000001                . = ASSERT (((__heap_start__ == __heap_end__) || ((__heap_end__ - __RAM1_segment_start__) <= __RAM1_segment_size__)), error: .heap is too large to fit in RAM1 memory segment)
                0x2003e000                __stack_load_start__ = (__RAM1_segment_start__ + (__RAM1_segment_size__ - 0x2000))

.stack          0x2003e000     0x2000
                0x2003e000                __stack_start__ = .
                0x2003e000                __StackLimit = __stack_start__
 *(.stack .stack.*)
                0x20040000                . = ALIGN (MAX ((__stack_start__ + __STACKSIZE__), .), 0x8)
 *fill*         0x2003e000     0x2000 
                0x20040000                __stack_end__ = (__stack_start__ + SIZEOF (.stack))
                0x00002000                __stack_size__ = SIZEOF (.stack)
                0x20040000                __StackTop = __stack_end__
                0x20040000                __stack_load_end__ = __stack_end__
                0x00000001                . = ASSERT (((__stack_start__ == __stack_end__) || ((__stack_end__ - __RAM1_segment_start__) <= __RAM1_segment_size__)), error: .stack is too large to fit in RAM1 memory segment)
                0x00000001                . = ASSERT ((__heap_end__ <= __stack_start__), error: section .heap overlaps absolute placed section .stack)
                0x20040000                __stack_process_load_start__ = ALIGN (__stack_end__, 0x8)

.stack_process  0x20040000        0x0
                0x20040000                __stack_process_start__ = .
 *(.stack_process .stack_process.*)
                0x20040000                . = ALIGN (MAX ((__stack_process_start__ + __STACKSIZE_PROCESS__), .), 0x8)
                0x20040000                __stack_process_end__ = (__stack_process_start__ + SIZEOF (.stack_process))
                0x00000000                __stack_process_size__ = SIZEOF (.stack_process)
                0x20040000                __stack_process_load_end__ = __stack_process_end__
                0x20040000                __RAM1_segment_used_end__ = (ALIGN (__stack_end__, 0x8) + SIZEOF (.stack_process))
                0x00040000                __RAM1_segment_used_size__ = (__RAM1_segment_used_end__ - __RAM1_segment_start__)
                0x00000001                . = ASSERT (((__stack_process_start__ == __stack_process_end__) || ((__stack_process_end__ - __RAM1_segment_start__) <= __RAM1_segment_size__)), error: .stack_process is too large to fit in RAM1 memory segment)
START GROUP
LOAD Output/Release/Obj/wdt_pca10056/thumb_crt0.o
LOAD Output/Release/Obj/wdt_pca10056/nrf_log_frontend.o
LOAD Output/Release/Obj/wdt_pca10056/nrf_log_str_formatter.o
LOAD Output/Release/Obj/wdt_pca10056/boards.o
LOAD Output/Release/Obj/wdt_pca10056/app_button.o
LOAD Output/Release/Obj/wdt_pca10056/app_error.o
LOAD Output/Release/Obj/wdt_pca10056/app_error_handler_gcc.o
LOAD Output/Release/Obj/wdt_pca10056/app_error_weak.o
LOAD Output/Release/Obj/wdt_pca10056/app_scheduler.o
LOAD Output/Release/Obj/wdt_pca10056/app_timer2.o
LOAD Output/Release/Obj/wdt_pca10056/app_util_platform.o
LOAD Output/Release/Obj/wdt_pca10056/drv_rtc.o
LOAD Output/Release/Obj/wdt_pca10056/nrf_assert.o
LOAD Output/Release/Obj/wdt_pca10056/nrf_atfifo.o
LOAD Output/Release/Obj/wdt_pca10056/nrf_atomic.o
LOAD Output/Release/Obj/wdt_pca10056/nrf_balloc.o
LOAD Output/Release/Obj/wdt_pca10056/nrf_fprintf.o
LOAD Output/Release/Obj/wdt_pca10056/nrf_fprintf_format.o
LOAD Output/Release/Obj/wdt_pca10056/nrf_memobj.o
LOAD Output/Release/Obj/wdt_pca10056/nrf_ringbuf.o
LOAD Output/Release/Obj/wdt_pca10056/nrf_sortlist.o
LOAD Output/Release/Obj/wdt_pca10056/nrf_strerror.o
LOAD Output/Release/Obj/wdt_pca10056/nrf_drv_clock.o
LOAD Output/Release/Obj/wdt_pca10056/nrf_nvic.o
LOAD Output/Release/Obj/wdt_pca10056/nrf_soc.o
LOAD Output/Release/Obj/wdt_pca10056/nrfx_clock.o
LOAD Output/Release/Obj/wdt_pca10056/nrfx_gpiote.o
LOAD Output/Release/Obj/wdt_pca10056/nrfx_wdt.o
LOAD Output/Release/Obj/wdt_pca10056/bsp.o
LOAD Output/Release/Obj/wdt_pca10056/main.o
LOAD Output/Release/Obj/wdt_pca10056/ses_startup_nrf52840.o
LOAD Output/Release/Obj/wdt_pca10056/ses_startup_nrf_common.o
LOAD Output/Release/Obj/wdt_pca10056/system_nrf52840.o
LOAD C:/Program Files (x86)/SEGGER/SEGGER Embedded Studio for ARM 5.42a/lib/libm_v7em_fpv4_sp_d16_hard_t_le_eabi.a
LOAD C:/Program Files (x86)/SEGGER/SEGGER Embedded Studio for ARM 5.42a/lib/libc_v7em_fpv4_sp_d16_hard_t_le_eabi.a
LOAD C:/Program Files (x86)/SEGGER/SEGGER Embedded Studio for ARM 5.42a/lib/libdebugio_v7em_fpv4_sp_d16_hard_t_le_eabi.a
END GROUP
OUTPUT(Output/Release/Exe/wdt_pca10056.elf elf32-littlearm)
LOAD linker stubs

.ARM.attributes
                0x00000000       0x30
 .ARM.attributes
                0x00000000       0x20 Output/Release/Obj/wdt_pca10056/thumb_crt0.o
 .ARM.attributes
                0x00000020       0x39 Output/Release/Obj/wdt_pca10056/boards.o
 .ARM.attributes
                0x00000059       0x39 Output/Release/Obj/wdt_pca10056/app_error.o
 .ARM.attributes
                0x00000092       0x39 Output/Release/Obj/wdt_pca10056/app_error_weak.o
 .ARM.attributes
                0x000000cb       0x39 Output/Release/Obj/wdt_pca10056/app_util_platform.o
 .ARM.attributes
                0x00000104       0x39 Output/Release/Obj/wdt_pca10056/drv_rtc.o
 .ARM.attributes
                0x0000013d       0x39 Output/Release/Obj/wdt_pca10056/nrf_drv_clock.o
 .ARM.attributes
                0x00000176       0x39 Output/Release/Obj/wdt_pca10056/nrfx_clock.o
 .ARM.attributes
                0x000001af       0x39 Output/Release/Obj/wdt_pca10056/nrfx_gpiote.o
 .ARM.attributes
                0x000001e8       0x39 Output/Release/Obj/wdt_pca10056/nrfx_wdt.o
 .ARM.attributes
                0x00000221       0x39 Output/Release/Obj/wdt_pca10056/main.o
 .ARM.attributes
                0x0000025a       0x20 Output/Release/Obj/wdt_pca10056/ses_startup_nrf52840.o
 .ARM.attributes
                0x0000027a       0x20 Output/Release/Obj/wdt_pca10056/ses_startup_nrf_common.o
 .ARM.attributes
                0x0000029a       0x39 Output/Release/Obj/wdt_pca10056/system_nrf52840.o
 .ARM.attributes
                0x000002d3       0x20 C:/Program Files (x86)/SEGGER/SEGGER Embedded Studio for ARM 5.42a/lib/libc_v7em_fpv4_sp_d16_hard_t_le_eabi.a(libc_asm.o)

.comment        0x00000000       0x25
 .comment       0x00000000       0x25 Output/Release/Obj/wdt_pca10056/boards.o
                                 0x26 (size before relaxing)
 .comment       0x00000025       0x26 Output/Release/Obj/wdt_pca10056/app_error.o
 .comment       0x00000025       0x26 Output/Release/Obj/wdt_pca10056/app_error_weak.o
 .comment       0x00000025       0x26 Output/Release/Obj/wdt_pca10056/app_util_platform.o
 .comment       0x00000025       0x26 Output/Release/Obj/wdt_pca10056/drv_rtc.o
 .comment       0x00000025       0x26 Output/Release/Obj/wdt_pca10056/nrf_drv_clock.o
 .comment       0x00000025       0x26 Output/Release/Obj/wdt_pca10056/nrfx_clock.o
 .comment       0x00000025       0x26 Output/Release/Obj/wdt_pca10056/nrfx_gpiote.o
 .comment       0x00000025       0x26 Output/Release/Obj/wdt_pca10056/nrfx_wdt.o
 .comment       0x00000025       0x26 Output/Release/Obj/wdt_pca10056/main.o
 .comment       0x00000025       0x26 Output/Release/Obj/wdt_pca10056/system_nrf52840.o

.debug_line     0x00000000     0x7d38
 .debug_line    0x00000000      0x225 Output/Release/Obj/wdt_pca10056/thumb_crt0.o
 .debug_line    0x00000225      0xb2e Output/Release/Obj/wdt_pca10056/boards.o
 .debug_line    0x00000d53      0x3da Output/Release/Obj/wdt_pca10056/app_error.o
 .debug_line    0x0000112d      0x627 Output/Release/Obj/wdt_pca10056/app_error_weak.o
 .debug_line    0x00001754      0x468 Output/Release/Obj/wdt_pca10056/app_util_platform.o
 .debug_line    0x00001bbc     0x1131 Output/Release/Obj/wdt_pca10056/drv_rtc.o
 .debug_line    0x00002ced      0xb82 Output/Release/Obj/wdt_pca10056/nrf_drv_clock.o
 .debug_line    0x0000386f      0xc0e Output/Release/Obj/wdt_pca10056/nrfx_clock.o
 .debug_line    0x0000447d     0x1cca Output/Release/Obj/wdt_pca10056/nrfx_gpiote.o
 .debug_line    0x00006147      0x99e Output/Release/Obj/wdt_pca10056/nrfx_wdt.o
 .debug_line    0x00006ae5      0xa65 Output/Release/Obj/wdt_pca10056/main.o
 .debug_line    0x0000754a       0xa2 Output/Release/Obj/wdt_pca10056/ses_startup_nrf52840.o
 .debug_line    0x000075ec       0xc1 Output/Release/Obj/wdt_pca10056/ses_startup_nrf_common.o
 .debug_line    0x000076ad      0x68b Output/Release/Obj/wdt_pca10056/system_nrf52840.o

.debug_info     0x00000000     0xbfd6
 .debug_info    0x00000000       0x22 Output/Release/Obj/wdt_pca10056/thumb_crt0.o
 .debug_info    0x00000022      0xcf8 Output/Release/Obj/wdt_pca10056/boards.o
 .debug_info    0x00000d1a      0x2a4 Output/Release/Obj/wdt_pca10056/app_error.o
 .debug_info    0x00000fbe      0x398 Output/Release/Obj/wdt_pca10056/app_error_weak.o
 .debug_info    0x00001356      0x7a9 Output/Release/Obj/wdt_pca10056/app_util_platform.o
 .debug_info    0x00001aff     0x1fda Output/Release/Obj/wdt_pca10056/drv_rtc.o
 .debug_info    0x00003ad9      0xde8 Output/Release/Obj/wdt_pca10056/nrf_drv_clock.o
 .debug_info    0x000048c1     0x1212 Output/Release/Obj/wdt_pca10056/nrfx_clock.o
 .debug_info    0x00005ad3     0x3699 Output/Release/Obj/wdt_pca10056/nrfx_gpiote.o
 .debug_info    0x0000916c      0xd79 Output/Release/Obj/wdt_pca10056/nrfx_wdt.o
 .debug_info    0x00009ee5      0x957 Output/Release/Obj/wdt_pca10056/main.o
 .debug_info    0x0000a83c       0x23 Output/Release/Obj/wdt_pca10056/ses_startup_nrf52840.o
 .debug_info    0x0000a85f       0x23 Output/Release/Obj/wdt_pca10056/ses_startup_nrf_common.o
 .debug_info    0x0000a882     0x1754 Output/Release/Obj/wdt_pca10056/system_nrf52840.o

.debug_abbrev   0x00000000     0x2447
 .debug_abbrev  0x00000000       0x12 Output/Release/Obj/wdt_pca10056/thumb_crt0.o
 .debug_abbrev  0x00000012      0x313 Output/Release/Obj/wdt_pca10056/boards.o
 .debug_abbrev  0x00000325      0x13e Output/Release/Obj/wdt_pca10056/app_error.o
 .debug_abbrev  0x00000463      0x188 Output/Release/Obj/wdt_pca10056/app_error_weak.o
 .debug_abbrev  0x000005eb      0x23c Output/Release/Obj/wdt_pca10056/app_util_platform.o
 .debug_abbrev  0x00000827      0x4c2 Output/Release/Obj/wdt_pca10056/drv_rtc.o
 .debug_abbrev  0x00000ce9      0x41f Output/Release/Obj/wdt_pca10056/nrf_drv_clock.o
 .debug_abbrev  0x00001108      0x461 Output/Release/Obj/wdt_pca10056/nrfx_clock.o
 .debug_abbrev  0x00001569      0x56a Output/Release/Obj/wdt_pca10056/nrfx_gpiote.o
 .debug_abbrev  0x00001ad3      0x31f Output/Release/Obj/wdt_pca10056/nrfx_wdt.o
 .debug_abbrev  0x00001df2      0x31a Output/Release/Obj/wdt_pca10056/main.o
 .debug_abbrev  0x0000210c       0x14 Output/Release/Obj/wdt_pca10056/ses_startup_nrf52840.o
 .debug_abbrev  0x00002120       0x14 Output/Release/Obj/wdt_pca10056/ses_startup_nrf_common.o
 .debug_abbrev  0x00002134      0x313 Output/Release/Obj/wdt_pca10056/system_nrf52840.o

.debug_aranges  0x00000000      0x578
 .debug_aranges
                0x00000000       0x98 Output/Release/Obj/wdt_pca10056/thumb_crt0.o
 .debug_aranges
                0x00000098       0x78 Output/Release/Obj/wdt_pca10056/boards.o
 .debug_aranges
                0x00000110       0x28 Output/Release/Obj/wdt_pca10056/app_error.o
 .debug_aranges
                0x00000138       0x20 Output/Release/Obj/wdt_pca10056/app_error_weak.o
 .debug_aranges
                0x00000158       0x48 Output/Release/Obj/wdt_pca10056/app_util_platform.o
 .debug_aranges
                0x000001a0       0xb8 Output/Release/Obj/wdt_pca10056/drv_rtc.o
 .debug_aranges
                0x00000258       0x88 Output/Release/Obj/wdt_pca10056/nrf_drv_clock.o
 .debug_aranges
                0x000002e0       0x80 Output/Release/Obj/wdt_pca10056/nrfx_clock.o
 .debug_aranges
                0x00000360      0x118 Output/Release/Obj/wdt_pca10056/nrfx_gpiote.o
 .debug_aranges
                0x00000478       0x48 Output/Release/Obj/wdt_pca10056/nrfx_wdt.o
 .debug_aranges
                0x000004c0       0x30 Output/Release/Obj/wdt_pca10056/main.o
 .debug_aranges
                0x000004f0       0x20 Output/Release/Obj/wdt_pca10056/ses_startup_nrf52840.o
 .debug_aranges
                0x00000510       0x20 Output/Release/Obj/wdt_pca10056/ses_startup_nrf_common.o
 .debug_aranges
                0x00000530       0x48 Output/Release/Obj/wdt_pca10056/system_nrf52840.o

.debug_str      0x00000000    0x939e2
 .debug_str     0x00000000       0xcc Output/Release/Obj/wdt_pca10056/thumb_crt0.o
 .debug_str     0x000000cc    0x835dd Output/Release/Obj/wdt_pca10056/boards.o
                              0x848d8 (size before relaxing)
 .debug_str     0x000836a9      0x14f Output/Release/Obj/wdt_pca10056/app_error.o
                              0x764a7 (size before relaxing)
 .debug_str     0x000837f8     0x3077 Output/Release/Obj/wdt_pca10056/app_error_weak.o
                              0x833e1 (size before relaxing)
 .debug_str     0x0008686f      0x4a8 Output/Release/Obj/wdt_pca10056/app_util_platform.o
                              0x76d01 (size before relaxing)
 .debug_str     0x00086d17      0xdde Output/Release/Obj/wdt_pca10056/drv_rtc.o
                              0x86df4 (size before relaxing)
 .debug_str     0x00087af5      0xa69 Output/Release/Obj/wdt_pca10056/nrf_drv_clock.o
                              0x86701 (size before relaxing)
 .debug_str     0x0008855e      0x799 Output/Release/Obj/wdt_pca10056/nrfx_clock.o
                              0x86d44 (size before relaxing)
 .debug_str     0x00088cf7     0x1916 Output/Release/Obj/wdt_pca10056/nrfx_gpiote.o
                              0x88101 (size before relaxing)
 .debug_str     0x0008a60d      0x42e Output/Release/Obj/wdt_pca10056/nrfx_wdt.o
                              0x8691a (size before relaxing)
 .debug_str     0x0008aa3b      0xaef Output/Release/Obj/wdt_pca10056/main.o
                              0x85e82 (size before relaxing)
 .debug_str     0x0008b52a       0x64 Output/Release/Obj/wdt_pca10056/ses_startup_nrf52840.o
                                 0xd9 (size before relaxing)
 .debug_str     0x0008b58e       0x66 Output/Release/Obj/wdt_pca10056/ses_startup_nrf_common.o
                                 0xdb (size before relaxing)
 .debug_str     0x0008b5f4     0x83ee Output/Release/Obj/wdt_pca10056/system_nrf52840.o
                              0x7e018 (size before relaxing)

.debug_ranges   0x00000000     0x13d8
 .debug_ranges  0x00000000       0x90 Output/Release/Obj/wdt_pca10056/thumb_crt0.o
 .debug_ranges  0x00000090      0x2c8 Output/Release/Obj/wdt_pca10056/boards.o
 .debug_ranges  0x00000358       0x18 Output/Release/Obj/wdt_pca10056/app_error.o
 .debug_ranges  0x00000370       0x10 Output/Release/Obj/wdt_pca10056/app_error_weak.o
 .debug_ranges  0x00000380       0x38 Output/Release/Obj/wdt_pca10056/app_util_platform.o
 .debug_ranges  0x000003b8      0x310 Output/Release/Obj/wdt_pca10056/drv_rtc.o
 .debug_ranges  0x000006c8       0xf0 Output/Release/Obj/wdt_pca10056/nrf_drv_clock.o
 .debug_ranges  0x000007b8      0x138 Output/Release/Obj/wdt_pca10056/nrfx_clock.o
 .debug_ranges  0x000008f0      0x8b0 Output/Release/Obj/wdt_pca10056/nrfx_gpiote.o
 .debug_ranges  0x000011a0       0xe8 Output/Release/Obj/wdt_pca10056/nrfx_wdt.o
 .debug_ranges  0x00001288       0xf8 Output/Release/Obj/wdt_pca10056/main.o
 .debug_ranges  0x00001380       0x58 Output/Release/Obj/wdt_pca10056/system_nrf52840.o

.debug_frame    0x00000000      0xba0
 .debug_frame   0x00000000      0x104 Output/Release/Obj/wdt_pca10056/boards.o
 .debug_frame   0x00000104       0x58 Output/Release/Obj/wdt_pca10056/app_error.o
 .debug_frame   0x0000015c       0x20 Output/Release/Obj/wdt_pca10056/app_error_weak.o
 .debug_frame   0x0000017c       0x70 Output/Release/Obj/wdt_pca10056/app_util_platform.o
 .debug_frame   0x000001ec      0x1c4 Output/Release/Obj/wdt_pca10056/drv_rtc.o
 .debug_frame   0x000003b0      0x19c Output/Release/Obj/wdt_pca10056/nrf_drv_clock.o
 .debug_frame   0x0000054c      0x158 Output/Release/Obj/wdt_pca10056/nrfx_clock.o
 .debug_frame   0x000006a4      0x374 Output/Release/Obj/wdt_pca10056/nrfx_gpiote.o
 .debug_frame   0x00000a18       0xac Output/Release/Obj/wdt_pca10056/nrfx_wdt.o
 .debug_frame   0x00000ac4       0x60 Output/Release/Obj/wdt_pca10056/main.o
 .debug_frame   0x00000b24       0x7c Output/Release/Obj/wdt_pca10056/system_nrf52840.o

.debug_loc      0x00000000     0x4ad9
 .debug_loc     0x00000000      0x93c Output/Release/Obj/wdt_pca10056/boards.o
 .debug_loc     0x0000093c       0xcd Output/Release/Obj/wdt_pca10056/app_error.o
 .debug_loc     0x00000a09       0x4a Output/Release/Obj/wdt_pca10056/app_error_weak.o
 .debug_loc     0x00000a53       0xda Output/Release/Obj/wdt_pca10056/app_util_platform.o
 .debug_loc     0x00000b2d     0x11ae Output/Release/Obj/wdt_pca10056/drv_rtc.o
 .debug_loc     0x00001cdb      0x35d Output/Release/Obj/wdt_pca10056/nrf_drv_clock.o
 .debug_loc     0x00002038      0x2a1 Output/Release/Obj/wdt_pca10056/nrfx_clock.o
 .debug_loc     0x000022d9     0x21f4 Output/Release/Obj/wdt_pca10056/nrfx_gpiote.o
 .debug_loc     0x000044cd      0x2df Output/Release/Obj/wdt_pca10056/nrfx_wdt.o
 .debug_loc     0x000047ac      0x26b Output/Release/Obj/wdt_pca10056/main.o
 .debug_loc     0x00004a17       0xc2 Output/Release/Obj/wdt_pca10056/system_nrf52840.o

.debug_pubnames
                0x00000000     0x3823
 .debug_pubnames
                0x00000000      0x4bd Output/Release/Obj/wdt_pca10056/boards.o
 .debug_pubnames
                0x000004bd       0x6c Output/Release/Obj/wdt_pca10056/app_error.o
 .debug_pubnames
                0x00000529      0x106 Output/Release/Obj/wdt_pca10056/app_error_weak.o
 .debug_pubnames
                0x0000062f      0x223 Output/Release/Obj/wdt_pca10056/app_util_platform.o
 .debug_pubnames
                0x00000852      0x711 Output/Release/Obj/wdt_pca10056/drv_rtc.o
 .debug_pubnames
                0x00000f63      0x4a2 Output/Release/Obj/wdt_pca10056/nrf_drv_clock.o
 .debug_pubnames
                0x00001405      0x6e4 Output/Release/Obj/wdt_pca10056/nrfx_clock.o
 .debug_pubnames
                0x00001ae9     0x1175 Output/Release/Obj/wdt_pca10056/nrfx_gpiote.o
 .debug_pubnames
                0x00002c5e      0x7ab Output/Release/Obj/wdt_pca10056/nrfx_wdt.o
 .debug_pubnames
                0x00003409      0x2c2 Output/Release/Obj/wdt_pca10056/main.o
 .debug_pubnames
                0x000036cb      0x158 Output/Release/Obj/wdt_pca10056/system_nrf52840.o

.debug_pubtypes
                0x00000000     0x1347
 .debug_pubtypes
                0x00000000      0x181 Output/Release/Obj/wdt_pca10056/boards.o
 .debug_pubtypes
                0x00000181      0x10a Output/Release/Obj/wdt_pca10056/app_error.o
 .debug_pubtypes
                0x0000028b      0x108 Output/Release/Obj/wdt_pca10056/app_error_weak.o
 .debug_pubtypes
                0x00000393      0x110 Output/Release/Obj/wdt_pca10056/app_util_platform.o
 .debug_pubtypes
                0x000004a3      0x1e2 Output/Release/Obj/wdt_pca10056/drv_rtc.o
 .debug_pubtypes
                0x00000685      0x1f0 Output/Release/Obj/wdt_pca10056/nrf_drv_clock.o
 .debug_pubtypes
                0x00000875      0x1ff Output/Release/Obj/wdt_pca10056/nrfx_clock.o
 .debug_pubtypes
                0x00000a74      0x2f2 Output/Release/Obj/wdt_pca10056/nrfx_gpiote.o
 .debug_pubtypes
                0x00000d66      0x21f Output/Release/Obj/wdt_pca10056/nrfx_wdt.o
 .debug_pubtypes
                0x00000f85      0x1f0 Output/Release/Obj/wdt_pca10056/main.o
 .debug_pubtypes
                0x00001175      0x1d2 Output/Release/Obj/wdt_pca10056/system_nrf52840.o

.debug_macro    0x00000000     0x4028
 .debug_macro   0x00000000      0x225 Output/Release/Obj/wdt_pca10056/boards.o
 .debug_macro   0x00000225       0x1c Output/Release/Obj/wdt_pca10056/boards.o
 .debug_macro   0x00000241       0xfb Output/Release/Obj/wdt_pca10056/boards.o
 .debug_macro   0x0000033c       0x40 Output/Release/Obj/wdt_pca10056/boards.o
 .debug_macro   0x0000037c      0x462 Output/Release/Obj/wdt_pca10056/boards.o
 .debug_macro   0x000007de       0x59 Output/Release/Obj/wdt_pca10056/boards.o
 .debug_macro   0x00000837      0x145 Output/Release/Obj/wdt_pca10056/boards.o
 .debug_macro   0x0000097c      0x154 Output/Release/Obj/wdt_pca10056/boards.o
 .debug_macro   0x00000ad0       0x3f Output/Release/Obj/wdt_pca10056/boards.o
 .debug_macro   0x00000b0f       0x72 Output/Release/Obj/wdt_pca10056/boards.o
 .debug_macro   0x00000b81       0x49 Output/Release/Obj/wdt_pca10056/boards.o
 .debug_macro   0x00000bca       0x8c Output/Release/Obj/wdt_pca10056/boards.o
 .debug_macro   0x00000c56       0x19 Output/Release/Obj/wdt_pca10056/boards.o
 .debug_macro   0x00000c6f       0x1d Output/Release/Obj/wdt_pca10056/boards.o
 .debug_macro   0x00000c8c       0x35 Output/Release/Obj/wdt_pca10056/boards.o
 .debug_macro   0x00000cc1       0x7b Output/Release/Obj/wdt_pca10056/boards.o
 .debug_macro   0x00000d3c       0x64 Output/Release/Obj/wdt_pca10056/boards.o
 .debug_macro   0x00000da0       0x20 Output/Release/Obj/wdt_pca10056/boards.o
 .debug_macro   0x00000dc0       0x1c Output/Release/Obj/wdt_pca10056/boards.o
 .debug_macro   0x00000ddc      0x208 Output/Release/Obj/wdt_pca10056/boards.o
 .debug_macro   0x00000fe4      0x16d Output/Release/Obj/wdt_pca10056/boards.o
 .debug_macro   0x00001151      0x103 Output/Release/Obj/wdt_pca10056/app_error.o
 .debug_macro   0x00001254       0x78 Output/Release/Obj/wdt_pca10056/app_error.o
 .debug_macro   0x000012cc      0x202 Output/Release/Obj/wdt_pca10056/app_error_weak.o
 .debug_macro   0x000014ce       0x31 Output/Release/Obj/wdt_pca10056/app_error_weak.o
 .debug_macro   0x000014ff       0x16 Output/Release/Obj/wdt_pca10056/app_error_weak.o
 .debug_macro   0x00001515      0x17f Output/Release/Obj/wdt_pca10056/app_error_weak.o
 .debug_macro   0x00001694       0x28 Output/Release/Obj/wdt_pca10056/app_error_weak.o
 .debug_macro   0x000016bc       0x23 Output/Release/Obj/wdt_pca10056/app_error_weak.o
 .debug_macro   0x000016df       0x1c Output/Release/Obj/wdt_pca10056/app_error_weak.o
 .debug_macro   0x000016fb      0x11f Output/Release/Obj/wdt_pca10056/app_util_platform.o
 .debug_macro   0x0000181a      0x2c3 Output/Release/Obj/wdt_pca10056/drv_rtc.o
 .debug_macro   0x00001add       0x10 Output/Release/Obj/wdt_pca10056/drv_rtc.o
 .debug_macro   0x00001aed      0x2e2 Output/Release/Obj/wdt_pca10056/nrf_drv_clock.o
 .debug_macro   0x00001dcf       0x16 Output/Release/Obj/wdt_pca10056/nrf_drv_clock.o
 .debug_macro   0x00001de5       0x10 Output/Release/Obj/wdt_pca10056/nrf_drv_clock.o
 .debug_macro   0x00001df5       0x16 Output/Release/Obj/wdt_pca10056/nrf_drv_clock.o
 .debug_macro   0x00001e0b      0x2b7 Output/Release/Obj/wdt_pca10056/nrfx_clock.o
 .debug_macro   0x000020c2       0x1c Output/Release/Obj/wdt_pca10056/nrfx_clock.o
 .debug_macro   0x000020de       0x42 Output/Release/Obj/wdt_pca10056/nrfx_clock.o
 .debug_macro   0x00002120      0x2f5 Output/Release/Obj/wdt_pca10056/nrfx_gpiote.o
 .debug_macro   0x00002415       0x22 Output/Release/Obj/wdt_pca10056/nrfx_gpiote.o
 .debug_macro   0x00002437       0x16 Output/Release/Obj/wdt_pca10056/nrfx_gpiote.o
 .debug_macro   0x0000244d      0x2a1 Output/Release/Obj/wdt_pca10056/nrfx_wdt.o
 .debug_macro   0x000026ee       0x10 Output/Release/Obj/wdt_pca10056/nrfx_wdt.o
 .debug_macro   0x000026fe      0x2d7 Output/Release/Obj/wdt_pca10056/main.o
 .debug_macro   0x000029d5       0x3a Output/Release/Obj/wdt_pca10056/main.o
 .debug_macro   0x00002a0f      0x10f Output/Release/Obj/wdt_pca10056/system_nrf52840.o
 .debug_macro   0x00002b1e      0x44e Output/Release/Obj/wdt_pca10056/system_nrf52840.o
 .debug_macro   0x00002f6c      0xa28 Output/Release/Obj/wdt_pca10056/system_nrf52840.o
 .debug_macro   0x00003994      0x520 Output/Release/Obj/wdt_pca10056/system_nrf52840.o
 .debug_macro   0x00003eb4      0x164 Output/Release/Obj/wdt_pca10056/system_nrf52840.o
 .debug_macro   0x00004018       0x10 Output/Release/Obj/wdt_pca10056/system_nrf52840.o
