Archive member included to satisfy reference by file (symbol)

C:/Program Files/SEGGER/SEGGER Embedded Studio for ARM 5.42a/lib/libc_v7em_fpv4_sp_d16_hard_t_le_eabi.a(libc2.o)
                              Output/Release/Obj/ble_app_blinky_pca10040_s132/nrf_log_str_formatter.o (isprint)
C:/Program Files/SEGGER/SEGGER Embedded Studio for ARM 5.42a/lib/libc_v7em_fpv4_sp_d16_hard_t_le_eabi.a(libc2_asm.o)
                              Output/Release/Obj/ble_app_blinky_pca10040_s132/nrf_log_frontend.o (memcpy)
C:/Program Files/SEGGER/SEGGER Embedded Studio for ARM 5.42a/lib/libc_v7em_fpv4_sp_d16_hard_t_le_eabi.a(libvfprintf.o)
                              (__vfprintf_long)
C:/Program Files/SEGGER/SEGGER Embedded Studio for ARM 5.42a/lib/libc_v7em_fpv4_sp_d16_hard_t_le_eabi.a(libvfscanf.o)
                              (__vfscanf_long)
C:/Program Files/SEGGER/SEGGER Embedded Studio for ARM 5.42a/lib/libc_v7em_fpv4_sp_d16_hard_t_le_eabi.a(libc.o)
                              C:/Program Files/SEGGER/SEGGER Embedded Studio for ARM 5.42a/lib/libc_v7em_fpv4_sp_d16_hard_t_le_eabi.a(libc2.o) (__heap_lock)
C:/Program Files/SEGGER/SEGGER Embedded Studio for ARM 5.42a/lib/libc_v7em_fpv4_sp_d16_hard_t_le_eabi.a(libc_asm.o)
                              C:/Program Files/SEGGER/SEGGER Embedded Studio for ARM 5.42a/lib/libc_v7em_fpv4_sp_d16_hard_t_le_eabi.a(libc2.o) (__aeabi_uldivmod)
C:/Program Files/SEGGER/SEGGER Embedded Studio for ARM 5.42a/lib/libdebugio_v7em_fpv4_sp_d16_hard_t_le_eabi.a(libdebugio.o)
                              Output/Release/Obj/ble_app_blinky_pca10040_s132/thumb_crt0.o (debug_fopen)
C:/Program Files/SEGGER/SEGGER Embedded Studio for ARM 5.42a/lib/libdebugio_v7em_fpv4_sp_d16_hard_t_le_eabi.a(do_nv_debug_operation.o)
                              C:/Program Files/SEGGER/SEGGER Embedded Studio for ARM 5.42a/lib/libdebugio_v7em_fpv4_sp_d16_hard_t_le_eabi.a(libdebugio.o) (__do_nvdebug_operation)
C:/Program Files/SEGGER/SEGGER Embedded Studio for ARM 5.42a/lib/libdebugio_v7em_fpv4_sp_d16_hard_t_le_eabi.a(mempoll_debug_operations.o)
                              (__do_debug_operation_mempoll)
C:/Program Files/SEGGER/SEGGER Embedded Studio for ARM 5.42a/lib/libm_v7em_fpv4_sp_d16_hard_t_le_eabi.a(libm_asm.o)
                              C:/Program Files/SEGGER/SEGGER Embedded Studio for ARM 5.42a/lib/libc_v7em_fpv4_sp_d16_hard_t_le_eabi.a(libc2.o) (__aeabi_dadd)
C:/Program Files/SEGGER/SEGGER Embedded Studio for ARM 5.42a/lib/libm_v7em_fpv4_sp_d16_hard_t_le_eabi.a(libm2.o)
                              C:/Program Files/SEGGER/SEGGER Embedded Studio for ARM 5.42a/lib/libc_v7em_fpv4_sp_d16_hard_t_le_eabi.a(libvfprintf.o) (frexp)

Discarded input sections

 .text          0x0000000000000000        0x0 Output/Release/Obj/ble_app_blinky_pca10040_s132/thumb_crt0.o
 .data          0x0000000000000000        0x0 Output/Release/Obj/ble_app_blinky_pca10040_s132/thumb_crt0.o
 .bss           0x0000000000000000        0x0 Output/Release/Obj/ble_app_blinky_pca10040_s132/thumb_crt0.o
 .text.__aeabi_read_tp
                0x0000000000000000        0x8 Output/Release/Obj/ble_app_blinky_pca10040_s132/thumb_crt0.o
 .text.abort    0x0000000000000000        0x2 Output/Release/Obj/ble_app_blinky_pca10040_s132/thumb_crt0.o
 .text.__assert
                0x0000000000000000        0x2 Output/Release/Obj/ble_app_blinky_pca10040_s132/thumb_crt0.o
 .text.__assert_func
                0x0000000000000000        0x2 Output/Release/Obj/ble_app_blinky_pca10040_s132/thumb_crt0.o
 .text.__aeabi_assert
                0x0000000000000000        0x2 Output/Release/Obj/ble_app_blinky_pca10040_s132/thumb_crt0.o
 .text.__sync_synchronize
                0x0000000000000000        0x2 Output/Release/Obj/ble_app_blinky_pca10040_s132/thumb_crt0.o
 .text.__getchar
                0x0000000000000000        0x4 Output/Release/Obj/ble_app_blinky_pca10040_s132/thumb_crt0.o
 .text.__putchar
                0x0000000000000000        0x4 Output/Release/Obj/ble_app_blinky_pca10040_s132/thumb_crt0.o
 .text.__open   0x0000000000000000        0x4 Output/Release/Obj/ble_app_blinky_pca10040_s132/thumb_crt0.o
 .text.__close  0x0000000000000000        0x4 Output/Release/Obj/ble_app_blinky_pca10040_s132/thumb_crt0.o
 .text.__write  0x0000000000000000        0xa Output/Release/Obj/ble_app_blinky_pca10040_s132/thumb_crt0.o
 .text.__read   0x0000000000000000        0xa Output/Release/Obj/ble_app_blinky_pca10040_s132/thumb_crt0.o
 .text.__seek   0x0000000000000000       0x1a Output/Release/Obj/ble_app_blinky_pca10040_s132/thumb_crt0.o
 .text.remove   0x0000000000000000        0x4 Output/Release/Obj/ble_app_blinky_pca10040_s132/thumb_crt0.o
 .text.rename   0x0000000000000000        0x4 Output/Release/Obj/ble_app_blinky_pca10040_s132/thumb_crt0.o
 .bss.__user_locale_name_buffer
                0x0000000000000000        0x4 Output/Release/Obj/ble_app_blinky_pca10040_s132/thumb_crt0.o
[...]
Memory Configuration

Name             Origin             Length             Attributes
UNPLACED_SECTIONS 0x0000000100000000 0x0000000000000000 xw
RAM1             0x0000000020000000 0x0000000000010000 xw
FLASH1           0x0000000000000000 0x0000000000080000 xw
*default*        0x0000000000000000 0xffffffffffffffff

Linker script and memory map

                0x0000000000000000                __do_debug_operation = __do_debug_operation_mempoll
                0x0000000000000000                __vfprintf = __vfprintf_long
                0x0000000000000000                __vfscanf = __vfscanf_long
                0x0000000020000000                __RAM1_segment_start__ = 0x20000000
                0x0000000020010000                __RAM1_segment_end__ = 0x20010000
                0x0000000000010000                __RAM1_segment_size__ = 0x10000
                0x0000000000000000                __FLASH1_segment_start__ = 0x0
                0x0000000000080000                __FLASH1_segment_end__ = 0x80000
                0x0000000000080000                __FLASH1_segment_size__ = 0x80000
                0x0000000000002000                __HEAPSIZE__ = 0x2000
                0x0000000000000000                __STACKSIZE_PROCESS__ = 0x0
                0x0000000000002000                __STACKSIZE__ = 0x2000
                0x0000000020000000                __reserved_ram_load_start__ = 0x20000000

.reserved_ram   0x0000000020000000     0x22f0
                0x0000000020000000                __reserved_ram_start__ = .
 *(.reserved_ram .reserved_ram.*)
                0x00000000200022f0                . = MAX (((__reserved_ram_start__ + 0x200022f0) - 0x20000000), .)
 *fill*         0x0000000020000000     0x22f0 
                0x00000000200022f0                __reserved_ram_end__ = (__reserved_ram_start__ + SIZEOF (.reserved_ram))
                0x00000000000022f0                __reserved_ram_size__ = SIZEOF (.reserved_ram)
                0x00000000200022f0                __reserved_ram_load_end__ = __reserved_ram_end__
                0x0000000000000001                . = ASSERT (((__reserved_ram_start__ == __reserved_ram_end__) || ((__reserved_ram_end__ - __RAM1_segment_start__) <= __RAM1_segment_size__)), error: .reserved_ram is too large to fit in RAM1 memory segment)
                0x00000000200022f0                __vectors_ram_load_start__ = 0x200022f0

.vectors_ram    0x00000000200022f0        0x0
                0x00000000200022f0                __vectors_ram_start__ = .
                0x00000000200022f0                __app_ram_start__ = __vectors_ram_start__
 *(.vectors_ram .vectors_ram.*)
                0x00000000200022f0                __vectors_ram_end__ = (__vectors_ram_start__ + SIZEOF (.vectors_ram))
                0x0000000000000000                __vectors_ram_size__ = SIZEOF (.vectors_ram)
                0x00000000200022f0                __vectors_ram_load_end__ = __vectors_ram_end__
                0x0000000000000001                . = ASSERT (((__vectors_ram_start__ == __vectors_ram_end__) || ((__vectors_ram_end__ - __RAM1_segment_start__) <= __RAM1_segment_size__)), error: .vectors_ram is too large to fit in RAM1 memory segment)
                0x0000000000000001                . = ASSERT ((__reserved_ram_end__ <= __vectors_ram_start__), error: section .reserved_ram overlaps absolute placed section .vectors_ram)
                0x00000000200022f0                __nrf_sections_run_load_start__ = ALIGN (__vectors_ram_end__, 0x4)

.nrf_sections_run
                0x00000000200022f0        0x0
                0x00000000200022f0                __nrf_sections_run_start__ = .
                0x00000000200022f0                __start_nrf_sections_run = __nrf_sections_run_start__
 *(.nrf_sections_run .nrf_sections_run.*)
                0x00000000200022f0                __nrf_sections_run_end__ = (__nrf_sections_run_start__ + SIZEOF (.nrf_sections_run))
                0x0000000000000000                __nrf_sections_run_size__ = SIZEOF (.nrf_sections_run)
                0x00000000200022f0                __nrf_sections_run_load_end__ = __nrf_sections_run_end__
                0x0000000000000001                . = ASSERT (((__nrf_sections_run_start__ == __nrf_sections_run_end__) || ((__nrf_sections_run_end__ - __RAM1_segment_start__) <= __RAM1_segment_size__)), error: .nrf_sections_run is too large to fit in RAM1 memory segment)
                0x0000000000000000                __reserved_flash_load_start__ = 0x0

.reserved_flash
                0x0000000000000000    0x26000
                0x0000000000000000                __reserved_flash_start__ = .
 *(.reserved_flash .reserved_flash.*)
                0x0000000000026000                . = MAX (((__reserved_flash_start__ + 0x26000) - 0x0), .)
 *fill*         0x0000000000000000    0x26000 
                0x0000000000026000                __reserved_flash_end__ = (__reserved_flash_start__ + SIZEOF (.reserved_flash))
                0x0000000000026000                __reserved_flash_size__ = SIZEOF (.reserved_flash)
                0x0000000000026000                __reserved_flash_load_end__ = __reserved_flash_end__
                0x0000000000000001                . = ASSERT (((__reserved_flash_start__ == __reserved_flash_end__) || ((__reserved_flash_end__ - __FLASH1_segment_start__) <= __FLASH1_segment_size__)), error: .reserved_flash is too large to fit in FLASH1 memory segment)
                0x0000000000026000                __vectors_load_start__ = 0x26000

.vectors        0x0000000000026000      0x200
                0x0000000000026000                __vectors_start__ = .
 *(.vectors .vectors.*)
 .vectors       0x0000000000026000      0x200 Output/Release/Obj/ble_app_blinky_pca10040_s132/ses_startup_nrf52.o
                0x0000000000026000                _vectors
                0x0000000000026200                __vectors_end__ = (__vectors_start__ + SIZEOF (.vectors))
                0x0000000000000200                __vectors_size__ = SIZEOF (.vectors)
                0x0000000000026200                __vectors_load_end__ = __vectors_end__
                0x0000000000000001                . = ASSERT (((__vectors_start__ == __vectors_end__) || ((__vectors_end__ - __FLASH1_segment_start__) <= __FLASH1_segment_size__)), error: .vectors is too large to fit in FLASH1 memory segment)
                0x0000000000000001                . = ASSERT ((__reserved_flash_end__ <= __vectors_start__), error: section .reserved_flash overlaps absolute placed section .vectors)
                0x0000000000026200                __init_load_start__ = ALIGN (__vectors_end__, 0x4)

.init           0x0000000000026200      0x1d0
                0x0000000000026200                __init_start__ = .
 *(.init .init.*)
 .init          0x0000000000026200      0x15c Output/Release/Obj/ble_app_blinky_pca10040_s132/thumb_crt0.o
                0x0000000000026200                _start
                0x00000000000262b4                exit
 .init          0x000000000002635c       0x18 Output/Release/Obj/ble_app_blinky_pca10040_s132/ses_startup_nrf52.o
                0x000000000002635c                NMI_Handler
                0x000000000002635e                HardFault_Handler
                0x0000000000026360                MemoryManagement_Handler
                0x0000000000026362                BusFault_Handler
                0x0000000000026364                UsageFault_Handler
                0x0000000000026366                SVC_Handler
                0x0000000000026368                DebugMon_Handler
                0x000000000002636a                PendSV_Handler
                0x000000000002636c                SysTick_Handler
                0x000000000002636e                SWI0_EGU0_IRQHandler
                0x000000000002636e                RADIO_IRQHandler
                0x000000000002636e                PDM_IRQHandler
                0x000000000002636e                PWM1_IRQHandler
                0x000000000002636e                QDEC_IRQHandler
                0x000000000002636e                TIMER3_IRQHandler
                0x000000000002636e                RTC0_IRQHandler
                0x000000000002636e                SPIM0_SPIS0_TWIM0_TWIS0_SPI0_TWI0_IRQHandler
                0x000000000002636e                TEMP_IRQHandler
                0x000000000002636e                TIMER4_IRQHandler
                0x000000000002636e                I2S_IRQHandler
                0x000000000002636e                SWI4_EGU4_IRQHandler
                0x000000000002636e                TIMER0_IRQHandler
                0x000000000002636e                Dummy_Handler
                0x000000000002636e                TIMER1_IRQHandler
                0x000000000002636e                PWM2_IRQHandler
                0x000000000002636e                ECB_IRQHandler
                0x000000000002636e                SPIM1_SPIS1_TWIM1_TWIS1_SPI1_TWI1_IRQHandler
                0x000000000002636e                SAADC_IRQHandler
                0x000000000002636e                CCM_AAR_IRQHandler
                0x000000000002636e                WDT_IRQHandler
                0x000000000002636e                FPU_IRQHandler
                0x000000000002636e                SWI5_EGU5_IRQHandler
                0x000000000002636e                RNG_IRQHandler
                0x000000000002636e                RTC2_IRQHandler
                0x000000000002636e                PWM0_IRQHandler
                0x000000000002636e                SWI3_EGU3_IRQHandler
                0x000000000002636e                SWI1_EGU1_IRQHandler
                0x000000000002636e                SPIM2_SPIS2_SPI2_IRQHandler
                0x000000000002636e                NFCT_IRQHandler
                0x000000000002636e                TIMER2_IRQHandler
                0x000000000002636e                MWU_IRQHandler
                0x000000000002636e                COMP_LPCOMP_IRQHandler
                0x0000000000026370                nRFInitialize
 .init          0x0000000000026374       0x5c Output/Release/Obj/ble_app_blinky_pca10040_s132/ses_startup_nrf_common.o
                0x0000000000026374                Reset_Handler
                0x0000000000026378                afterInitialize
                0x000000000002639c                InitializeUserMemorySections
                0x00000000000263d0                __init_end__ = (__init_start__ + SIZEOF (.init))
                0x00000000000001d0                __init_size__ = SIZEOF (.init)
                0x00000000000263d0                __init_load_end__ = __init_end__
                0x0000000000000001                . = ASSERT (((__init_start__ == __init_end__) || ((__init_end__ - __FLASH1_segment_start__) <= __FLASH1_segment_size__)), error: .init is too large to fit in FLASH1 memory segment)
                0x00000000000263d0                __init_rodata_load_start__ = ALIGN (__init_end__, 0x4)

.init_rodata    0x00000000000263d0        0x0
                0x00000000000263d0                __init_rodata_start__ = .
 *(.init_rodata .init_rodata.*)
                0x00000000000263d0                __init_rodata_end__ = (__init_rodata_start__ + SIZEOF (.init_rodata))
                0x0000000000000000                __init_rodata_size__ = SIZEOF (.init_rodata)
                0x00000000000263d0                __init_rodata_load_end__ = __init_rodata_end__
                0x0000000000000001                . = ASSERT (((__init_rodata_start__ == __init_rodata_end__) || ((__init_rodata_end__ - __FLASH1_segment_start__) <= __FLASH1_segment_size__)), error: .init_rodata is too large to fit in FLASH1 memory segment)
                0x00000000000263d0                __text_load_start__ = ALIGN (__init_rodata_end__, 0x4)

.text           0x00000000000263d0     0x49d0
                0x00000000000263d0                __text_start__ = .
 *(.text .text.* .glue_7t .glue_7 .gnu.linkonce.t.* .gcc_except_table .ARM.extab* .gnu.linkonce.armextab.*)
 .glue_7        0x00000000000263d0        0x0 linker stubs
 .glue_7t       0x00000000000263d0        0x0 linker stubs
 .text.nrf_log_backend_serial_put
                0x00000000000263d0       0xc2 Output/Release/Obj/ble_app_blinky_pca10040_s132/nrf_log_backend_serial.o
                0x00000000000263d0                nrf_log_backend_serial_put
 *fill*         0x0000000000026492        0x2 
 .text.uart_evt_handler
                0x0000000000026494        0xc Output/Release/Obj/ble_app_blinky_pca10040_s132/nrf_log_backend_uart.o
 .text.nrf_log_backend_uart_flush
                0x00000000000264a0        0x2 Output/Release/Obj/ble_app_blinky_pca10040_s132/nrf_log_backend_uart.o
 *fill*         0x00000000000264a2        0x2 
 .text.uart_init
                0x00000000000264a4       0x4c Output/Release/Obj/ble_app_blinky_pca10040_s132/nrf_log_backend_uart.o
 .text.nrf_log_backend_uart_put
                0x00000000000264f0       0x1c Output/Release/Obj/ble_app_blinky_pca10040_s132/nrf_log_backend_uart.o
 .text.serial_tx
                0x000000000002650c       0x48 Output/Release/Obj/ble_app_blinky_pca10040_s132/nrf_log_backend_uart.o
 .text.nrf_log_backend_uart_panic_set
                0x0000000000026554       0x2c Output/Release/Obj/ble_app_blinky_pca10040_s132/nrf_log_backend_uart.o
 .text.nrf_log_backend_uart_init
                0x0000000000026580        0x6 Output/Release/Obj/ble_app_blinky_pca10040_s132/nrf_log_backend_uart.o
                0x0000000000026580                nrf_log_backend_uart_init
 *fill*         0x0000000000026586        0x2 
 .text.nrf_log_default_backends_init
                0x0000000000026588       0x20 Output/Release/Obj/ble_app_blinky_pca10040_s132/nrf_log_default_backends.o
                0x0000000000026588                nrf_log_default_backends_init
 .text.invalid_packets_omit
                0x00000000000265a8       0x3a Output/Release/Obj/ble_app_blinky_pca10040_s132/nrf_log_frontend.o
 *fill*         0x00000000000265e2        0x2 
 .text.buf_prealloc
                0x00000000000265e4      0x128 Output/Release/Obj/ble_app_blinky_pca10040_s132/nrf_log_frontend.o
 .text.nrf_log_init
                0x000000000002670c       0x28 Output/Release/Obj/ble_app_blinky_pca10040_s132/nrf_log_frontend.o
                0x000000000002670c                nrf_log_init
 .text.nrf_log_module_name_get
                0x0000000000026734       0x38 Output/Release/Obj/ble_app_blinky_pca10040_s132/nrf_log_frontend.o
                0x0000000000026734                nrf_log_module_name_get
 .text.nrf_log_color_id_get
                0x000000000002676c       0x2c Output/Release/Obj/ble_app_blinky_pca10040_s132/nrf_log_frontend.o
                0x000000000002676c                nrf_log_color_id_get
 .text.log_pending_hook
                0x0000000000026798        0x2 Output/Release/Obj/ble_app_blinky_pca10040_s132/nrf_log_frontend.o
                0x0000000000026798                log_pending_hook
 *fill*         0x000000000002679a        0x2 
 .text.buffer_is_empty
                0x000000000002679c       0x14 Output/Release/Obj/ble_app_blinky_pca10040_s132/nrf_log_frontend.o
                0x000000000002679c                buffer_is_empty
 .text.nrf_log_frontend_dequeue
                0x00000000000267b0      0x208 Output/Release/Obj/ble_app_blinky_pca10040_s132/nrf_log_frontend.o
                0x00000000000267b0                nrf_log_frontend_dequeue
 .text.std_n    0x00000000000269b8       0x90 Output/Release/Obj/ble_app_blinky_pca10040_s132/nrf_log_frontend.o
 .text.nrf_log_frontend_std_0
                0x0000000000026a48        0x8 Output/Release/Obj/ble_app_blinky_pca10040_s132/nrf_log_frontend.o
                0x0000000000026a48                nrf_log_frontend_std_0
 .text.nrf_log_frontend_std_1
                0x0000000000026a50       0x12 Output/Release/Obj/ble_app_blinky_pca10040_s132/nrf_log_frontend.o
                0x0000000000026a50                nrf_log_frontend_std_1
 .text.nrf_log_frontend_std_2
                0x0000000000026a62       0x14 Output/Release/Obj/ble_app_blinky_pca10040_s132/nrf_log_frontend.o
                0x0000000000026a62                nrf_log_frontend_std_2
 *fill*         0x0000000000026a76        0x2 
 .text.nrf_log_backend_add
                0x0000000000026a78       0x44 Output/Release/Obj/ble_app_blinky_pca10040_s132/nrf_log_frontend.o
                0x0000000000026a78                nrf_log_backend_add
 .text.nrf_log_panic
                0x0000000000026abc       0x28 Output/Release/Obj/ble_app_blinky_pca10040_s132/nrf_log_frontend.o
                0x0000000000026abc                nrf_log_panic
 .text.prefix_process
                0x0000000000026ae4       0x7c Output/Release/Obj/ble_app_blinky_pca10040_s132/nrf_log_str_formatter.o
 .text.postfix_process
                0x0000000000026b60       0x44 Output/Release/Obj/ble_app_blinky_pca10040_s132/nrf_log_str_formatter.o
 .text.nrf_log_std_entry_process
                0x0000000000026ba4       0xc8 Output/Release/Obj/ble_app_blinky_pca10040_s132/nrf_log_str_formatter.o
                0x0000000000026ba4                nrf_log_std_entry_process
 .text.nrf_log_hexdump_entry_process
                0x0000000000026c6c       0xb8 Output/Release/Obj/ble_app_blinky_pca10040_s132/nrf_log_str_formatter.o
                0x0000000000026c6c                nrf_log_hexdump_entry_process
 .text.state_set
                0x0000000000026d24       0x24 Output/Release/Obj/ble_app_blinky_pca10040_s132/app_button.o
 .text.button_get
                0x0000000000026d48       0x30 Output/Release/Obj/ble_app_blinky_pca10040_s132/app_button.o
 .text.usr_event
                0x0000000000026d78       0x20 Output/Release/Obj/ble_app_blinky_pca10040_s132/app_button.o
 .text.timer_start
                0x0000000000026d98       0x18 Output/Release/Obj/ble_app_blinky_pca10040_s132/app_button.o
 .text.gpiote_event_handler
                0x0000000000026db0       0x34 Output/Release/Obj/ble_app_blinky_pca10040_s132/app_button.o
 .text.evt_handle
                0x0000000000026de4       0xec Output/Release/Obj/ble_app_blinky_pca10040_s132/app_button.o
                0x0000000000026de4                evt_handle
 .text.detection_delay_timeout_handler
                0x0000000000026ed0       0x5c Output/Release/Obj/ble_app_blinky_pca10040_s132/app_button.o
 .text.app_button_init
                0x0000000000026f2c       0xb0 Output/Release/Obj/ble_app_blinky_pca10040_s132/app_button.o
                0x0000000000026f2c                app_button_init
 .text.app_button_enable
                0x0000000000026fdc       0x2c Output/Release/Obj/ble_app_blinky_pca10040_s132/app_button.o
                0x0000000000026fdc                app_button_enable
 .text.app_button_disable
                0x0000000000027008       0x58 Output/Release/Obj/ble_app_blinky_pca10040_s132/app_button.o
                0x0000000000027008                app_button_disable
 .text.app_error_handler_bare
                0x0000000000027060       0x1a Output/Release/Obj/ble_app_blinky_pca10040_s132/app_error.o
                0x0000000000027060                app_error_handler_bare
 *fill*         0x000000000002707a        0x2 
 .text.app_error_fault_handler
                0x000000000002707c       0x6c Output/Release/Obj/ble_app_blinky_pca10040_s132/app_error_weak.o
                0x000000000002707c                app_error_fault_handler
 .text.compare_func
                0x00000000000270e8       0x18 Output/Release/Obj/ble_app_blinky_pca10040_s132/app_timer2.o
 .text.get_now  0x0000000000027100       0x38 Output/Release/Obj/ble_app_blinky_pca10040_s132/app_timer2.o
 .text.timer_req_schedule
                0x0000000000027138       0x38 Output/Release/Obj/ble_app_blinky_pca10040_s132/app_timer2.o
 .text.timer_expire
                0x0000000000027170       0xb0 Output/Release/Obj/ble_app_blinky_pca10040_s132/app_timer2.o
 .text.app_timer_init
                0x0000000000027220       0x64 Output/Release/Obj/ble_app_blinky_pca10040_s132/app_timer2.o
                0x0000000000027220                app_timer_init
 .text.app_timer_create
                0x0000000000027284       0x24 Output/Release/Obj/ble_app_blinky_pca10040_s132/app_timer2.o
                0x0000000000027284                app_timer_create
 .text.app_timer_start
                0x00000000000272a8       0x5c Output/Release/Obj/ble_app_blinky_pca10040_s132/app_timer2.o
                0x00000000000272a8                app_timer_start
 .text.app_timer_stop
                0x0000000000027304       0x4e Output/Release/Obj/ble_app_blinky_pca10040_s132/app_timer2.o
                0x0000000000027304                app_timer_stop
 *fill*         0x0000000000027352        0x2 
 .text.app_timer_cnt_get
                0x0000000000027354        0xc Output/Release/Obj/ble_app_blinky_pca10040_s132/app_timer2.o
                0x0000000000027354                app_timer_cnt_get
 .text.rtc_irq  0x0000000000027360      0x1b8 Output/Release/Obj/ble_app_blinky_pca10040_s132/app_timer2.o
 .text.app_util_critical_region_enter
                0x0000000000027518       0x48 Output/Release/Obj/ble_app_blinky_pca10040_s132/app_util_platform.o
                0x0000000000027518                app_util_critical_region_enter
 .text.app_util_critical_region_exit
                0x0000000000027560       0x2c Output/Release/Obj/ble_app_blinky_pca10040_s132/app_util_platform.o
                0x0000000000027560                app_util_critical_region_exit
 .text.evt_pending.isra.0
                0x000000000002758c       0x1a Output/Release/Obj/ble_app_blinky_pca10040_s132/drv_rtc.o
 *fill*         0x00000000000275a6        0x2 
 .text.drv_rtc_init
                0x00000000000275a8       0xa4 Output/Release/Obj/ble_app_blinky_pca10040_s132/drv_rtc.o
                0x00000000000275a8                drv_rtc_init
 .text.drv_rtc_start
                0x000000000002764c        0x8 Output/Release/Obj/ble_app_blinky_pca10040_s132/drv_rtc.o
                0x000000000002764c                drv_rtc_start
 .text.drv_rtc_stop
                0x0000000000027654        0x8 Output/Release/Obj/ble_app_blinky_pca10040_s132/drv_rtc.o
                0x0000000000027654                drv_rtc_stop
 .text.drv_rtc_compare_set
                0x000000000002765c       0x3e Output/Release/Obj/ble_app_blinky_pca10040_s132/drv_rtc.o
                0x000000000002765c                drv_rtc_compare_set
 *fill*         0x000000000002769a        0x2 
 .text.drv_rtc_windowed_compare_set
                0x000000000002769c       0xf0 Output/Release/Obj/ble_app_blinky_pca10040_s132/drv_rtc.o
                0x000000000002769c                drv_rtc_windowed_compare_set
 .text.drv_rtc_overflow_enable
                0x000000000002778c       0x10 Output/Release/Obj/ble_app_blinky_pca10040_s132/drv_rtc.o
                0x000000000002778c                drv_rtc_overflow_enable
 .text.drv_rtc_overflow_pending
                0x000000000002779c        0xa Output/Release/Obj/ble_app_blinky_pca10040_s132/drv_rtc.o
                0x000000000002779c                drv_rtc_overflow_pending
 .text.drv_rtc_compare_disable
                0x00000000000277a6       0x14 Output/Release/Obj/ble_app_blinky_pca10040_s132/drv_rtc.o
                0x00000000000277a6                drv_rtc_compare_disable
 .text.drv_rtc_compare_pending
                0x00000000000277ba        0xc Output/Release/Obj/ble_app_blinky_pca10040_s132/drv_rtc.o
                0x00000000000277ba                drv_rtc_compare_pending
 .text.drv_rtc_counter_get
                0x00000000000277c6        0x8 Output/Release/Obj/ble_app_blinky_pca10040_s132/drv_rtc.o
                0x00000000000277c6                drv_rtc_counter_get
 *fill*         0x00000000000277ce        0x2 
 .text.drv_rtc_irq_trigger
                0x00000000000277d0       0x24 Output/Release/Obj/ble_app_blinky_pca10040_s132/drv_rtc.o
                0x00000000000277d0                drv_rtc_irq_trigger
 .text.RTC1_IRQHandler
                0x00000000000277f4       0x14 Output/Release/Obj/ble_app_blinky_pca10040_s132/drv_rtc.o
                0x00000000000277f4                RTC1_IRQHandler
 .text.nrf_atfifo_init
                0x0000000000027808       0x26 Output/Release/Obj/ble_app_blinky_pca10040_s132/nrf_atfifo.o
                0x0000000000027808                nrf_atfifo_init
 .text.nrf_atfifo_item_alloc
                0x000000000002782e       0x54 Output/Release/Obj/ble_app_blinky_pca10040_s132/nrf_atfifo.o
                0x000000000002782e                nrf_atfifo_item_alloc
 .text.nrf_atfifo_item_put
                0x0000000000027882       0x20 Output/Release/Obj/ble_app_blinky_pca10040_s132/nrf_atfifo.o
                0x0000000000027882                nrf_atfifo_item_put
 .text.nrf_atfifo_item_get
                0x00000000000278a2       0x56 Output/Release/Obj/ble_app_blinky_pca10040_s132/nrf_atfifo.o
                0x00000000000278a2                nrf_atfifo_item_get
 .text.nrf_atfifo_item_free
                0x00000000000278f8       0x20 Output/Release/Obj/ble_app_blinky_pca10040_s132/nrf_atfifo.o
                0x00000000000278f8                nrf_atfifo_item_free
 .text.nrf_atflags_set
                0x0000000000027918       0x12 Output/Release/Obj/ble_app_blinky_pca10040_s132/nrf_atflags.o
                0x0000000000027918                nrf_atflags_set
 .text.nrf_atflags_clear
                0x000000000002792a       0x14 Output/Release/Obj/ble_app_blinky_pca10040_s132/nrf_atflags.o
                0x000000000002792a                nrf_atflags_clear
 .text.nrf_atflags_get
                0x000000000002793e       0x12 Output/Release/Obj/ble_app_blinky_pca10040_s132/nrf_atflags.o
                0x000000000002793e                nrf_atflags_get
 .text.nrf_atomic_u32_fetch_store
                0x0000000000027950       0x16 Output/Release/Obj/ble_app_blinky_pca10040_s132/nrf_atomic.o
                0x0000000000027950                nrf_atomic_u32_fetch_store
 .text.nrf_atomic_u32_or
                0x0000000000027966       0x18 Output/Release/Obj/ble_app_blinky_pca10040_s132/nrf_atomic.o
                0x0000000000027966                nrf_atomic_u32_or
 .text.nrf_atomic_u32_fetch_and
                0x000000000002797e       0x18 Output/Release/Obj/ble_app_blinky_pca10040_s132/nrf_atomic.o
                0x000000000002797e                nrf_atomic_u32_fetch_and
 .text.nrf_atomic_u32_and
                0x0000000000027996       0x18 Output/Release/Obj/ble_app_blinky_pca10040_s132/nrf_atomic.o
                0x0000000000027996                nrf_atomic_u32_and
 .text.nrf_atomic_u32_add
                0x00000000000279ae       0x18 Output/Release/Obj/ble_app_blinky_pca10040_s132/nrf_atomic.o
                0x00000000000279ae                nrf_atomic_u32_add
 .text.nrf_atomic_u32_sub
                0x00000000000279c6       0x18 Output/Release/Obj/ble_app_blinky_pca10040_s132/nrf_atomic.o
                0x00000000000279c6                nrf_atomic_u32_sub
 .text.nrf_atomic_flag_set
                0x00000000000279de        0x6 Output/Release/Obj/ble_app_blinky_pca10040_s132/nrf_atomic.o
                0x00000000000279de                nrf_atomic_flag_set
 .text.nrf_atomic_flag_clear_fetch
                0x00000000000279e4        0x6 Output/Release/Obj/ble_app_blinky_pca10040_s132/nrf_atomic.o
                0x00000000000279e4                nrf_atomic_flag_clear_fetch
 .text.nrf_balloc_init
                0x00000000000279ea       0x2e Output/Release/Obj/ble_app_blinky_pca10040_s132/nrf_balloc.o
                0x00000000000279ea                nrf_balloc_init
 .text.nrf_balloc_alloc
                0x0000000000027a18       0x48 Output/Release/Obj/ble_app_blinky_pca10040_s132/nrf_balloc.o
                0x0000000000027a18                nrf_balloc_alloc
 .text.nrf_balloc_free
                0x0000000000027a60       0x34 Output/Release/Obj/ble_app_blinky_pca10040_s132/nrf_balloc.o
                0x0000000000027a60                nrf_balloc_free
 .text.nrf_fprintf_buffer_flush
                0x0000000000027a94       0x16 Output/Release/Obj/ble_app_blinky_pca10040_s132/nrf_fprintf.o
                0x0000000000027a94                nrf_fprintf_buffer_flush
 .text.nrf_fprintf
                0x0000000000027aaa       0x1c Output/Release/Obj/ble_app_blinky_pca10040_s132/nrf_fprintf.o
                0x0000000000027aaa                nrf_fprintf
 .text.buffer_add
                0x0000000000027ac6       0x2e Output/Release/Obj/ble_app_blinky_pca10040_s132/nrf_fprintf_format.o
 .text.unsigned_print
                0x0000000000027af4       0xb4 Output/Release/Obj/ble_app_blinky_pca10040_s132/nrf_fprintf_format.o
 .text.nrf_fprintf_fmt
                0x0000000000027ba8      0x294 Output/Release/Obj/ble_app_blinky_pca10040_s132/nrf_fprintf_format.o
                0x0000000000027ba8                nrf_fprintf_fmt
 .text.memobj_op
                0x0000000000027e3c       0x86 Output/Release/Obj/ble_app_blinky_pca10040_s132/nrf_memobj.o
 .text.nrf_memobj_pool_init
                0x0000000000027ec2        0x4 Output/Release/Obj/ble_app_blinky_pca10040_s132/nrf_memobj.o
                0x0000000000027ec2                nrf_memobj_pool_init
 .text.nrf_memobj_free
                0x0000000000027ec6       0x2c Output/Release/Obj/ble_app_blinky_pca10040_s132/nrf_memobj.o
                0x0000000000027ec6                nrf_memobj_free
 .text.nrf_memobj_alloc
                0x0000000000027ef2       0x5e Output/Release/Obj/ble_app_blinky_pca10040_s132/nrf_memobj.o
                0x0000000000027ef2                nrf_memobj_alloc
 .text.nrf_memobj_get
                0x0000000000027f50        0x8 Output/Release/Obj/ble_app_blinky_pca10040_s132/nrf_memobj.o
                0x0000000000027f50                nrf_memobj_get
 .text.nrf_memobj_put
                0x0000000000027f58       0x1c Output/Release/Obj/ble_app_blinky_pca10040_s132/nrf_memobj.o
                0x0000000000027f58                nrf_memobj_put
 .text.nrf_memobj_write
                0x0000000000027f74       0x14 Output/Release/Obj/ble_app_blinky_pca10040_s132/nrf_memobj.o
                0x0000000000027f74                nrf_memobj_write
 .text.nrf_memobj_read
                0x0000000000027f88       0x14 Output/Release/Obj/ble_app_blinky_pca10040_s132/nrf_memobj.o
                0x0000000000027f88                nrf_memobj_read
 .text.sd_app_evt_wait
                0x0000000000027f9c        0x4 Output/Release/Obj/ble_app_blinky_pca10040_s132/nrf_pwr_mgmt.o
 .text.nrf_pwr_mgmt_init
                0x0000000000027fa0       0x2c Output/Release/Obj/ble_app_blinky_pca10040_s132/nrf_pwr_mgmt.o
                0x0000000000027fa0                nrf_pwr_mgmt_init
 .text.nrf_pwr_mgmt_run
                0x0000000000027fcc       0x50 Output/Release/Obj/ble_app_blinky_pca10040_s132/nrf_pwr_mgmt.o
                0x0000000000027fcc                nrf_pwr_mgmt_run
 .text.nrf_ringbuf_init
                0x000000000002801c       0x12 Output/Release/Obj/ble_app_blinky_pca10040_s132/nrf_ringbuf.o
                0x000000000002801c                nrf_ringbuf_init
 .text.nrf_section_iter_init
                0x000000000002802e       0x14 Output/Release/Obj/ble_app_blinky_pca10040_s132/nrf_section_iter.o
                0x000000000002802e                nrf_section_iter_init
 .text.nrf_section_iter_next
                0x0000000000028042       0x18 Output/Release/Obj/ble_app_blinky_pca10040_s132/nrf_section_iter.o
                0x0000000000028042                nrf_section_iter_next
 .text.nrf_sortlist_add
                0x000000000002805a       0x20 Output/Release/Obj/ble_app_blinky_pca10040_s132/nrf_sortlist.o
                0x000000000002805a                nrf_sortlist_add
 .text.nrf_sortlist_pop
                0x000000000002807a        0xc Output/Release/Obj/ble_app_blinky_pca10040_s132/nrf_sortlist.o
                0x000000000002807a                nrf_sortlist_pop
 .text.nrf_sortlist_peek
                0x0000000000028086        0x6 Output/Release/Obj/ble_app_blinky_pca10040_s132/nrf_sortlist.o
                0x0000000000028086                nrf_sortlist_peek
 .text.nrf_sortlist_remove
                0x000000000002808c       0x1a Output/Release/Obj/ble_app_blinky_pca10040_s132/nrf_sortlist.o
                0x000000000002808c                nrf_sortlist_remove
 *fill*         0x00000000000280a6        0x2 
 .text.nrf_strerror_find
                0x00000000000280a8       0x3c Output/Release/Obj/ble_app_blinky_pca10040_s132/nrf_strerror.o
                0x00000000000280a8                nrf_strerror_find
 .text.nrf_strerror_get
                0x00000000000280e4       0x14 Output/Release/Obj/ble_app_blinky_pca10040_s132/nrf_strerror.o
                0x00000000000280e4                nrf_strerror_get
 .text.nrf52_errata_12
                0x00000000000280f8       0x1c Output/Release/Obj/ble_app_blinky_pca10040_s132/system_nrf52.o
 .text.nrf52_errata_16
                0x0000000000028114       0x28 Output/Release/Obj/ble_app_blinky_pca10040_s132/system_nrf52.o
 .text.nvmc_wait
                0x000000000002813c       0x10 Output/Release/Obj/ble_app_blinky_pca10040_s132/system_nrf52.o
                0x000000000002813c                nvmc_wait
 .text.SystemInit
                0x000000000002814c      0x298 Output/Release/Obj/ble_app_blinky_pca10040_s132/system_nrf52.o
                0x000000000002814c                SystemInit
 .text.bsp_board_led_on
                0x00000000000283e4       0x18 Output/Release/Obj/ble_app_blinky_pca10040_s132/boards.o
                0x00000000000283e4                bsp_board_led_on
 .text.bsp_board_led_off
                0x00000000000283fc       0x18 Output/Release/Obj/ble_app_blinky_pca10040_s132/boards.o
                0x00000000000283fc                bsp_board_led_off
 .text.bsp_board_leds_off
                0x0000000000028414       0x1e Output/Release/Obj/ble_app_blinky_pca10040_s132/boards.o
                0x0000000000028414                bsp_board_leds_off
 .text.bsp_board_init
                0x0000000000028432       0x3e Output/Release/Obj/ble_app_blinky_pca10040_s132/boards.o
                0x0000000000028432                bsp_board_init
 .text.clock_clk_started_notify
                0x0000000000028470       0x24 Output/Release/Obj/ble_app_blinky_pca10040_s132/nrf_drv_clock.o
 .text.clock_irq_handler
                0x0000000000028494       0x1c Output/Release/Obj/ble_app_blinky_pca10040_s132/nrf_drv_clock.o
 .text.soc_evt_handler
                0x00000000000284b0       0x14 Output/Release/Obj/ble_app_blinky_pca10040_s132/nrf_drv_clock.o
 .text.nrf_drv_clock_init
                0x00000000000284c4       0x48 Output/Release/Obj/ble_app_blinky_pca10040_s132/nrf_drv_clock.o
                0x00000000000284c4                nrf_drv_clock_init
 .text.nrf_drv_clock_lfclk_release
                0x000000000002850c       0x40 Output/Release/Obj/ble_app_blinky_pca10040_s132/nrf_drv_clock.o
                0x000000000002850c                nrf_drv_clock_lfclk_release
 .text.sd_state_evt_handler
                0x000000000002854c       0x64 Output/Release/Obj/ble_app_blinky_pca10040_s132/nrf_drv_clock.o
 .text.uarte_evt_handler
                0x00000000000285b0       0x34 Output/Release/Obj/ble_app_blinky_pca10040_s132/nrf_drv_uart.o
 .text.uart_evt_handler
                0x00000000000285e4       0x34 Output/Release/Obj/ble_app_blinky_pca10040_s132/nrf_drv_uart.o
 .text.nrf_drv_uart_init
                0x0000000000028618       0x7c Output/Release/Obj/ble_app_blinky_pca10040_s132/nrf_drv_uart.o
                0x0000000000028618                nrf_drv_uart_init
 .text.nrf_clock_event_clear
                0x0000000000028694       0x14 Output/Release/Obj/ble_app_blinky_pca10040_s132/nrfx_clock.o
 .text.nrfx_clock_init
                0x00000000000286a8       0x18 Output/Release/Obj/ble_app_blinky_pca10040_s132/nrfx_clock.o
                0x00000000000286a8                nrfx_clock_init
 .text.nrfx_clock_enable
                0x00000000000286c0       0x24 Output/Release/Obj/ble_app_blinky_pca10040_s132/nrfx_clock.o
                0x00000000000286c0                nrfx_clock_enable
 .text.nrfx_clock_lfclk_stop
                0x00000000000286e4       0x22 Output/Release/Obj/ble_app_blinky_pca10040_s132/nrfx_clock.o
                0x00000000000286e4                nrfx_clock_lfclk_stop
 *fill*         0x0000000000028706        0x2 
 .text.POWER_CLOCK_IRQHandler
                0x0000000000028708       0x50 Output/Release/Obj/ble_app_blinky_pca10040_s132/nrfx_clock.o
                0x0000000000028708                POWER_CLOCK_IRQHandler
 .text.nrf_gpiote_event_clear
                0x0000000000028758       0x18 Output/Release/Obj/ble_app_blinky_pca10040_s132/nrfx_gpiote.o
 .text.nrf_gpio_cfg_sense_set
                0x0000000000028770       0x20 Output/Release/Obj/ble_app_blinky_pca10040_s132/nrfx_gpiote.o
 .text.channel_free
                0x0000000000028790       0x1c Output/Release/Obj/ble_app_blinky_pca10040_s132/nrfx_gpiote.o
 .text.nrfx_gpiote_init
                0x00000000000287ac       0x7c Output/Release/Obj/ble_app_blinky_pca10040_s132/nrfx_gpiote.o
                0x00000000000287ac                nrfx_gpiote_init
 .text.nrfx_gpiote_is_init
                0x0000000000028828       0x14 Output/Release/Obj/ble_app_blinky_pca10040_s132/nrfx_gpiote.o
                0x0000000000028828                nrfx_gpiote_is_init
 .text.nrfx_gpiote_in_init
                0x000000000002883c       0xf0 Output/Release/Obj/ble_app_blinky_pca10040_s132/nrfx_gpiote.o
                0x000000000002883c                nrfx_gpiote_in_init
 .text.nrfx_gpiote_in_event_enable
                0x000000000002892c       0x8c Output/Release/Obj/ble_app_blinky_pca10040_s132/nrfx_gpiote.o
                0x000000000002892c                nrfx_gpiote_in_event_enable
 .text.nrfx_gpiote_in_event_disable
                0x00000000000289b8       0x44 Output/Release/Obj/ble_app_blinky_pca10040_s132/nrfx_gpiote.o
                0x00000000000289b8                nrfx_gpiote_in_event_disable
 .text.nrfx_gpiote_in_is_set
                0x00000000000289fc       0x12 Output/Release/Obj/ble_app_blinky_pca10040_s132/nrfx_gpiote.o
                0x00000000000289fc                nrfx_gpiote_in_is_set
 *fill*         0x0000000000028a0e        0x2 
 .text.GPIOTE_IRQHandler
                0x0000000000028a10      0x14c Output/Release/Obj/ble_app_blinky_pca10040_s132/nrfx_gpiote.o
                0x0000000000028a10                GPIOTE_IRQHandler
 .text.UARTE0_UART0_IRQHandler
                0x0000000000028b5c        0xc Output/Release/Obj/ble_app_blinky_pca10040_s132/nrfx_prs.o
                0x0000000000028b5c                UARTE0_UART0_IRQHandler
 .text.nrfx_prs_acquire
                0x0000000000028b68       0x44 Output/Release/Obj/ble_app_blinky_pca10040_s132/nrfx_prs.o
                0x0000000000028b68                nrfx_prs_acquire
 .text.nrfx_prs_release
                0x0000000000028bac       0x18 Output/Release/Obj/ble_app_blinky_pca10040_s132/nrfx_prs.o
                0x0000000000028bac                nrfx_prs_release
 .text.nrf_uart_event_clear
                0x0000000000028bc4       0x10 Output/Release/Obj/ble_app_blinky_pca10040_s132/nrfx_uart.o
 .text.tx_byte  0x0000000000028bd4       0x1e Output/Release/Obj/ble_app_blinky_pca10040_s132/nrfx_uart.o
 .text.rx_byte  0x0000000000028bf2       0x2c Output/Release/Obj/ble_app_blinky_pca10040_s132/nrfx_uart.o
 *fill*         0x0000000000028c1e        0x2 
 .text.rx_done_event.constprop.0
                0x0000000000028c20       0x20 Output/Release/Obj/ble_app_blinky_pca10040_s132/nrfx_uart.o
 .text.nrfx_uart_0_irq_handler
                0x0000000000028c40      0x140 Output/Release/Obj/ble_app_blinky_pca10040_s132/nrfx_uart.o
                0x0000000000028c40                nrfx_uart_0_irq_handler
 .text.nrfx_uart_init
                0x0000000000028d80      0x168 Output/Release/Obj/ble_app_blinky_pca10040_s132/nrfx_uart.o
                0x0000000000028d80                nrfx_uart_init
 .text.nrfx_uart_uninit
                0x0000000000028ee8       0xd4 Output/Release/Obj/ble_app_blinky_pca10040_s132/nrfx_uart.o
                0x0000000000028ee8                nrfx_uart_uninit
 .text.nrfx_uart_tx_in_progress
                0x0000000000028fbc       0x18 Output/Release/Obj/ble_app_blinky_pca10040_s132/nrfx_uart.o
                0x0000000000028fbc                nrfx_uart_tx_in_progress
 .text.nrfx_uart_tx
                0x0000000000028fd4       0xa0 Output/Release/Obj/ble_app_blinky_pca10040_s132/nrfx_uart.o
                0x0000000000028fd4                nrfx_uart_tx
 .text.nrf_uarte_event_clear
                0x0000000000029074       0x10 Output/Release/Obj/ble_app_blinky_pca10040_s132/nrfx_uarte.o
 .text.rx_done_event.constprop.0
                0x0000000000029084       0x20 Output/Release/Obj/ble_app_blinky_pca10040_s132/nrfx_uarte.o
 .text.nrfx_uarte_0_irq_handler
                0x00000000000290a4      0x118 Output/Release/Obj/ble_app_blinky_pca10040_s132/nrfx_uarte.o
                0x00000000000290a4                nrfx_uarte_0_irq_handler
 .text.nrfx_uarte_init
                0x00000000000291bc      0x184 Output/Release/Obj/ble_app_blinky_pca10040_s132/nrfx_uarte.o
                0x00000000000291bc                nrfx_uarte_init
 .text.nrfx_uarte_uninit
                0x0000000000029340      0x120 Output/Release/Obj/ble_app_blinky_pca10040_s132/nrfx_uarte.o
                0x0000000000029340                nrfx_uarte_uninit
 .text.nrfx_uarte_tx_in_progress
                0x0000000000029460       0x18 Output/Release/Obj/ble_app_blinky_pca10040_s132/nrfx_uarte.o
                0x0000000000029460                nrfx_uarte_tx_in_progress
 .text.nrfx_uarte_tx
                0x0000000000029478       0x9c Output/Release/Obj/ble_app_blinky_pca10040_s132/nrfx_uarte.o
                0x0000000000029478                nrfx_uarte_tx
 .text.sd_ble_gap_adv_set_configure
                0x0000000000029514        0x4 Output/Release/Obj/ble_app_blinky_pca10040_s132/main.o
 .text.sd_ble_gap_adv_start
                0x0000000000029518        0x4 Output/Release/Obj/ble_app_blinky_pca10040_s132/main.o
 .text.sd_ble_gap_disconnect
                0x000000000002951c        0x4 Output/Release/Obj/ble_app_blinky_pca10040_s132/main.o
 .text.sd_ble_gap_tx_power_set
                0x0000000000029520        0x4 Output/Release/Obj/ble_app_blinky_pca10040_s132/main.o
 .text.sd_ble_gap_ppcp_set
                0x0000000000029524        0x4 Output/Release/Obj/ble_app_blinky_pca10040_s132/main.o
 .text.sd_ble_gap_device_name_set
                0x0000000000029528        0x4 Output/Release/Obj/ble_app_blinky_pca10040_s132/main.o
 .text.sd_ble_gap_sec_params_reply
                0x000000000002952c        0x4 Output/Release/Obj/ble_app_blinky_pca10040_s132/main.o
 .text.sd_ble_gap_phy_update
                0x0000000000029530        0x4 Output/Release/Obj/ble_app_blinky_pca10040_s132/main.o
 .text.sd_ble_gatts_sys_attr_set
                0x0000000000029534        0x4 Output/Release/Obj/ble_app_blinky_pca10040_s132/main.o
 .text.nrf_qwr_error_handler
                0x0000000000029538        0x4 Output/Release/Obj/ble_app_blinky_pca10040_s132/main.o
 .text.advertising_start
                0x000000000002953c       0x20 Output/Release/Obj/ble_app_blinky_pca10040_s132/main.o
 .text.ble_evt_handler
                0x000000000002955c      0x100 Output/Release/Obj/ble_app_blinky_pca10040_s132/main.o
 .text.on_conn_params_evt
                0x000000000002965c       0x20 Output/Release/Obj/ble_app_blinky_pca10040_s132/main.o
 .text.button_event_handler
                0x000000000002967c       0x64 Output/Release/Obj/ble_app_blinky_pca10040_s132/main.o
 .text.led_write_handler
                0x00000000000296e0       0x3c Output/Release/Obj/ble_app_blinky_pca10040_s132/main.o
 .text.conn_params_error_handler
                0x000000000002971c        0x4 Output/Release/Obj/ble_app_blinky_pca10040_s132/main.o
 .text.startup.main
                0x0000000000029720      0x22c Output/Release/Obj/ble_app_blinky_pca10040_s132/main.o
                0x0000000000029720                main
 .text.sd_ble_gap_addr_get
                0x000000000002994c        0x4 Output/Release/Obj/ble_app_blinky_pca10040_s132/ble_advdata.o
 .text.sd_ble_gap_appearance_get
                0x0000000000029950        0x4 Output/Release/Obj/ble_app_blinky_pca10040_s132/ble_advdata.o
 .text.sd_ble_gap_device_name_get
                0x0000000000029954        0x4 Output/Release/Obj/ble_app_blinky_pca10040_s132/ble_advdata.o
 .text.sd_ble_uuid_encode
                0x0000000000029958        0x4 Output/Release/Obj/ble_app_blinky_pca10040_s132/ble_advdata.o
 .text.uuid_list_sized_encode
                0x000000000002995c       0xac Output/Release/Obj/ble_app_blinky_pca10040_s132/ble_advdata.o
 .text.uuid_list_encode
                0x0000000000029a08       0x38 Output/Release/Obj/ble_app_blinky_pca10040_s132/ble_advdata.o
 .text.ble_advdata_encode
                0x0000000000029a40      0x392 Output/Release/Obj/ble_app_blinky_pca10040_s132/ble_advdata.o
                0x0000000000029a40                ble_advdata_encode
 .text.sd_ble_gap_conn_param_update
                0x0000000000029dd2        0x4 Output/Release/Obj/ble_app_blinky_pca10040_s132/ble_conn_params.o
 .text.sd_ble_gap_disconnect
                0x0000000000029dd6        0x4 Output/Release/Obj/ble_app_blinky_pca10040_s132/ble_conn_params.o
 .text.sd_ble_gap_ppcp_set
                0x0000000000029dda        0x4 Output/Release/Obj/ble_app_blinky_pca10040_s132/ble_conn_params.o
 .text.sd_ble_gap_ppcp_get
                0x0000000000029dde        0x4 Output/Release/Obj/ble_app_blinky_pca10040_s132/ble_conn_params.o
 *fill*         0x0000000000029de2        0x2 
 .text.instance_get
                0x0000000000029de4       0x14 Output/Release/Obj/ble_app_blinky_pca10040_s132/ble_conn_params.o
 .text.send_error_evt
                0x0000000000029df8       0x10 Output/Release/Obj/ble_app_blinky_pca10040_s132/ble_conn_params.o
 .text.update_timeout_handler
                0x0000000000029e08       0x70 Output/Release/Obj/ble_app_blinky_pca10040_s132/ble_conn_params.o
 .text.conn_params_negotiation
                0x0000000000029e78       0x48 Output/Release/Obj/ble_app_blinky_pca10040_s132/ble_conn_params.o
 .text.is_conn_params_ok.constprop.0
                0x0000000000029ec0       0x32 Output/Release/Obj/ble_app_blinky_pca10040_s132/ble_conn_params.o
 *fill*         0x0000000000029ef2        0x2 
 .text.ble_evt_handler
                0x0000000000029ef4       0xe0 Output/Release/Obj/ble_app_blinky_pca10040_s132/ble_conn_params.o
 .text.ble_conn_params_init
                0x0000000000029fd4       0x74 Output/Release/Obj/ble_app_blinky_pca10040_s132/ble_conn_params.o
                0x0000000000029fd4                ble_conn_params_init
 .text.flag_toggle
                0x000000000002a048        0xa Output/Release/Obj/ble_app_blinky_pca10040_s132/ble_conn_state.o
 .text.conn_handle_list_get
                0x000000000002a052       0x2e Output/Release/Obj/ble_app_blinky_pca10040_s132/ble_conn_state.o
                0x000000000002a052                conn_handle_list_get
 .text.ble_evt_handler
                0x000000000002a080      0x110 Output/Release/Obj/ble_app_blinky_pca10040_s132/ble_conn_state.o
 .text.sd_ble_gatts_characteristic_add
                0x000000000002a190        0x4 Output/Release/Obj/ble_app_blinky_pca10040_s132/ble_srv_common.o
 .text.set_security_req
                0x000000000002a194       0x2a Output/Release/Obj/ble_app_blinky_pca10040_s132/ble_srv_common.o
 .text.ble_srv_is_notification_enabled
                0x000000000002a1be        0x8 Output/Release/Obj/ble_app_blinky_pca10040_s132/ble_srv_common.o
                0x000000000002a1be                ble_srv_is_notification_enabled
 .text.characteristic_add
                0x000000000002a1c6      0x154 Output/Release/Obj/ble_app_blinky_pca10040_s132/ble_srv_common.o
                0x000000000002a1c6                characteristic_add
 .text.sd_ble_gap_data_length_update
                0x000000000002a31a        0x4 Output/Release/Obj/ble_app_blinky_pca10040_s132/nrf_ble_gatt.o
 .text.sd_ble_gattc_exchange_mtu_request
                0x000000000002a31e        0x4 Output/Release/Obj/ble_app_blinky_pca10040_s132/nrf_ble_gatt.o
 .text.sd_ble_gatts_exchange_mtu_reply
                0x000000000002a322        0x4 Output/Release/Obj/ble_app_blinky_pca10040_s132/nrf_ble_gatt.o
 *fill*         0x000000000002a326        0x2 
 .text.data_length_update
                0x000000000002a328       0x84 Output/Release/Obj/ble_app_blinky_pca10040_s132/nrf_ble_gatt.o
 .text.nrf_ble_gatt_init
                0x000000000002a3ac       0x26 Output/Release/Obj/ble_app_blinky_pca10040_s132/nrf_ble_gatt.o
                0x000000000002a3ac                nrf_ble_gatt_init
 *fill*         0x000000000002a3d2        0x2 
 .text.nrf_ble_gatt_on_ble_evt
                0x000000000002a3d4      0x1ac Output/Release/Obj/ble_app_blinky_pca10040_s132/nrf_ble_gatt.o
                0x000000000002a3d4                nrf_ble_gatt_on_ble_evt
 .text.sd_ble_gatts_rw_authorize_reply
                0x000000000002a580        0x4 Output/Release/Obj/ble_app_blinky_pca10040_s132/nrf_ble_qwr.o
 .text.sd_ble_user_mem_reply
                0x000000000002a584        0x4 Output/Release/Obj/ble_app_blinky_pca10040_s132/nrf_ble_qwr.o
 .text.user_mem_reply.part.0
                0x000000000002a588       0x24 Output/Release/Obj/ble_app_blinky_pca10040_s132/nrf_ble_qwr.o
 .text.nrf_ble_qwr_init
                0x000000000002a5ac       0x24 Output/Release/Obj/ble_app_blinky_pca10040_s132/nrf_ble_qwr.o
                0x000000000002a5ac                nrf_ble_qwr_init
 .text.nrf_ble_qwr_conn_handle_assign
                0x000000000002a5d0       0x16 Output/Release/Obj/ble_app_blinky_pca10040_s132/nrf_ble_qwr.o
                0x000000000002a5d0                nrf_ble_qwr_conn_handle_assign
 .text.nrf_ble_qwr_on_ble_evt
                0x000000000002a5e6       0xa6 Output/Release/Obj/ble_app_blinky_pca10040_s132/nrf_ble_qwr.o
                0x000000000002a5e6                nrf_ble_qwr_on_ble_evt
 .text.sd_ble_gatts_service_add
                0x000000000002a68c        0x4 Output/Release/Obj/ble_app_blinky_pca10040_s132/ble_lbs.o
 .text.sd_ble_gatts_hvx
                0x000000000002a690        0x4 Output/Release/Obj/ble_app_blinky_pca10040_s132/ble_lbs.o
 .text.sd_ble_uuid_vs_add
                0x000000000002a694        0x4 Output/Release/Obj/ble_app_blinky_pca10040_s132/ble_lbs.o
 .text.ble_lbs_on_ble_evt
                0x000000000002a698       0x2a Output/Release/Obj/ble_app_blinky_pca10040_s132/ble_lbs.o
                0x000000000002a698                ble_lbs_on_ble_evt
 *fill*         0x000000000002a6c2        0x2 
 .text.ble_lbs_init
                0x000000000002a6c4       0xdc Output/Release/Obj/ble_app_blinky_pca10040_s132/ble_lbs.o
                0x000000000002a6c4                ble_lbs_init
 .text.ble_lbs_on_button_change
                0x000000000002a7a0       0x40 Output/Release/Obj/ble_app_blinky_pca10040_s132/ble_lbs.o
                0x000000000002a7a0                ble_lbs_on_button_change
 .text.sd_softdevice_enable
                0x000000000002a7e0        0x4 Output/Release/Obj/ble_app_blinky_pca10040_s132/nrf_sdh.o
 .text.sdh_request_observer_notify
                0x000000000002a7e4       0x30 Output/Release/Obj/ble_app_blinky_pca10040_s132/nrf_sdh.o
 .text.sdh_state_observer_notify
                0x000000000002a814       0x28 Output/Release/Obj/ble_app_blinky_pca10040_s132/nrf_sdh.o
 .text.softdevices_evt_irq_enable
                0x000000000002a83c       0x38 Output/Release/Obj/ble_app_blinky_pca10040_s132/nrf_sdh.o
 .text.nrf_sdh_enable_request
                0x000000000002a874       0x7c Output/Release/Obj/ble_app_blinky_pca10040_s132/nrf_sdh.o
                0x000000000002a874                nrf_sdh_enable_request
 .text.nrf_sdh_is_enabled
                0x000000000002a8f0        0xc Output/Release/Obj/ble_app_blinky_pca10040_s132/nrf_sdh.o
                0x000000000002a8f0                nrf_sdh_is_enabled
 .text.nrf_sdh_evts_poll
                0x000000000002a8fc       0x28 Output/Release/Obj/ble_app_blinky_pca10040_s132/nrf_sdh.o
                0x000000000002a8fc                nrf_sdh_evts_poll
 .text.SWI2_EGU2_IRQHandler
                0x000000000002a924        0x4 Output/Release/Obj/ble_app_blinky_pca10040_s132/nrf_sdh.o
                0x000000000002a924                SWI2_EGU2_IRQHandler
 .text.sd_ble_enable
                0x000000000002a928        0x4 Output/Release/Obj/ble_app_blinky_pca10040_s132/nrf_sdh_ble.o
 .text.sd_ble_cfg_set
                0x000000000002a92c        0x4 Output/Release/Obj/ble_app_blinky_pca10040_s132/nrf_sdh_ble.o
 .text.sd_ble_evt_get
                0x000000000002a930        0x4 Output/Release/Obj/ble_app_blinky_pca10040_s132/nrf_sdh_ble.o
 .text.nrf_sdh_ble_evts_poll
                0x000000000002a934       0x58 Output/Release/Obj/ble_app_blinky_pca10040_s132/nrf_sdh_ble.o
 .text.nrf_sdh_ble_default_cfg_set
                0x000000000002a98c      0x164 Output/Release/Obj/ble_app_blinky_pca10040_s132/nrf_sdh_ble.o
                0x000000000002a98c                nrf_sdh_ble_default_cfg_set
 .text.nrf_sdh_ble_enable
                0x000000000002aaf0       0x98 Output/Release/Obj/ble_app_blinky_pca10040_s132/nrf_sdh_ble.o
                0x000000000002aaf0                nrf_sdh_ble_enable
 .text.sd_evt_get
                0x000000000002ab88        0x4 Output/Release/Obj/ble_app_blinky_pca10040_s132/nrf_sdh_soc.o
 .text.nrf_sdh_soc_evts_poll
                0x000000000002ab8c       0x40 Output/Release/Obj/ble_app_blinky_pca10040_s132/nrf_sdh_soc.o
 .text.libc.__RAL_ascii_isctype
                0x000000000002abcc       0x1c C:/Program Files/SEGGER/SEGGER Embedded Studio for ARM 5.42a/lib/libc_v7em_fpv4_sp_d16_hard_t_le_eabi.a(libc2.o)
 .text.libc.__RAL_ascii_toupper
                0x000000000002abe8        0xc C:/Program Files/SEGGER/SEGGER Embedded Studio for ARM 5.42a/lib/libc_v7em_fpv4_sp_d16_hard_t_le_eabi.a(libc2.o)
 .text.libc.__RAL_ascii_tolower
                0x000000000002abf4        0xc C:/Program Files/SEGGER/SEGGER Embedded Studio for ARM 5.42a/lib/libc_v7em_fpv4_sp_d16_hard_t_le_eabi.a(libc2.o)
 .text.libc.__RAL_ascii_iswctype
                0x000000000002ac00       0x1c C:/Program Files/SEGGER/SEGGER Embedded Studio for ARM 5.42a/lib/libc_v7em_fpv4_sp_d16_hard_t_le_eabi.a(libc2.o)
 .text.libc.__RAL_ascii_towupper
                0x000000000002ac1c        0xc C:/Program Files/SEGGER/SEGGER Embedded Studio for ARM 5.42a/lib/libc_v7em_fpv4_sp_d16_hard_t_le_eabi.a(libc2.o)
 .text.libc.__RAL_ascii_towlower
                0x000000000002ac28        0xc C:/Program Files/SEGGER/SEGGER Embedded Studio for ARM 5.42a/lib/libc_v7em_fpv4_sp_d16_hard_t_le_eabi.a(libc2.o)
 .text.libc.__RAL_ascii_wctomb
                0x000000000002ac34        0xe C:/Program Files/SEGGER/SEGGER Embedded Studio for ARM 5.42a/lib/libc_v7em_fpv4_sp_d16_hard_t_le_eabi.a(libc2.o)
                0x000000000002ac34                __RAL_ascii_wctomb
 .text.libc.__RAL_ascii_mbtowc
                0x000000000002ac42       0x24 C:/Program Files/SEGGER/SEGGER Embedded Studio for ARM 5.42a/lib/libc_v7em_fpv4_sp_d16_hard_t_le_eabi.a(libc2.o)
                0x000000000002ac42                __RAL_ascii_mbtowc
 *fill*         0x000000000002ac66        0x2 
 .text.libc.__RAL_isctype
                0x000000000002ac68       0x14 C:/Program Files/SEGGER/SEGGER Embedded Studio for ARM 5.42a/lib/libc_v7em_fpv4_sp_d16_hard_t_le_eabi.a(libc2.o)
                0x000000000002ac68                __RAL_isctype
 .text.libc.isprint
                0x000000000002ac7c        0xa C:/Program Files/SEGGER/SEGGER Embedded Studio for ARM 5.42a/lib/libc_v7em_fpv4_sp_d16_hard_t_le_eabi.a(libc2.o)
                0x000000000002ac7c                isprint
 .text.libc.memcpy
                0x000000000002ac86       0x52 C:/Program Files/SEGGER/SEGGER Embedded Studio for ARM 5.42a/lib/libc_v7em_fpv4_sp_d16_hard_t_le_eabi.a(libc2_asm.o)
                0x000000000002ac86                __aeabi_memcpy
                0x000000000002ac86                memcpy
                0x000000000002ac92                __aeabi_memcpy8
                0x000000000002ac92                __aeabi_memcpy4
 .text.libc.memset
                0x000000000002acd8       0x66 C:/Program Files/SEGGER/SEGGER Embedded Studio for ARM 5.42a/lib/libc_v7em_fpv4_sp_d16_hard_t_le_eabi.a(libc2_asm.o)
                0x000000000002acd8                memset
 .text.libc.strlen
                0x000000000002ad3e       0x60 C:/Program Files/SEGGER/SEGGER Embedded Studio for ARM 5.42a/lib/libc_v7em_fpv4_sp_d16_hard_t_le_eabi.a(libc2_asm.o)
                0x000000000002ad3e                strlen
                0x000000000002ada0                . = ALIGN (MAX ((__text_start__ + 0x4), .), 0x4)
 *fill*         0x000000000002ad9e        0x2 
                0x000000000002ada0                __text_end__ = (__text_start__ + SIZEOF (.text))
                0x00000000000049d0                __text_size__ = SIZEOF (.text)
                0x000000000002ada0                __text_load_end__ = __text_end__

.vfp11_veneer   0x0000000100000000        0x0
 .vfp11_veneer  0x0000000100000000        0x0 linker stubs

.v4_bx          0x0000000100000000        0x0
 .v4_bx         0x0000000100000000        0x0 linker stubs

.iplt           0x0000000100000000        0x0
 .iplt          0x0000000100000000        0x0 Output/Release/Obj/ble_app_blinky_pca10040_s132/thumb_crt0.o
                0x0000000000000001                . = ASSERT (((__text_start__ == __text_end__) || ((__text_end__ - __FLASH1_segment_start__) <= __FLASH1_segment_size__)), error: .text is too large to fit in FLASH1 memory segment)
                0x000000000002ada0                __sdh_soc_observers_load_start__ = ALIGN (__text_end__, 0x4)

.sdh_soc_observers
                0x000000000002ada0        0x8
                0x000000000002ada0                __sdh_soc_observers_start__ = .
                0x000000000002ada0                __start_sdh_soc_observers = __sdh_soc_observers_start__
 *(SORT_BY_NAME(.sdh_soc_observers*))
 .sdh_soc_observers0
                0x000000000002ada0        0x8 Output/Release/Obj/ble_app_blinky_pca10040_s132/nrf_drv_clock.o
                0x000000000002ada8                __sdh_soc_observers_end__ = (__sdh_soc_observers_start__ + SIZEOF (.sdh_soc_observers))
                0x0000000000000008                __sdh_soc_observers_size__ = SIZEOF (.sdh_soc_observers)
                0x000000000002ada8                __stop_sdh_soc_observers = __sdh_soc_observers_end__
                0x000000000002ada8                __sdh_soc_observers_load_end__ = __sdh_soc_observers_end__
                0x0000000000000001                . = ASSERT (((__sdh_soc_observers_start__ == __sdh_soc_observers_end__) || ((__sdh_soc_observers_end__ - __FLASH1_segment_start__) <= __FLASH1_segment_size__)), error: .sdh_soc_observers is too large to fit in FLASH1 memory segment)
                0x000000000002ada8                __pwr_mgmt_data_load_start__ = ALIGN (__sdh_soc_observers_end__, 0x4)

.pwr_mgmt_data  0x000000000002ada8        0x0
                0x000000000002ada8                __pwr_mgmt_data_start__ = .
                0x000000000002ada8                __start_pwr_mgmt_data = __pwr_mgmt_data_start__
 *(SORT_BY_NAME(.pwr_mgmt_data*))
                0x000000000002ada8                __pwr_mgmt_data_end__ = (__pwr_mgmt_data_start__ + SIZEOF (.pwr_mgmt_data))
                0x0000000000000000                __pwr_mgmt_data_size__ = SIZEOF (.pwr_mgmt_data)
                0x000000000002ada8                __stop_pwr_mgmt_data = __pwr_mgmt_data_end__
                0x000000000002ada8                __pwr_mgmt_data_load_end__ = __pwr_mgmt_data_end__
                0x0000000000000001                . = ASSERT (((__pwr_mgmt_data_start__ == __pwr_mgmt_data_end__) || ((__pwr_mgmt_data_end__ - __FLASH1_segment_start__) <= __FLASH1_segment_size__)), error: .pwr_mgmt_data is too large to fit in FLASH1 memory segment)
                0x000000000002ada8                __sdh_ble_observers_load_start__ = ALIGN (__pwr_mgmt_data_end__, 0x4)

.sdh_ble_observers
                0x000000000002ada8       0x30
                0x000000000002ada8                __sdh_ble_observers_start__ = .
                0x000000000002ada8                __start_sdh_ble_observers = __sdh_ble_observers_start__
 *(SORT_BY_NAME(.sdh_ble_observers*))
 .sdh_ble_observers0
                0x000000000002ada8        0x8 Output/Release/Obj/ble_app_blinky_pca10040_s132/ble_conn_state.o
 .sdh_ble_observers1
                0x000000000002adb0        0x8 Output/Release/Obj/ble_app_blinky_pca10040_s132/main.o
 .sdh_ble_observers1
                0x000000000002adb8        0x8 Output/Release/Obj/ble_app_blinky_pca10040_s132/ble_conn_params.o
 .sdh_ble_observers2
                0x000000000002adc0       0x10 Output/Release/Obj/ble_app_blinky_pca10040_s132/main.o
 .sdh_ble_observers3
                0x000000000002add0        0x8 Output/Release/Obj/ble_app_blinky_pca10040_s132/main.o
                0x000000000002add8                __sdh_ble_observers_end__ = (__sdh_ble_observers_start__ + SIZEOF (.sdh_ble_observers))
                0x0000000000000030                __sdh_ble_observers_size__ = SIZEOF (.sdh_ble_observers)
                0x000000000002add8                __stop_sdh_ble_observers = __sdh_ble_observers_end__
                0x000000000002add8                __sdh_ble_observers_load_end__ = __sdh_ble_observers_end__
                0x0000000000000001                . = ASSERT (((__sdh_ble_observers_start__ == __sdh_ble_observers_end__) || ((__sdh_ble_observers_end__ - __FLASH1_segment_start__) <= __FLASH1_segment_size__)), error: .sdh_ble_observers is too large to fit in FLASH1 memory segment)
                0x000000000002add8                __sdh_req_observers_load_start__ = ALIGN (__sdh_ble_observers_end__, 0x4)

.sdh_req_observers
                0x000000000002add8        0x0
                0x000000000002add8                __sdh_req_observers_start__ = .
                0x000000000002add8                __start_sdh_req_observers = __sdh_req_observers_start__
 *(SORT_BY_NAME(.sdh_req_observers*))
                0x000000000002add8                __sdh_req_observers_end__ = (__sdh_req_observers_start__ + SIZEOF (.sdh_req_observers))
                0x0000000000000000                __sdh_req_observers_size__ = SIZEOF (.sdh_req_observers)
                0x000000000002add8                __stop_sdh_req_observers = __sdh_req_observers_end__
                0x000000000002add8                __sdh_req_observers_load_end__ = __sdh_req_observers_end__
                0x0000000000000001                . = ASSERT (((__sdh_req_observers_start__ == __sdh_req_observers_end__) || ((__sdh_req_observers_end__ - __FLASH1_segment_start__) <= __FLASH1_segment_size__)), error: .sdh_req_observers is too large to fit in FLASH1 memory segment)
                0x000000000002add8                __sdh_state_observers_load_start__ = ALIGN (__sdh_req_observers_end__, 0x4)

.sdh_state_observers
                0x000000000002add8        0x8
                0x000000000002add8                __sdh_state_observers_start__ = .
                0x000000000002add8                __start_sdh_state_observers = __sdh_state_observers_start__
 *(SORT_BY_NAME(.sdh_state_observers*))
 .sdh_state_observers0
                0x000000000002add8        0x8 Output/Release/Obj/ble_app_blinky_pca10040_s132/nrf_drv_clock.o
                0x000000000002ade0                __sdh_state_observers_end__ = (__sdh_state_observers_start__ + SIZEOF (.sdh_state_observers))
                0x0000000000000008                __sdh_state_observers_size__ = SIZEOF (.sdh_state_observers)
                0x000000000002ade0                __stop_sdh_state_observers = __sdh_state_observers_end__
                0x000000000002ade0                __sdh_state_observers_load_end__ = __sdh_state_observers_end__
                0x0000000000000001                . = ASSERT (((__sdh_state_observers_start__ == __sdh_state_observers_end__) || ((__sdh_state_observers_end__ - __FLASH1_segment_start__) <= __FLASH1_segment_size__)), error: .sdh_state_observers is too large to fit in FLASH1 memory segment)
                0x000000000002ade0                __sdh_stack_observers_load_start__ = ALIGN (__sdh_state_observers_end__, 0x4)

.sdh_stack_observers
                0x000000000002ade0       0x10
                0x000000000002ade0                __sdh_stack_observers_start__ = .
                0x000000000002ade0                __start_sdh_stack_observers = __sdh_stack_observers_start__
 *(SORT_BY_NAME(.sdh_stack_observers*))
 .sdh_stack_observers0
                0x000000000002ade0        0x8 Output/Release/Obj/ble_app_blinky_pca10040_s132/nrf_sdh_ble.o
 .sdh_stack_observers0
                0x000000000002ade8        0x8 Output/Release/Obj/ble_app_blinky_pca10040_s132/nrf_sdh_soc.o
                0x000000000002adf0                __sdh_stack_observers_end__ = (__sdh_stack_observers_start__ + SIZEOF (.sdh_stack_observers))
                0x0000000000000010                __sdh_stack_observers_size__ = SIZEOF (.sdh_stack_observers)
                0x000000000002adf0                __stop_sdh_stack_observers = __sdh_stack_observers_end__
                0x000000000002adf0                __sdh_stack_observers_load_end__ = __sdh_stack_observers_end__
                0x0000000000000001                . = ASSERT (((__sdh_stack_observers_start__ == __sdh_stack_observers_end__) || ((__sdh_stack_observers_end__ - __FLASH1_segment_start__) <= __FLASH1_segment_size__)), error: .sdh_stack_observers is too large to fit in FLASH1 memory segment)
                0x000000000002adf0                __nrf_queue_load_start__ = ALIGN (__sdh_stack_observers_end__, 0x4)

.nrf_queue      0x000000000002adf0        0x0
                0x000000000002adf0                __nrf_queue_start__ = .
                0x000000000002adf0                __start_nrf_queue = __nrf_queue_start__
 *(.nrf_queue*)
                0x000000000002adf0                __nrf_queue_end__ = (__nrf_queue_start__ + SIZEOF (.nrf_queue))
                0x0000000000000000                __nrf_queue_size__ = SIZEOF (.nrf_queue)
                0x000000000002adf0                __stop_nrf_queue = __nrf_queue_end__
                0x000000000002adf0                __nrf_queue_load_end__ = __nrf_queue_end__
                0x0000000000000001                . = ASSERT (((__nrf_queue_start__ == __nrf_queue_end__) || ((__nrf_queue_end__ - __FLASH1_segment_start__) <= __FLASH1_segment_size__)), error: .nrf_queue is too large to fit in FLASH1 memory segment)
                0x000000000002adf0                __nrf_balloc_load_start__ = ALIGN (__nrf_queue_end__, 0x4)

.nrf_balloc     0x000000000002adf0       0x14
                0x000000000002adf0                __nrf_balloc_start__ = .
                0x000000000002adf0                __start_nrf_balloc = __nrf_balloc_start__
 *(.nrf_balloc*)
 .nrf_balloc    0x000000000002adf0       0x14 Output/Release/Obj/ble_app_blinky_pca10040_s132/nrf_log_frontend.o
                0x000000000002adf0                log_mempool
                0x000000000002ae04                __nrf_balloc_end__ = (__nrf_balloc_start__ + SIZEOF (.nrf_balloc))
                0x0000000000000014                __nrf_balloc_size__ = SIZEOF (.nrf_balloc)
                0x000000000002ae04                __stop_nrf_balloc = __nrf_balloc_end__
                0x000000000002ae04                __nrf_balloc_load_end__ = __nrf_balloc_end__
                0x0000000000000001                . = ASSERT (((__nrf_balloc_start__ == __nrf_balloc_end__) || ((__nrf_balloc_end__ - __FLASH1_segment_start__) <= __FLASH1_segment_size__)), error: .nrf_balloc is too large to fit in FLASH1 memory segment)
                0x000000000002ae04                __cli_command_load_start__ = ALIGN (__nrf_balloc_end__, 0x4)

.cli_command    0x000000000002ae04        0x0
                0x000000000002ae04                __cli_command_start__ = .
                0x000000000002ae04                __start_cli_command = __cli_command_start__
 *(.cli_command*)
                0x000000000002ae04                __cli_command_end__ = (__cli_command_start__ + SIZEOF (.cli_command))
                0x0000000000000000                __cli_command_size__ = SIZEOF (.cli_command)
                0x000000000002ae04                __stop_cli_command = __cli_command_end__
                0x000000000002ae04                __cli_command_load_end__ = __cli_command_end__
                0x0000000000000001                . = ASSERT (((__cli_command_start__ == __cli_command_end__) || ((__cli_command_end__ - __FLASH1_segment_start__) <= __FLASH1_segment_size__)), error: .cli_command is too large to fit in FLASH1 memory segment)
                0x000000000002ae04                __crypto_data_load_start__ = ALIGN (__cli_command_end__, 0x4)

.crypto_data    0x000000000002ae04        0x0
                0x000000000002ae04                __crypto_data_start__ = .
                0x000000000002ae04                __start_crypto_data = __crypto_data_start__
 *(SORT_BY_NAME(.crypto_data*))
                0x000000000002ae04                __crypto_data_end__ = (__crypto_data_start__ + SIZEOF (.crypto_data))
                0x0000000000000000                __crypto_data_size__ = SIZEOF (.crypto_data)
                0x000000000002ae04                __stop_crypto_data = __crypto_data_end__
                0x000000000002ae04                __crypto_data_load_end__ = __crypto_data_end__
                0x0000000000000001                . = ASSERT (((__crypto_data_start__ == __crypto_data_end__) || ((__crypto_data_end__ - __FLASH1_segment_start__) <= __FLASH1_segment_size__)), error: .crypto_data is too large to fit in FLASH1 memory segment)
                0x000000000002ae04                __log_const_data_load_start__ = ALIGN (__crypto_data_end__, 0x4)

.log_const_data
                0x000000000002ae04       0x78
                0x000000000002ae04                __log_const_data_start__ = .
                0x000000000002ae04                __start_log_const_data = __log_const_data_start__
 *(SORT_BY_NAME(.log_const_data*))
 .log_const_data_CLOCK
                0x000000000002ae04        0x8 Output/Release/Obj/ble_app_blinky_pca10040_s132/nrfx_clock.o
                0x000000000002ae04                m_nrf_log_CLOCK_logs_data_const
 .log_const_data_GPIOTE
                0x000000000002ae0c        0x8 Output/Release/Obj/ble_app_blinky_pca10040_s132/nrfx_gpiote.o
                0x000000000002ae0c                m_nrf_log_GPIOTE_logs_data_const
 .log_const_data_PRS
                0x000000000002ae14        0x8 Output/Release/Obj/ble_app_blinky_pca10040_s132/nrfx_prs.o
                0x000000000002ae14                m_nrf_log_PRS_logs_data_const
 .log_const_data_UART
                0x000000000002ae1c        0x8 Output/Release/Obj/ble_app_blinky_pca10040_s132/nrfx_uart.o
                0x000000000002ae1c                m_nrf_log_UART_logs_data_const
 .log_const_data_UARTE
                0x000000000002ae24        0x8 Output/Release/Obj/ble_app_blinky_pca10040_s132/nrfx_uarte.o
                0x000000000002ae24                m_nrf_log_UARTE_logs_data_const
 .log_const_data_app
                0x000000000002ae2c        0x8 Output/Release/Obj/ble_app_blinky_pca10040_s132/nrf_log_frontend.o
                0x000000000002ae2c                m_nrf_log_app_logs_data_const
 .log_const_data_app_button
                0x000000000002ae34        0x8 Output/Release/Obj/ble_app_blinky_pca10040_s132/app_button.o
                0x000000000002ae34                m_nrf_log_app_button_logs_data_const
 .log_const_data_app_timer
                0x000000000002ae3c        0x8 Output/Release/Obj/ble_app_blinky_pca10040_s132/app_timer2.o
                0x000000000002ae3c                m_nrf_log_app_timer_logs_data_const
 .log_const_data_clock
                0x000000000002ae44        0x8 Output/Release/Obj/ble_app_blinky_pca10040_s132/nrf_drv_clock.o
                0x000000000002ae44                m_nrf_log_clock_logs_data_const
 .log_const_data_nrf_ble_gatt
                0x000000000002ae4c        0x8 Output/Release/Obj/ble_app_blinky_pca10040_s132/nrf_ble_gatt.o
                0x000000000002ae4c                m_nrf_log_nrf_ble_gatt_logs_data_const
 .log_const_data_nrf_sdh
                0x000000000002ae54        0x8 Output/Release/Obj/ble_app_blinky_pca10040_s132/nrf_sdh.o
                0x000000000002ae54                m_nrf_log_nrf_sdh_logs_data_const
 .log_const_data_nrf_sdh_ble
                0x000000000002ae5c        0x8 Output/Release/Obj/ble_app_blinky_pca10040_s132/nrf_sdh_ble.o
                0x000000000002ae5c                m_nrf_log_nrf_sdh_ble_logs_data_const
 .log_const_data_nrf_sdh_soc
                0x000000000002ae64        0x8 Output/Release/Obj/ble_app_blinky_pca10040_s132/nrf_sdh_soc.o
                0x000000000002ae64                m_nrf_log_nrf_sdh_soc_logs_data_const
 .log_const_data_pwr_mgmt
                0x000000000002ae6c        0x8 Output/Release/Obj/ble_app_blinky_pca10040_s132/nrf_pwr_mgmt.o
                0x000000000002ae6c                m_nrf_log_pwr_mgmt_logs_data_const
 .log_const_data_sortlist
                0x000000000002ae74        0x8 Output/Release/Obj/ble_app_blinky_pca10040_s132/nrf_sortlist.o
                0x000000000002ae74                m_nrf_log_sortlist_logs_data_const
                0x000000000002ae7c                __log_const_data_end__ = (__log_const_data_start__ + SIZEOF (.log_const_data))
                0x0000000000000078                __log_const_data_size__ = SIZEOF (.log_const_data)
                0x000000000002ae7c                __stop_log_const_data = __log_const_data_end__
                0x000000000002ae7c                __log_const_data_load_end__ = __log_const_data_end__
                0x0000000000000001                . = ASSERT (((__log_const_data_start__ == __log_const_data_end__) || ((__log_const_data_end__ - __FLASH1_segment_start__) <= __FLASH1_segment_size__)), error: .log_const_data is too large to fit in FLASH1 memory segment)
                0x000000000002ae7c                __log_backends_load_start__ = ALIGN (__log_const_data_end__, 0x4)

.log_backends   0x000000000002ae7c       0x10
                0x000000000002ae7c                __log_backends_start__ = .
                0x000000000002ae7c                __start_log_backends = __log_backends_start__
 *(SORT_BY_NAME(.log_backends*))
 .log_backends  0x000000000002ae7c       0x10 Output/Release/Obj/ble_app_blinky_pca10040_s132/nrf_log_default_backends.o
                0x000000000002ae8c                __log_backends_end__ = (__log_backends_start__ + SIZEOF (.log_backends))
                0x0000000000000010                __log_backends_size__ = SIZEOF (.log_backends)
                0x000000000002ae8c                __stop_log_backends = __log_backends_end__
                0x000000000002ae8c                __log_backends_load_end__ = __log_backends_end__
                0x0000000000000001                . = ASSERT (((__log_backends_start__ == __log_backends_end__) || ((__log_backends_end__ - __FLASH1_segment_start__) <= __FLASH1_segment_size__)), error: .log_backends is too large to fit in FLASH1 memory segment)
                0x000000000002ae8c                __nrf_sections_load_start__ = ALIGN (__log_backends_end__, 0x4)

.nrf_sections   0x000000000002ae8c        0x0
                0x000000000002ae8c                __nrf_sections_start__ = .
                0x000000000002ae8c                __start_nrf_sections = __nrf_sections_start__
 *(.nrf_sections .nrf_sections.*)
                0x000000000002ae8c                __nrf_sections_end__ = (__nrf_sections_start__ + SIZEOF (.nrf_sections))
                0x0000000000000000                __nrf_sections_size__ = SIZEOF (.nrf_sections)
                0x000000000002ae8c                __nrf_sections_load_end__ = __nrf_sections_end__
                0x0000000000000001                . = ASSERT (((__nrf_sections_start__ == __nrf_sections_end__) || ((__nrf_sections_end__ - __FLASH1_segment_start__) <= __FLASH1_segment_size__)), error: .nrf_sections is too large to fit in FLASH1 memory segment)
                0x000000000002ae8c                __cli_sorted_cmd_ptrs_load_start__ = ALIGN (__nrf_sections_end__, 0x4)

.cli_sorted_cmd_ptrs
                0x00000000200022f0        0x0 load address 0x000000000002ae8c
                0x00000000200022f0                __cli_sorted_cmd_ptrs_start__ = .
 *(.cli_sorted_cmd_ptrs*)
                0x00000000200022f0                __cli_sorted_cmd_ptrs_end__ = (__cli_sorted_cmd_ptrs_start__ + SIZEOF (.cli_sorted_cmd_ptrs))
                0x0000000000000000                __cli_sorted_cmd_ptrs_size__ = SIZEOF (.cli_sorted_cmd_ptrs)
                0x000000000002ae8c                __cli_sorted_cmd_ptrs_load_end__ = (__cli_sorted_cmd_ptrs_load_start__ + SIZEOF (.cli_sorted_cmd_ptrs))
                0x0000000000000001                . = ASSERT (((__cli_sorted_cmd_ptrs_load_start__ == __cli_sorted_cmd_ptrs_load_end__) || ((__cli_sorted_cmd_ptrs_load_end__ - __FLASH1_segment_start__) <= __FLASH1_segment_size__)), error: .cli_sorted_cmd_ptrs is too large to fit in FLASH1 memory segment)

.cli_sorted_cmd_ptrs_run
                0x00000000200022f0        0x0
                0x00000000200022f0                __cli_sorted_cmd_ptrs_run_start__ = .
                0x00000000200022f0                __start_cli_sorted_cmd_ptrs = __cli_sorted_cmd_ptrs_run_start__
                0x00000000200022f0                __cli_sorted_cmd_ptrs_run_end__ = (__cli_sorted_cmd_ptrs_run_start__ + SIZEOF (.cli_sorted_cmd_ptrs))
                0x0000000000000000                __cli_sorted_cmd_ptrs_run_size__ = (__cli_sorted_cmd_ptrs_run_end__ - __cli_sorted_cmd_ptrs_run_start__)
                0x00000000200022f0                __stop_cli_sorted_cmd_ptrs = __cli_sorted_cmd_ptrs_run_end__
                0x00000000200022f0                __cli_sorted_cmd_ptrs_run_load_end__ = __cli_sorted_cmd_ptrs_run_end__
                0x0000000000000001                . = ASSERT (((__cli_sorted_cmd_ptrs_run_start__ == __cli_sorted_cmd_ptrs_run_end__) || ((__cli_sorted_cmd_ptrs_run_end__ - __RAM1_segment_start__) <= __RAM1_segment_size__)), error: .cli_sorted_cmd_ptrs_run is too large to fit in RAM1 memory segment)
                0x000000000002ae8c                __fs_data_load_start__ = ALIGN ((__cli_sorted_cmd_ptrs_load_start__ + SIZEOF (.cli_sorted_cmd_ptrs)), 0x4)

.fs_data        0x00000000200022f0        0x0 load address 0x000000000002ae8c
                0x00000000200022f0                __fs_data_start__ = .
 *(.fs_data*)
                0x00000000200022f0                __fs_data_end__ = (__fs_data_start__ + SIZEOF (.fs_data))
                0x0000000000000000                __fs_data_size__ = SIZEOF (.fs_data)
                0x000000000002ae8c                __fs_data_load_end__ = (__fs_data_load_start__ + SIZEOF (.fs_data))
                0x0000000000000001                . = ASSERT (((__fs_data_load_start__ == __fs_data_load_end__) || ((__fs_data_load_end__ - __FLASH1_segment_start__) <= __FLASH1_segment_size__)), error: .fs_data is too large to fit in FLASH1 memory segment)

.fs_data_run    0x00000000200022f0        0x0
                0x00000000200022f0                __fs_data_run_start__ = .
                0x00000000200022f0                __start_fs_data = __fs_data_run_start__
                0x00000000200022f0                __fs_data_run_end__ = (__fs_data_run_start__ + SIZEOF (.fs_data))
                0x0000000000000000                __fs_data_run_size__ = (__fs_data_run_end__ - __fs_data_run_start__)
                0x00000000200022f0                __stop_fs_data = __fs_data_run_end__
                0x00000000200022f0                __fs_data_run_load_end__ = __fs_data_run_end__
                0x0000000000000001                . = ASSERT (((__fs_data_run_start__ == __fs_data_run_end__) || ((__fs_data_run_end__ - __RAM1_segment_start__) <= __RAM1_segment_size__)), error: .fs_data_run is too large to fit in RAM1 memory segment)
                0x000000000002ae8c                __log_dynamic_data_load_start__ = ALIGN ((__fs_data_load_start__ + SIZEOF (.fs_data)), 0x4)

.log_dynamic_data
                0x00000000200022f0        0x0 load address 0x000000000002ae8c
                0x00000000200022f0                __log_dynamic_data_start__ = .
 *(SORT_BY_NAME(.log_dynamic_data*))
                0x00000000200022f0                __log_dynamic_data_end__ = (__log_dynamic_data_start__ + SIZEOF (.log_dynamic_data))
                0x0000000000000000                __log_dynamic_data_size__ = SIZEOF (.log_dynamic_data)
                0x000000000002ae8c                __log_dynamic_data_load_end__ = (__log_dynamic_data_load_start__ + SIZEOF (.log_dynamic_data))
                0x0000000000000001                . = ASSERT (((__log_dynamic_data_load_start__ == __log_dynamic_data_load_end__) || ((__log_dynamic_data_load_end__ - __FLASH1_segment_start__) <= __FLASH1_segment_size__)), error: .log_dynamic_data is too large to fit in FLASH1 memory segment)

.log_dynamic_data_run
                0x00000000200022f0        0x0
                0x00000000200022f0                __log_dynamic_data_run_start__ = .
                0x00000000200022f0                __start_log_dynamic_data = __log_dynamic_data_run_start__
                0x00000000200022f0                __log_dynamic_data_run_end__ = (__log_dynamic_data_run_start__ + SIZEOF (.log_dynamic_data))
                0x0000000000000000                __log_dynamic_data_run_size__ = (__log_dynamic_data_run_end__ - __log_dynamic_data_run_start__)
                0x00000000200022f0                __stop_log_dynamic_data = __log_dynamic_data_run_end__
                0x00000000200022f0                __log_dynamic_data_run_load_end__ = __log_dynamic_data_run_end__
                0x0000000000000001                . = ASSERT (((__log_dynamic_data_run_start__ == __log_dynamic_data_run_end__) || ((__log_dynamic_data_run_end__ - __RAM1_segment_start__) <= __RAM1_segment_size__)), error: .log_dynamic_data_run is too large to fit in RAM1 memory segment)
                0x000000000002ae8c                __log_filter_data_load_start__ = ALIGN ((__log_dynamic_data_load_start__ + SIZEOF (.log_dynamic_data)), 0x4)

.log_filter_data
                0x00000000200022f0        0x0 load address 0x000000000002ae8c
                0x00000000200022f0                __log_filter_data_start__ = .
 *(SORT_BY_NAME(.log_filter_data*))
                0x00000000200022f0                __log_filter_data_end__ = (__log_filter_data_start__ + SIZEOF (.log_filter_data))
                0x0000000000000000                __log_filter_data_size__ = SIZEOF (.log_filter_data)
                0x000000000002ae8c                __log_filter_data_load_end__ = (__log_filter_data_load_start__ + SIZEOF (.log_filter_data))
                0x0000000000000001                . = ASSERT (((__log_filter_data_load_start__ == __log_filter_data_load_end__) || ((__log_filter_data_load_end__ - __FLASH1_segment_start__) <= __FLASH1_segment_size__)), error: .log_filter_data is too large to fit in FLASH1 memory segment)

.log_filter_data_run
                0x00000000200022f0        0x0
                0x00000000200022f0                __log_filter_data_run_start__ = .
                0x00000000200022f0                __start_log_filter_data = __log_filter_data_run_start__
                0x00000000200022f0                __log_filter_data_run_end__ = (__log_filter_data_run_start__ + SIZEOF (.log_filter_data))
                0x0000000000000000                __log_filter_data_run_size__ = (__log_filter_data_run_end__ - __log_filter_data_run_start__)
                0x00000000200022f0                __stop_log_filter_data = __log_filter_data_run_end__
                0x00000000200022f0                __log_filter_data_run_load_end__ = __log_filter_data_run_end__
                0x0000000000000001                . = ASSERT (((__log_filter_data_run_start__ == __log_filter_data_run_end__) || ((__log_filter_data_run_end__ - __RAM1_segment_start__) <= __RAM1_segment_size__)), error: .log_filter_data_run is too large to fit in RAM1 memory segment)
                0x00000000200022f0                __nrf_sections_run_end_load_start__ = ALIGN (__log_filter_data_run_end__, 0x4)

.nrf_sections_run_end
                0x00000000200022f0        0x0
                0x00000000200022f0                __nrf_sections_run_end_start__ = .
                0x00000000200022f0                __end_nrf_sections_run = __nrf_sections_run_end_start__
 *(.nrf_sections_run_end .nrf_sections_run_end.*)
                0x00000000200022f0                __nrf_sections_run_end_end__ = (__nrf_sections_run_end_start__ + SIZEOF (.nrf_sections_run_end))
                0x0000000000000000                __nrf_sections_run_end_size__ = SIZEOF (.nrf_sections_run_end)
                0x00000000200022f0                __nrf_sections_run_end_load_end__ = __nrf_sections_run_end_end__
                0x0000000000000001                . = ASSERT (((__nrf_sections_run_end_start__ == __nrf_sections_run_end_end__) || ((__nrf_sections_run_end_end__ - __RAM1_segment_start__) <= __RAM1_segment_size__)), error: .nrf_sections_run_end is too large to fit in RAM1 memory segment)
                0x000000000002ae8c                __dtors_load_start__ = ALIGN ((__log_filter_data_load_start__ + SIZEOF (.log_filter_data)), 0x4)

.dtors          0x000000000002ae8c        0x0
                0x000000000002ae8c                __dtors_start__ = .
 *(SORT_BY_NAME(.dtors.*))
 *(.dtors)
 *(.fini_array)
 *(SORT_BY_NAME(.fini_array.*))
                0x000000000002ae8c                __dtors_end__ = (__dtors_start__ + SIZEOF (.dtors))
                0x0000000000000000                __dtors_size__ = SIZEOF (.dtors)
                0x000000000002ae8c                __dtors_load_end__ = __dtors_end__
                0x0000000000000001                . = ASSERT (((__dtors_start__ == __dtors_end__) || ((__dtors_end__ - __FLASH1_segment_start__) <= __FLASH1_segment_size__)), error: .dtors is too large to fit in FLASH1 memory segment)
                0x000000000002ae8c                __ctors_load_start__ = ALIGN (__dtors_end__, 0x4)

.ctors          0x000000000002ae8c        0x0
                0x000000000002ae8c                __ctors_start__ = .
 *(SORT_BY_NAME(.ctors.*))
 *(.ctors)
 *(.init_array)
 *(SORT_BY_NAME(.init_array.*))
                0x000000000002ae8c                __ctors_end__ = (__ctors_start__ + SIZEOF (.ctors))
                0x0000000000000000                __ctors_size__ = SIZEOF (.ctors)
                0x000000000002ae8c                __ctors_load_end__ = __ctors_end__
                0x0000000000000001                . = ASSERT (((__ctors_start__ == __ctors_end__) || ((__ctors_end__ - __FLASH1_segment_start__) <= __FLASH1_segment_size__)), error: .ctors is too large to fit in FLASH1 memory segment)
                0x000000000002ae8c                __rodata_load_start__ = ALIGN (__ctors_end__, 0x4)

.rodata         0x000000000002ae8c      0xdac
                0x000000000002ae8c                __rodata_start__ = .
 *(.rodata .rodata.* .gnu.linkonce.r.*)
 .rodata        0x000000000002ae8c       0x20 Output/Release/Obj/ble_app_blinky_pca10040_s132/nrf_log_backend_uart.o
 .rodata.nrf_log_backend_uart_api
                0x000000000002aeac        0xc Output/Release/Obj/ble_app_blinky_pca10040_s132/nrf_log_backend_uart.o
                0x000000000002aeac                nrf_log_backend_uart_api
 .rodata.str1.1
                0x000000000002aeb8       0x11 Output/Release/Obj/ble_app_blinky_pca10040_s132/nrf_log_default_backends.o
 .rodata.nrf_log_frontend_dequeue.str1.1
                0x000000000002aec9       0x11 Output/Release/Obj/ble_app_blinky_pca10040_s132/nrf_log_frontend.o
 .rodata.str1.1
                0x000000000002aeda        0x4 Output/Release/Obj/ble_app_blinky_pca10040_s132/nrf_log_frontend.o
 *fill*         0x000000000002aede        0x2 
 .rodata.m_log_push_ringbuf
                0x000000000002aee0        0xc Output/Release/Obj/ble_app_blinky_pca10040_s132/nrf_log_frontend.o
 .rodata.prefix_process.str1.1
                0x000000000002aeec       0x32 Output/Release/Obj/ble_app_blinky_pca10040_s132/nrf_log_str_formatter.o
 .rodata.postfix_process.str1.1
                0x000000000002af1e       0x32 Output/Release/Obj/ble_app_blinky_pca10040_s132/nrf_log_str_formatter.o
                                          0x3 (size before relaxing)
 .rodata.nrf_log_hexdump_entry_process.str1.1
                0x000000000002af1e        0xf Output/Release/Obj/ble_app_blinky_pca10040_s132/nrf_log_str_formatter.o
                                         0x11 (size before relaxing)
 .rodata.str1.1
                0x000000000002af2d       0x4b Output/Release/Obj/ble_app_blinky_pca10040_s132/nrf_log_str_formatter.o
                                         0x51 (size before relaxing)
 .rodata.m_colors
                0x000000000002af78       0x24 Output/Release/Obj/ble_app_blinky_pca10040_s132/nrf_log_str_formatter.o
 .rodata.severity_names
                0x000000000002af9c       0x14 Output/Release/Obj/ble_app_blinky_pca10040_s132/nrf_log_str_formatter.o
 .rodata.str1.1
                0x000000000002afb0        0xb Output/Release/Obj/ble_app_blinky_pca10040_s132/app_button.o
 *fill*         0x000000000002afbb        0x1 
 .rodata.m_detection_delay_timer_id
                0x000000000002afbc        0x4 Output/Release/Obj/ble_app_blinky_pca10040_s132/app_button.o
 .rodata.app_error_fault_handler.str1.1
                0x000000000002afc0       0x19 Output/Release/Obj/ble_app_blinky_pca10040_s132/app_error_weak.o
 .rodata.str1.1
                0x000000000002afd9        0xa Output/Release/Obj/ble_app_blinky_pca10040_s132/app_timer2.o
 *fill*         0x000000000002afe3        0x1 
 .rodata        0x000000000002afe4        0x4 Output/Release/Obj/ble_app_blinky_pca10040_s132/app_timer2.o
 .rodata.m_app_timer_sortlist
                0x000000000002afe8        0xc Output/Release/Obj/ble_app_blinky_pca10040_s132/app_timer2.o
 .rodata.drv_rtc_init.str1.1
                0x000000000002aff4       0x34 Output/Release/Obj/ble_app_blinky_pca10040_s132/drv_rtc.o
 *fill*         0x000000000002b028        0x8 
 .rodata.delay_machine_code.0
                0x000000000002b030        0x6 Output/Release/Obj/ble_app_blinky_pca10040_s132/drv_rtc.o
 .rodata._aV2C.0
                0x000000000002b036       0x10 Output/Release/Obj/ble_app_blinky_pca10040_s132/nrf_fprintf_format.o
 .rodata.str1.1
                0x000000000002b046        0x9 Output/Release/Obj/ble_app_blinky_pca10040_s132/nrf_pwr_mgmt.o
 *fill*         0x000000000002b04f        0x1 
 .rodata.pwr_mgmt_data
                0x000000000002b050        0xc Output/Release/Obj/ble_app_blinky_pca10040_s132/nrf_pwr_mgmt.o
 .rodata.str1.1
                0x000000000002b05c        0x9 Output/Release/Obj/ble_app_blinky_pca10040_s132/nrf_sortlist.o
 .rodata.str1.1
                0x000000000002b065      0x3ba Output/Release/Obj/ble_app_blinky_pca10040_s132/nrf_strerror.o
 .rodata.m_unknown_str
                0x000000000002b41f       0x13 Output/Release/Obj/ble_app_blinky_pca10040_s132/nrf_strerror.o
 *fill*         0x000000000002b432        0x2 
 .rodata.nrf_strerror_array
                0x000000000002b434      0x128 Output/Release/Obj/ble_app_blinky_pca10040_s132/nrf_strerror.o
 .rodata.CSWTCH.15
                0x000000000002b55c        0x5 Output/Release/Obj/ble_app_blinky_pca10040_s132/system_nrf52.o
 .rodata.CSWTCH.19
                0x000000000002b561        0x5 Output/Release/Obj/ble_app_blinky_pca10040_s132/system_nrf52.o
 .rodata.CSWTCH.21
                0x000000000002b566        0x5 Output/Release/Obj/ble_app_blinky_pca10040_s132/system_nrf52.o
 .rodata.CSWTCH.5
                0x000000000002b56b        0x5 Output/Release/Obj/ble_app_blinky_pca10040_s132/system_nrf52.o
 .rodata.m_board_led_list
                0x000000000002b570        0x4 Output/Release/Obj/ble_app_blinky_pca10040_s132/boards.o
 .rodata.str1.1
                0x000000000002b574        0x6 Output/Release/Obj/ble_app_blinky_pca10040_s132/nrf_drv_clock.o
 .rodata.str1.1
                0x000000000002b57a        0x6 Output/Release/Obj/ble_app_blinky_pca10040_s132/nrfx_clock.o
 .rodata.str1.1
                0x000000000002b580        0x7 Output/Release/Obj/ble_app_blinky_pca10040_s132/nrfx_gpiote.o
 .rodata.str1.1
                0x000000000002b587        0x4 Output/Release/Obj/ble_app_blinky_pca10040_s132/nrfx_prs.o
 .rodata.str1.1
                0x000000000002b58b        0x5 Output/Release/Obj/ble_app_blinky_pca10040_s132/nrfx_uart.o
 .rodata.str1.1
                0x000000000002b590        0x6 Output/Release/Obj/ble_app_blinky_pca10040_s132/nrfx_uarte.o
 .rodata.ble_evt_handler.str1.1
                0x000000000002b596       0x17 Output/Release/Obj/ble_app_blinky_pca10040_s132/main.o
 .rodata.button_event_handler.str1.1
                0x000000000002b5ad       0x1a Output/Release/Obj/ble_app_blinky_pca10040_s132/main.o
 .rodata.led_write_handler.str1.1
                0x000000000002b5c7       0x23 Output/Release/Obj/ble_app_blinky_pca10040_s132/main.o
 .rodata.main.str1.1
                0x000000000002b5ea       0x26 Output/Release/Obj/ble_app_blinky_pca10040_s132/main.o
 .rodata.data_length_update.str1.1
                0x000000000002b610       0xdf Output/Release/Obj/ble_app_blinky_pca10040_s132/nrf_ble_gatt.o
 .rodata.nrf_ble_gatt_on_ble_evt.str1.1
                0x000000000002b6ef       0x60 Output/Release/Obj/ble_app_blinky_pca10040_s132/nrf_ble_gatt.o
 .rodata.str1.1
                0x000000000002b74f        0xd Output/Release/Obj/ble_app_blinky_pca10040_s132/nrf_ble_gatt.o
 .rodata        0x000000000002b75c       0x10 Output/Release/Obj/ble_app_blinky_pca10040_s132/ble_lbs.o
 .rodata.str1.1
                0x000000000002b76c        0x8 Output/Release/Obj/ble_app_blinky_pca10040_s132/nrf_sdh.o
 .rodata        0x000000000002b774        0x4 Output/Release/Obj/ble_app_blinky_pca10040_s132/nrf_sdh.o
 .rodata.sdh_req_observers